>seq0001 
-----E-DYASYIMNGIIKWGDPVTRVLDDGELLVQQTKNSD-----RTPLVSVLLEGPPHSGKTALAAKIAEESNFPFIKICSPDKMIG-----FSETAKCQAMKKIFDDAYK----------------------------------------------------------------------------------------------------SQLSCVVVDDIERLLDYVPIGPR-FS---NLVLQALLVLLKKAPPQ--------GRKLLIIGTTS----RKDVLQEMEMLN--AFSTTIHVPNIATGEQLLEALEL----LG--------------NFKDKE-RTTIAQQVKG---KKVWIGIKKLLMLIEMSLQMD-----------------PEY------RVRKFLALLREEGASPLD-----
>seq0002 
REDEEE-SLNEVGYDDVGGCRKQLAQIKEMVELPLRHPALFK--AIGVKPPRGILLYGPPGTGKTLIARAVANETGA-FFFLINGPEIMS-----KLAGESESNLRKAFEEAEK----------------------------------------------------------------------------------------------------NAPAIIFIDELDAIAP--KREKT-HGEVERRIVSQLLTLMDGLK-Q--------RAHVIVMAATN----RPNSIDP-ALRRFGRFDREVDIGIP-DATGRLEILQI----HTK-----------NMKLADDVDLEQVANETH-------GHVGADLAALCSEAALQAIRKKMDLIDLEDETIDAEVMNS-LAVTMDDFRWALSQ------------
>seq0003 
HSEMTPREIVSELDKHIIGQDNAKRSVAIALR-NRWRRMQLNEELRHEVTPKNILMIGPTGVGKTEIARRLAKLANA-PFIKVEATKFTEVGYVGKEVDSIIRDLTDAAVKMVRVQAIEKNRYRAEELAEERILDVLIPPAKNNWGQTEQQQEPSAARQAFRKKLREGQLDDKEIEKQKARKLKIKDAMKLLIEEEAAKLVNPEELKQDAIDAVEQHGIVFIDEIDKICKRG--ESSGPDVSREGVQRDLLPLVEGCTVSTKHGMVKTDH-ILFIASGAFQIAKPSDLIP-ELQG--RLPIRVELQAL-TTSDFERILTEPNASITVQYKALMATEGVNIEFTDSG-IKRIAEAAWQVNESTENIGARRLHTVLERLMEEISYDASDLS------------GQNITIDADYVSKHLDALVADEDLSRFIL
