>seq0001 
-----LVVATDTAFVPFEFKQG-DLYVGFDVDLWAAIAKELKLDYELKPMDFSGIIPALQTKNVDLALAGITITDERKKAIDFSDGYYKSGLLVMVKANNNDVKSVKDLD--GKVVAVKSGTGSVDYAKANIKTK--DLRQFPNIDNAYMELGTNRADAVLHDTPNIL-YFIKTAGNGQFKAVGDSLE-----AQQYGIAFPKGSDELRDKVNGALKTLRENGTYNEIYKKWFGTE-----
>seq0002 
AIPQKIRIGTDPTYAPFESKNAQGELVGFDIDLAKELCKRINTQCTFVENPLDALIPSLKAKKIDAIMSSLSITEKRQQEIAFTDKLYAADSRLVVAKNS-DIQP-TVASLKGKRVGVLQGTTQETFGNEHWAPKGIEIVSYQGQDNIYSDLTAGRIDAAFQDEVAASEGFLKQPVGKDYKFGGPAVKDEKLFGVGTGMGLRKEDNELREALNKAFAEMRADGTYEKLAKKYFDFDVYGG-
>seq0003 
ALPQTVRIGTDTTYAPFSSKDAKGEFIGFDIDLGNEMCKRMQVKCTWVASDFDALIPSLKAKKIDAIISSLSITDKRQQEIAFSDKLYAADSRLIAAKGS-PIQP-TLESLKGKHVGVLQGSTQEAYANDNWRTKGVDVVAYANQDLIYSDLTAGRLDAALQDEVAASEGFLKQPAGKEYAFAGPSVKDKKYFGDGTGVGLRKDDTELKAAFDKALTELRQDGTYDKMAKKYFDFNVYGDK
