>seq0001 
edpQLLVRvR-GgQLRGIRlkapg--gpvSAFLGIPFAEPPVGSRRFMPPEPKRPWSGvldATTFQNVCYQYVDTLYp-----------------gfEGtemwnpNRELSEDCLYLNVWTpY---PRPAsPTPVLIWIYGGGFYSGaasldvyDGRFLAQVE-----GAVLVSmNYRVGTFGFLALpg-sreAPGNVGLLDQRLALQWVQENIAAFGGDPMSVTLFGESAGAASVGMHilslpsrS------LFHRAVLQSGTPnGPWATVSageARRRATLLARLvGC--N--dteLIACLRTRPAQDLVDhewhvLpq----ESIfr-FSFVPVVDGDFLSDTPEALINtGDFQDLqVLVGVVKDEgsyflvygVPGFskdnesliSRAQFLAGVRIGVPQASDLAAEAVVLHyT-DwL--------HPEDpthlRDAMSAVVGDHNVVCPVAQLAGRlaaqg--ARVYAYIFEHRAStltwPlwmGVPHGyeIEFIfGlpldpslnytteerifAQRLmKYWTNFARTGDpndprdSKSPQWPPYTTAAQqYVSLNLKPl--eVRr-GLRAQTCAFWNrflpkllsat------
>seq0002 
---APTAVlNgNeVISGVLeg------kvDTFKGIPFADPPLNDLRFKHPQPFTGSYQglkANDFSPACMQLDPGNSltlldkalglakvipeefrgPLydmakgTVSMNEDCLYLNVFRpA--gTKPDaKLPVMVWIYGGAFVYGssaa--yPGNSYVKESinmgqPVVFVSiNYRTGPFGFLGGdaitaeGNTNAGLHDQRKGLEWVSDNIANFGGDPDKVMIFGESAGAMSVAHQliayggdNtyngkkLFHSAILQSGGP-LPYHDSSsvgPDISYNRFAQYaGCdTSaSandTLECLRSKSSSVLHDaqnsyDlkdlfgLLPqf-LGFGPRPDGNIIPDAAYELFRsGRYAKVpYISGNQEDEgtafapvaLNAT--------TTPHVKKWLQYIFYDASEASIDRVLSLyPqTlSvgspfrtgILNAltpqFKRVAAILSDMLFQSPRRVMLSAtk----dVNRWTYLSTHLHN---lVpflGTFHGneLIFQfNvn-----------igpANSYlRYFISFANHHDpnvg--TNLLQWDQYTDEGKeMLEIHMTDn--vMRtdDYRIEGISNFEt-dvnlyg--------
>seq0003 
-akLGSVYtE-GgFVEGVNkklslfgdsvDIFKGIPFAAAPK---ALEKPERHPGWQGtlkAKSFKKRCLQATLTQD----------------------------STYGNEDCLYLNIWVpQgrkEVSH-DLPVMIWIYGGAFLMG-lsnylyDGEEIATRG-----NVIVVTfNYRVGPLGFLSTgd--snLPGNYGLWDQHMAIAWVKRNIEAFGGDPDQITLFGESAGGASVSLQtlspynkG------LIKRAISQSGVGlCPWAIQQ--dPLFWAKRIAEKvGCpVD-DtskMAGCLKITDPRALTLayklpLgste--YPKlhyLSFVPVIDGDFIPDDPVNLYA--NAADVdYIAGTNDMDghlfvgmdVPAI-nsnkqdvTEEDFYKLVSGLTVTKGLRGAQATYEVyTePwA--------QDSSqetrKKTMVDLETDILFLIPTKIAVAQhkshaksANTYTYLFSQPSRmpiyPkwmGADHAddLQYVfGkpfatplgyraqdrtvSKAMiAYWTNFARTGDpntghsTVPANWDPYTLEDDnYLEINKQMdsnsMKl-HLRTNYLQFWTqtyqalptvtpvvigf
