>seq0001 
GIYGIGLDITELKRIASMAGRQKRFAERILTRSELDQYYELS-EKRKNEFLAGRFAAKEAFSKAFGTGIGRQLSFQDIEIRKDQNGKPYIICTKLSPAAVHVSITH-TKEYAAAQVVIER--
>seq0002 
----MKIYGIYMDRPLS--QEENERFMTFISPEKREKCRRFYHKEDAHRTLLGDVLVRSVISRQYQ------LDKSDIRFSTQEYGKPCI--PDL--PDAHFNISH-SGRWVIGAFDSQPI-
>seq0003 
-----GIDIEKTK-PIS-----LEIAKRFFSKTEYSDLLAKD-KDEQTDYFYHLWSMKESFIKQEGKG--LSLPLDSFSVRLHQDGQVSIELPDS-HSPCYIKTYEVDPGYKMAVCAAHPDF
