>seq0001 
---IGSLSQVSGVLGCQWGDEGKGKLVDILAQHFDIVARCQGGANAGHTIYNSEGKKFALHLVPSGILNEDTTCVIGNGVVVHLPGLFKEIDGLESNGVSCKGRILVSDRAHLLFDFHQEVDGLRESELAKSFIGTTKRGIGPAYSSKVIRNGIRVGDLRHMDTLPQKLDLLLSDAAARFQ---GFKYTPEMLREEVEAYKRYADRLEPYITDTVHFINDSISQKKKVLVEGGQATMLDIDFGTYPFVTSSSPSAGGICTGLGIAPSVVGDLIGVVKAYTTRVGSGPFPTENLGTGGDLLRLAGQEFGTTTGRPRRCGWLDIVALKFSCQINGFASLNLTKLDVLSDLNEIQLGVAYKRSDGTPVKSFPGDLRLLEELHVEYEVLPGWKSDISSVRNYSDLPKAAQQYVERIEELVGVPIHYIGIGPGRDALIYK------
>seq0002 
ADRVSSLSNVSGVLGSQWGDEGKGKLVDVLAPRFDIVARCQGGANAGHTIYNSEGKKFALHLVPSGILHEGTLCVVGNGAVIHVPGFFGEIDGLQSNGVSCDGRILVSDRAHLLFDLHQTVDGLREAELANSFIGTTKRGIGPCYSSKVTRNGLRVCDLRHMDTFGDKLDVLFEDAAARFE---GFKYSKGMLKEEVERYKKFAERLEPFIADTVHVLNESIRQKKKILVEGGQATMLDIDFGTYPFVTSSSPSAGGICTGLGIAPRVIGDLIGVVKAYTTRVGSGPFPTELLGEEGDVLRKAGMEFGTTTGRPRRCGWLDIVALKYCCDINGFSSLNLTKLDVLSGLPEIKLGVSYNQMDGEKLQSFPGDLDTLEQVQVNYEVLPGWDSDISSVRSYSELPQAARRYVERIEELAGVPVHYIGVGPGRDALIYK------
>seq0003 
-------GNNVVVLGTQWGDEGKGKIVDLLTERAKYVVRYQGGHNAGHTLVIN-GEKTVLHLIPSGILRENVTSIIGNGVVLSPAALMKEMKELEDRGIPVRERLLLSEACPLILDYHVALDNAREKARGAKAIGTTGRGIGPAYEDKVARRGLRVGDLFDKETFAEKLKEVMEYHNFQLVNYYKAEAV--DYQKVLDDTMAVADILTSMVVDVSDLLDQARQRGDFVMFEGAQGTLLDIDHGTYPYVTSSNTTAGGVATGSGLGPRYVDYVLGILKAYSTRVGAGPFPTELFDETGEFLCKQGNEFGATTGRRRRTGWLDTVAVRRAVQLNSLSGFCLTKLDVLDGLKEVKLCVAYRMPDGREVTTTPLAADDWKGVEPIYETMPGWSESTFGVKDRSGLPQAALNYIKRIEELTGVPIDIISTGPDRTETMILRDPFDA
