>seq0001 
---LLLGDVAPNFEANTTV-----GRIRFHDFLGDSWGILFSHPRDFTP-VTTELGRAAKLAPEFAKRNVKLIALSIDSVEDHLAWSKDINAYNSEEPTE-KLPFPIIDDRNRELAILLGMLDPAEKDEKGMPVTARVVFVFGPDKKLKLSILYPATTGRNFDEILRVVISLQLTAEKRVATPVDWKDGDSVMVLPTIPEEEAKKLFPKGVFTKELPSGKKYLRYTPQP
>seq0002 
SGNARIGKPAPDFKATAVV-DGAFKEVKLSD-YKGKYVVLFFYPLDFTF-VPTEIIAFSNRAEDFRKLGCEVLGVSVDSQFTHLAWINTPRKE----GGLGPLNIPLLADVTRRLSEDYGVLKT----DEGIA--YRGLFIIDGKGVLRQITVNDLPVGRSVDEALRLVQAFQYTDEHGEVCPAGWKPGSDTIKP---NVDDSKEYFSKHN------------------
>seq0003 
SGNAKIGHPAPSFKATAVMPDGQFKDISLSD-YKGKYVVFFFYPLDFTFVCPTEIIAFSDRAEEFKKLNCQVIGASVDSHFSHLAWINTPKKQ----GGLGPMNIPLVSDPKRTIAQDYGVLKA----DEGIS--FRGLFIIDDKGILRQITINDLPVGRSVDEILRLVQAFQFTDKHGEVCPA---------------------------------------------
