>seq0001 
AQLVDSMPSASTGSVVVTDDLNYWGGRRIKSKDGATTEPVFEPATGRVLCQMVPCGAEEVDQAVQSAQAAYL---KWSKMAGIERSRVMLEAARIIRERRDNIAKLEVINNGKTITEAE-YDIDAAWQCIEYYAGLAPTL-SGQHIQLP---GGAFAYTRREPLGVCAGILAWNYPFMIAAWKCAPALACGNAVVFKPSPMTPVTGVILAEIFHEAGVPVGLVNVVQGG-AETGSLLCHHPNVAKVSFTGSVPTGKKVMEMSAK-TVKHVTLELGGKSPLLIFKDCELENAVRGALMANFLTQGQVCTNGTRVFVQREIMPQFLEEVVKRTKAIVVGDPLLTETRMGGLISKPQLDKVLGFVAQAKKEGARVLCGGEPLTPSDPKLKNGYFMSPCVLDNCRDDMTCVKEEIFGPVMSVLPFDTEEEVLQRANNTTFGLASGVFTRDISRAHRVAANLEAGTCYINTYSI--SPVEVPFGGYKMSGFGRENGQATVDYYSQLKTVIVE-MG--------DVDSLF
>seq0002 
----------------------------------------------------------SISDTVKRAREAFNSG-KTR--SLQFRIQQLEALQRMINENLKSISGALASDLGKNEWTSYYEEVAHVLEELDTTIKELPDWAEDEPVAKTRQTQQDDLYIHSEPLGVVLVIGAWNYPFNLTIQPMVGAVAAGNAVILKPSEVSGHMADLLATLIPQY-MDQNLYLVVKGG-VPETTELLKE-RFDHIMYTGSTAVGKIVMAAAAK-HLTPVTLELGGKSPCYVDKDCDLDVACRRIAWGKFMNSGQTCVAPDYILCDPSIQNQIVEKLKKSLKDFYGEDAKQS-RDYGRIINDRHFQRVKGLID-----NQKVAHGGT-WDQS------SRYIAPTILVDVDPQSPVMQEEIFGPVMPIVCVRSLEEAIQFINQREKPLALYVFSNNEKVIKKMIAETSSGGVTANDVIVHITVPTLPFGGVGNSGMGAYHGKKSFETFSHRRSCLVKSLLNEEAHKARYPPSPA
>seq0003 
-----DVPAPLT-NLQFKYTKIFINNEWHSSVSG-KKFPVFNPATEEKLCEVEEGDKEDVDKAVKAARQAFQIGSPWRTMDASERGRLLNKLADLIERDRLLLATMEAMNGGKLFSNAYLMDLGGCIKTLRYCAGWADKI-QGRTIPMD---GNFFTYTRSEPVGVCGQIIPWNFPLLMFLWKIGPALSCGNTVVVKPAEQTPLTALHMGSLIKEAGFPPGVVNIVPGYGPTAGAAISSHMDVDKVAFTGSTEVGKLIKEAAGKSNLKRVSLELGGKSPCIVFADADLDNAVEFAHQGVFYHQGQCCIAASRLFVEESIYDEFVRRSVERAKKYVLGNPLTPGVSQGPQIDKEQYEKILDLIESGKKEGAKLECGGGPWG------NKGYFIQPTVFSDVTDDMRIAKEEIFGPVQQIMKFKSLDDVIKRANNTFYGLSAGIFTNDIDKAITVSSALQSGTVWVNCYSV--VSAQCPFGGFKMSGNGRELGEYGFHEYTEVKTVTIK-ISQKNS----------
