>seq0001 
TvPSIVL-NDGNSIPQLGYGVFKV-----PPADTQRAVEEALEvGYRHIDTAAIY---GNEEGVGAAIAAS-----GIARDDLFITTKLW-------NDRHDgdePAAAIAESLAKLALDQVDLYLVHWPT---PAA---------------DNYVHAWEKMIELRAAGLTRSIGVSNHLVPHLERIVAat--G--VVPAVNQIELHPAYQQ--REITDWAAA-hDVKIESWGPLGqgKY--------------------------------Dlfg-AEPVTAAAAAHGKTPAQAVLRWHLqKG--FVVFPKSVRRERLEENLDVFDF--DLTDTEIAAIDAMDPgdgSGRVSAHpdevd----------------------
>seq0002 
LqFYRNLgKSGLRVSCLGLGTWVTfggqiTDEMAEHLMTLAYDnGINLFDTAEVYaagKAEVVLGNIIKKK-----GWRRSSLVITTKIFwggkaetERGLSrkhIIEGLKASLERLQLEYVDVVFANRPDp-------------------NTPMEETVRAMTHVINQGMAMYWGTSRWSSMEIMEAYSvarqFNLIPPICEQAEYHMFQREkvEVQLPELFHkiGVGAMTWSPLAcgIVsgkydsgippysraslkgyqwlkdkilseegrRqqakLKELQAIAERLGCTLPQLAIAWCLrNEgvSSVLLGASNAEQLMENIGAIQVlpKLSSSIVHEIDSILGnkpY---------------------------------
>seq0003 
AaSCVLL-HTGQKMPLIGLGTWKS-----EPGQVKAAVKYALSvGYRHIDCAAIY---GNEPEIGEALKEDvgpGKAVPREELFVTSKLW-------NTKHHpedVEPALRKTLADLQLEYLDLYLMHWPYafERGDNPFPKNADGTICydSTHYKETWKALEALVAKGLVQALGLSNFNSRQIDDILS----VASVRPAVLQVECHPYLAQ--NELIAHCQA-rGLEVTAYSPLG------------------------------------Vlle-EPVVLALAEKYGRSPAQILLRWQVqRK--VICIPKSITPSRILQNIKVFDF--TFSPEEMKQLNALNK---NWRYIVP---mltvdgkrvprdAGHPLYpfndpy
