>seq0001 
--KLCFNEATTLENSNLKLDLELCEKHGYDYIEIRTDKLPEYLK----DHSLDDLAEYFQTHHIK---PLALNALV--------FFNNRDEKGHNEIITEFKG--ETCKTLGVKYVVAVPLVTEQKIVKEEIKKSSVDVLTELSDIAEPYGVKIALEFVGH---PQCTVNTFEQAYEIVNTVN-RDNVGLVLDSFHFHAGS-N----------IESLKQ-ADGKKIFIYHIDDTEDFPIGFLTDEDRVWPGQGAIDLDAHLSALKEIGF-SDVVSVELFRPEYYKLTAEEAIQTAKKTTVDVVSKYFS
>seq0002 
-PRFAANLSFT--EVPFIERFAAARKAGFDAVEFLF-PYN---------YSTLQIQKQLEQNHLT---LALFNTAPGDINAGEWGLSALPG-REHEAHADIDLALEYALALNCEQVHVAGVVPA-GEDAERYRAVFIDNIRYAADRFAPHGKRILVEALSPGVKPHYLFSSQYQALAIVEEVA-RDNVFIQLDTFHAQKVDGN----------LTHLIR-DYAGKYAHVQIAGLP----------DRHEPDDGEINYPWLFRLFDEVGY-QGWIGCEYKPR----GLTEEGLGWFDAWRG-------S
>seq0003 
MKYIGAHVSAAG---GLANAAIRAAEIDATAFALFTKNQRQWRAAPLTTQTIDEFKAACEKYHYTSAQ-ILPHDSY------LINLGHPVTEALEKSRDAFIDEMQRCEQLGLSLLNFHPGSHLMQISEEDCLARIAESINIALDKTQ--GVTAVIENTAGQ--GSNLGFKFEHLAAIIDGVEDKSRVGVCIDTCHAFAAGYDLRTPAECEKTFADFARTVGFKYLRGMHLNDAK-STFGSRVDR-HHSLGEGNIGHDAFRWIMQDDRFDGIPLILETINPDI----WAEEIAWLKAQQTE---KAVA
