>seq0001 
--------LPQMTQQLNSDDMQEQLSATVKFRQILSREHRPPIDVVIQAGVVPRLVEFMRENQPEMLQLEAAWALTNIASGTSAQTKVVVDADAVPLFIQLLYTGSVEVKEQAIWALGNVAGDSTDYRDYVLQCNAMEPILGLFNSN-----KPSLIRTATWTLSNLCRGKKPQPDWSVVSQALPTLAKLIYSMDTETLVDACWAISYLSDGPQEAIQAVIDVRIPKRLVELLSHESTLVQTPALRAVGNIVTGNDLQTQVVINAGVLPALRLLLSSP--KENIKKEACWTISNITAGN--TEQIQAVIDANLIPPLVKLLE-VAEYKTKKEACWAISNASSGGLQRPDIIRYLVSQGCIKPLCDLLEIA--------DNRIIEVTLDALENILKMGEADKEARGLNINENADFIEKAGGMEKIFNCQQNENDKIYEKAYKIIETYFG--------------------------------------
>seq0002 
NQGTVNWSVEDIVKGINSNNLESQLQATQAARKLLSREKQPPIDNIIRAGLIPKFVSFLGKTDCSPIQFESAWALTNIASGTSEQTKAVVDGGAIPAFISLLASPHAHISEQAVWALGNIAGDGSAFRDLVIKHGAIDPLLALLAVPDLSTLACGYLRNLTWTLSNLCRNKNPAPPLDAVEQILPTLVRLLHHNDPEVLADSCWAISYLTDGPNERIEMVVKKGVVPQLVKLLGATELPIVTPALRAIGNIVTGTDEQTQKVIDAGALAVFPSLLTNP--KTNIQKEATWTMSNITAGR--QDQIQQVVNHGLVPFLVGVLS-KADFKTQKEAAWAITNYTSGG--TVEQIVYLVHCGIIEPLMNLLSAK--------DTKIIQVILDAISNIFQAAEKLG-----ETEKLSIMIEECGGLDKIEALQRHENESVYKASLNLIEKYF---------------------------------------
>seq0003 
-------QVSAIVRTQNTNDVETARCTAGTLHNLSHHR--EGLLAIFKSGGIPALVK-LGSP-VDSVLFYAITTLHNLLLHQE-GAKAVRLAGGLQKV-ALLNKTNVKFLAITTDCLQILAYGNQESKLIILASGGPQALVNIRTYT-----YEKLLWTTSRVLKVLSVCS--SNKPAIVEAGGQALGLHLTDPSQRLVQNCLWTLRNLSDAA-TKQE---GEGLLGTLVQLLGSDDINVVTCAAGILSNLTCNNYKNK--VCQVGGIEALVRTVLRAGDREDITEPAICALRHLTSRHQEAEAQNAVRLHYGLPVVVKLLHPPSHWPLIKATVGLIRNLALC----PANHAPLREQGAIPRLVQLLVRAHQDTQRGVREEIVEGCTGALHILARD------------VHNRIVIRGLNTIPLFVQLLYSPIENIQRVAAGVLCELAQDKEAAEAIEAEGATAPLTELLHSRNEGVATYAAAVLFR
