>seq0001 
-TTSSVILTNY-MDTQYYGEIGIGTPPQTFKVVFDTGSSNvWVpSSKCSrlytacvYHKLFDASDSSSYKHN-GTELTLRYS-TGTVSGFLSQDIITVGGITVT-QMFGEVTEmPalpfmlA------EFDGVVGMGFIEQAigr------VTPIFDNIISQGVLKEDVFSFYyNRDSeLGGQIVLGGSDPQHyegnfHYINLIK----TGVWQIQMkGVSVGS-sTLLcedgCLALVDTGASYISGSTSSIEKLMEAl--GAKK-R-LFdYVVkcnegptL-PDISFHLG-------GKEYTLTsadyVFQesysskKLCTLAIHAMdipppTGPTWALGATFIRKFYTEFDRRNNRIGFALaR------
>seq0002 
-GSVDTPGLYDfDLEEYAIPVSIGTPGQDFYLLFDTGSSDtWVpHKGCD-nsegcvGKRFFDPSSSSTFKET-DYNLNITYG-TGGANGIYFRDSITVGGATVKQQTLAYVDNvSg-ptaeQspdselFLDGIFGAAYPDNTameaeygdtYNTVHVNLYKQGLISSPVFSVYmNTND-GGGQVVFGGVNNTLlggdiQYTDVLKsrggYFFWDAPVtGVKIDGsdAVSfdgaQAFTIDTGTNFFIAPSSFAEKVVKAalpDATEsQ--QgYTVpcskyqdSkTTFSLVLQksgsssdTIDVSVPiskmLLPvdksg-ETCMFIVLPD-----GGNQFIVGNLFLRFFVNVYDFGKNRIGFAPlAsgyend
>seq0003 
aASGVATNTPTaNDEEYITPVTIG--GTTLNLNFDTGSADlWVfSTELP--asqqsGHSVYNPSA--TGKELsGYTWSISYGdGSSASGNVFTDSVTVGGVTAHGQAVQAAQQiS-aqfqqDt-----NNDGLLGLAFSSINtvqp---qsQTTFFDTVKS--SLAQPLFAVAlKHQ--QPGVYDFGFIDSSKytgslTYTGVDNs---QGFWSFNVdSYTAGS--QSG--dgFSGIADTGTTLLLLDDSVVSQYYSQvs-GAQQdSnAGgYVFdcs-t-nL-PDFSVSIS-------GYTATVPgsliNYGpsgdg-STCLGGIQSNs----GIGFSIFGDIFLKSQYVVFDSDGPQLGFAPqA------
