>seq0001 
-MKIGIFDS-G-VGGLTVLKAIRNRYR------KVDIVYLG---DTARVPYGI--R---SKDTIIRYSLECAGFLKDKGVDIIVVACNTASAYALERLKKEI-NVPVFGVIEPGVKEALKKSR
>seq0002 
NKKIGVIGTPATVKSGAYQRKLEEG--------GADVFAKACPLFAPLAEEGLLE-----GEITRKVVEHYLKEFK-GKIDTLILGCTHYPL-LKKEIKKFLGDAEVVDSSEALSLSLHNFIK
>seq0003 
MKTIGILGGMGPLATAELFRRIVIKTPAKRDQEHPKVIIFN---NPQIPDRTA--YILGKGEDPRPQLIWTAKRLEECGADFIIMPCNTAHA-FVEDIRKAI-KIPIISMIEETAKKVKELG-
