>seq0001 
MNKWNYGVFFVNFYNKGQQEPSKTMNNALETLRIIDEDTSIYDVINIDDHYLVKKDS---------------------------------------------EDKKLAPFITLG-----------------------------------------------------------EKLYVLATSENTVDIAAKYALPLVFKWDDINEERLKLLSFYNASASKYNKNIDLVRHQLMLHVNVNEAETVAKEELKLYIENYVACTQPS-NFNGSIDSIIQSNVTGSYKDCLSYVANLAGKFDNTVDFLLCFESMQDQNKKKSVMIDLNNQVIKFRQDNNLI
>seq0002 
---MKFGNFLLTY-QPPELSQTEVMKRLVNLGKASEGC--GFDTVWLLEHHFTEFGLLGNPYVAAAHLLGATETLNVGTAAIVLPTAHPVRQAEDVNLLDQMSKGRFRFGICRGLYDKDFRVFGTDMDNSRALMDCWYDLMKEGFNEGYIAADNEHIKFPKIQLNPSAYTQGGAPVYVVAESASTTEWAAERGLPMILSWIINTHEKKAQLDLYNEVATEHGYDVTKIDHCLSYITSVDHDSNRAKDICRNFLGHWYDSYVNATKIF-RIDYSYEINPVGTPEECIAIIQQDIDAT-GIDNICCGFEANGSEEEIIASMKLFQSDVMPYLKEKQ--
>seq0003 
---MKFGLFFLNF-MNSKRSSDQVIEEMLDTAHYVDQL--KFDTLAVYENHFSNNGVVGAPLTVAGFLLGMTKNAKVASLNHVITTHHPVRVAEEACLLDQMSEGRFAFGFSDCEKSADMRFFNRPTDSQFQLFSECHKIINDAFTTGYCHPNNDFYSFPKISVNPHAFTEGGPAQFVNATSKEVVEWAAKLGLPLVFRWDDSNAQRKEYAGLYHEVAQAHGVDVSQVRHKLTLLVNQNVDGEAARAEARVYLEEFVRESYSNTDFEQKMGELLSENAIGTYEESTQAARVAIECC-GAADLLMSFESMEDKAQQRAVIDVVNAN-IV--------
