>seq0001 
ALTKAEMSEYLFDKLG-LSKRDAKELVELFFEEIRRALENGEQVKLSGFGNFDLRDKNQRPGRNPKTGEDIPITARRVVTFRPGQKLKSRVENASPK----
>seq0002 
-MTKSELIERLATQQSHIPAKTVEDAVKEMLEHMASTLAQGERIEIRGFGSFSLHYRAPRTGRNPKTGDKVELEGKYVPHFKPGKELRDRANIYG------
>seq0003 
-MNKTELIKAIAQDTE-LTQVSVSKMLASFEKITTETVAKGDKVQLTGFLNIKPVARQARKGFNPQTQEALEIAPSVGVSVKPGESLKKAAEGLKYEDFAK
