>seq0001 
eisGhiVrSPM-----VgTFYrtpspdakAFIEVGQKVNVGDtlCIVEAMKMmnqieADKSGtvkaiLVESGQPVEFDEplVViE----
>seq0002 
---AidIkAPTFPesIAdGTVat------WHKKPGEAVKRDEliVDIETDKVvmevlAEADGviaeiVKNEGDTVLSGEllGKlTEG-g
>seq0003 
--sSvdIlVPDLPesVAdATVat------WHKKPGDAVVRDEvlVEIETDKVvlevpASADGildavLEDEGTTVTSRQilGRlREGN-
