>seq0001 
--------------------------MKVEVlpalt------dnymYLVIDDetKEAAIVDPV----qPQKVVDAARK-hGVk---LTTVLTTHHHWDHAGGNEKLVKlesGLKVYGgdd---------------------rIGALTHKiTHlsTLQVGSLNVKCLaT-PCHTSGHiCYFVskpg-gseppAVFTgDTLFVa---GCGKFYEG--tadeMCKALLEVLgrlpPDTRVYCGHeytinnlkfarhvep--------gnAAIREKLAWAKEKYSIgeptvpstlaeeftynpfmrvrektvqqhagetdpvttmravrrekdqfkmprd
>seq0002 
evplpqlraytvdaswlqPmapLQiaDHTWQigte-------dltaLLVQTP--DGAVLLDGGM-pqmASHLLDNMKA-rGVtprdLRLILLSHAHADHAGPVAELKRrt-GAKVAAnaesAVLLArGGsddlhfgdgitypPANADRIvMDgeVITVGGIVFTAHfM-AGHTPGStAWTWtdtrngkpvrIAYAdSLSAP-gy-QLQGNPRYphliedYRRSFATVRal--PCDVLLTPHpgasnwdyaaga---ragakaltckAYADAAEQKFDGQLAKetag--------------------------------------------------
>seq0003 
--------ksvkisd---DisiTQlsDKVYTyvslaeiegmvpsngMIVINN--HQAALLDTPIndaqTETLVNWVADslHAk---VTTFIPNHWHGDCIGGLGYLQKk--GVQSYAnqmtIDLAKeKG-------------LPVPEHGfTDslTVSLDGMPLQCYyLgGGHATDNiVVWLpt------enILFGgCMLKDnqatSIGNISDA--dvtaWPKTLDKVKakfpSARYVVPGHg-------------------dyggtELIEHTKQIVNQYIEStskp--------------------------------------------------
