>seq0001 
-----------------------RGPHDAAIQNILTELQNHAAAWPFLQPVNKEEVPDYYDFIKEPMDLSTMEIKLESNKYQKMEDFIYDARLVFNNCRMYNGENTSYYKYANRLEKFFNNKVKEIP-EYSHLI-----
>seq0002 
GTTVHCDYLNRPHKSIHRRRTDPMVTLSSILESIINDMRDLPNTYPFHTPVNAKVVKDYYKIITRPMDLQTLRENVRKRLYPSREEFREHLELIVKNSATYNGPKHSLTQISQSMLDLCDEKLKEKEDKLARLEKAINP
>seq0003 
-----------------------GDQLYTTLKNLLAQIKSHPSAWPFMEPVKKSEAPDYYEVIRFPIDLKTMTERLRSRYYVTRKLFVADLQRVIANCREYNPPDSEYCRCASALEKFFYFKLKEG-------------
