>seq0001 
--ERRGRIYIQAHIDR---EVLIVVVRDAKNLVPMDP--NGLSDPYVKLKLIPDPKSESKQKTKTIKCSL-NPEWNETFRFQLK-ESDKDRRLSVEIWDWDLTSRNDFMGSLSFGISELQ-KAGVDGWFKLLSQEEGEYFNV
>seq0002 
DQHPSATLFVKISIQDWRPERLRVRIISGQQLPKVNKNKNSIVDPKVIVEIHGVGRDTGSRQTAVITNNGFNPRWDMEFEFEVT--VPDLALVRFMVEDYDSSSKNDFIGQSTIPWNSLKQ---GYRHVHLLSKNG------
>seq0003 
--EKLGKLQYSLDYDFQN-NQLLVGIIQAAELPALDM--GGTSDPYVKVFLLP--DKKKKFETKVHRKTL-NPVFNEQFTFKVPYSELGGKTLVMAVYDFDRFSKHDIIGEFKVPMNTVDFGHVTEEWRDLQSA--------
