>seq0001 
DSLAPEDGSHRPAAEPTPPGAQPTAPGSLKAPDTRNEKLNSLEDVRKGSENYALTTNQGVRIADDQNSLRAGSRGPTLLEDFILREKITHFDHERIPERIVHARGSAAHGYFQPYKSLSDITKADFLSDPNKITPVFVRFSTCQGGAGSADTVRDIRGFATKFYTEEGIFDLVGNNTPIFFIQDAHKFPDFVHAVKPEPHWAIPQGQSAHDTFWDYVSLQPETLHNVMWAMSDRGIPRSYRTMEGFGIHTFRLINAEGKATFVRFHWKPLAGKASLVWDEAQKLTGRDPDFHRRELWEAIEAGDFPEYELGFQLIPEEDEFKFDFDLLDPTKLIPEELVPVQRVGKMVLNRNPDNFFAENEQAAFHPGHIVPGLDFTNDPLLQGRLFSYTDTQISRLGGPNFHEIPINRPT-CPYHNFQRDGMHRMG-IDTNPANYEPNSINDNWPRETPPGPKRGGFESYQERVEGNKVRERSPSFGEYYSHPRLFWL-SQTPFEQRHIVDGFSFELSKVVRPYIRERVVDQLAHIDLTLAQAVAKNLGIELTDDQLNITPPPDVNGLKKDPSLSLYAIPDGDVKGRVVAILLNDEVRSADLLAILKALKAKGVHAKLLYSRMGEVTADDGTVLPIAATFAGAPSLTVDAVIVPCGNIADIADNGDANYYLMEAYKHLKPIALAGDARKFKATIKIADQGEEGIVEADSADGSFMDELLTLMAAHRVWSRIPKIDKIPA
>seq0002 
---------------------------------------------------KKLTTAAGAPVVDNNNVITAGPRGPMLLQDVWFLEKLAHFDREVIPERR-HAKGSGAFGTFTVTHDITKYTRAKIFSEVGKKTEMFARFSTVAGERGAADAERDIRGFALKFYTEEGNWDMVGNNTPVFYLRDPLKFPDLNHIVKRDPRTNM----RNMAYKWDFFSHLPESLHQLTIDMSDRGLPLSYRFVHGFGSHTYSFINKDNERFWVKFHFRCQQGIKNLMDDEAEALVGKDRESSQRDLFEAIERGDYPRWKLQIQIMPEKEASTVPYNPFDLTKVWPHADYPLMDVGYFELNRNPDNYFSDVEQAAFSPANIVPGISFSPDKMLQGRLFSYGDAHRYRL-GVNHHQIPVNAPK-CPFHNYHRDGAMRVDGNSGNGITYEPNS--GGVFQEQPDF------KEPPLSIEGAADHWNHREDEDYFSQPRALYE-LLSDDEHQRMFARIAGELSQA-SKETQQRQIDLFTKVHPEYGAGVEKAIKVLE-------------------------------------------------------------------------------------------------------------------------------------------------------------------------------------------
>seq0003 
--------------------NRDPASDQMK-------HWKEQRAAQKP---DVLTTGGGNPVGDKLNSLTVGPRGPLLVQDVVFTDEMAHFDRERIPERVVHAKGAGAFGYFEVTHDITRYSKAKVFEHIGKRTPIAVRFSTVAGESGSADTVRDPRGFAVKFYTEDGNWDLVGNNTPIFFIRDALLFPSFIHSQKRNPQTHL----KDPDMVWDFWSLRPESLHQVSFLFSDRGIPDGHRHMDGYGSHTFKLVNADGEAVYCKFHYKTDQGIKNLSVEDAARLAHEDPDYGLRDLFNAIATGNYPSWTLYIQVMTFSEAEIFPFNPFDLTKVWPHGDYPLIPVGKLVLNRNPVNYFAEVEQLAFDPSNMPPGIEPSPDKMLQGRLFAYPDTHRHRL-GPNYLQIPVNCPYRARVANYQRDGPMCMMDNQGGAPNYYPNS--FSAPEHQPSA------LEHRTHFSGDVQRFNSAND-DNVTQVRTFYLKVLNEEQRKRLCENIAGHLKDA-QLFIQKKAVKNFSDVHPEYGSRIQALLDKYN-------------------------------------------------------------------------------------------------------------------------------------------------------------------------------------------
