>seq0001 
-----------VIPPISCPENEKGEFPKNLVQIKS--N-RDKET---KVFYSITGQGADKPPVGVFIIERETGWLKVTQP-LDREAIAKYILYSHAVSSN-GEAVEDPMEIVITVT-
>seq0002 
DQNDNRPEFTQEVFEGSVAEGA--VPGTSVMKVSATDADDDVNTYNAAIAYTIVSQDPELPHKNMFTVNRDTGVISVLTSGLDRESYPTYTLVVQAADLQGEGL-STTAKAVITVKD
>seq0003 
-------GSDWVIPPINLPENSRGPFPQELVRIRS--G-RDKNL---SLRYSVTGPGADQPPTGIFIINPISGQLSVTKP-LDRELIARFHLRAHAVDIN-GNQVENPIDIVINVID
