>seq0001 
-----YSEEEKYAFVNWINKALENDPDCRHVIPMNPNTDDLFKAVGDGIVLCKMINLSVP----DTIDERAINKKKLTPFIIQENLNLALNSASAI-GCHVVNIGAEDLR--AGKPHLVLGLLWQIIKIGLFADIELSRNEAL
>seq0002 
TLEELMKLSPEELLLRWANFHLENSGWQ----KIN----NFSADIKDSKAYFHLLNQIAPKGQKEGEPRIDINMSGFNETDDLKRAESMLQQADKL-GCRQ-FVTPADVV--SGNPKLNLAFVANLFN---------------
>seq0003 
----LQQTNSEKILLSWVRQTTRPYSQV----NVL----NFTTSWTDGLAFNAVLHRHKP----DLFSWDKVVKM-----SPIERLEHAFSKAQTYLGIEK-LLDPEDVAVRLPDKKSIIMYLTSLFEVL-------------
