>seq0001 
-----------------------------------EPTIHKGLAGVTADVTAISKVNSDTNSLLYRGYPVQELAA---------KCSFEQVAYLLWNSELPNDSELKAFVNFERSHRKLDENVKGAIDLLSTACHPMDVARTAVSVLGANHARAQ-------D-SSPEANLEKAMSLLATFPSVVAYDQRRRR--GEELIEPREDLDYSANFLWMTFGEEAAPEVVEAFNVSMILYAEHS-FNASTFTARVITSTLADLHSAVTGAIGALKGPLHGGANEAVMHTFEEIGIRKDESLDEAATRSKAWMVDALAQKKKVMGFGHRVYKNGDSRVPTMKSALDAMIKHYDRPEMLGLYNGLEAAMEEAK-------QIKPNLDYPAGPTYNLMGF-DTEMFTPLFIAARITGWTAHIMEQVA-DNALIRPLSEYNGPEQRQVP-----------
>seq0002 
--------------------------------------LAKGLEDVYIDQTNICYIDGKEGKLYYRGYSVEELAE---------LSTFEEVVYLLWWGKLPSLSELENFKKELAKSRGLPKEVIEIMEALPKNTHPMGALRTIISYLGNIDDSGD-------IPVTPEEVYRIGISVTAKIPTIVANWYRIKN--GLEYVPPKEKLSHAANFLYMLHGEEPPKEWEKAMDVALILYAEHE-INASTLAVMTVGSTLSDYYSAILAGIGALKGPIHGGAVEEAIKQFMEIG---------SPEKVEEWFFKALQQKRKIMGAGHRVYKTYDPRARIFKKYASKLGD----KKLFEIAERLERLVEEYLSK----KGISINVDYWSGLVFYGMKI-PIELYTTIFAMGRIAGWTAHLAEYVS-HNRIIRPRLQYVGEIGKKYLPIELRR-----
>seq0003 
STNLKDVLASLIPKEQARIKTFRQQHGNTAVGQITVDMSYGGMRGMKGLIYETSVLDPDE-GIRFRGFSIPECQKLLPKAGGGEEPLPEGLFWLLVTGQIPTPEQVSWVSKEWAKRAALPSHVVTMLDNFPTNLHPMSQLSAAITALNSESNFARAYAEGINRTKYWEFVYEDAMDLIAKLPCVAAKIYRNLYRAGSSIGAIDSKLDWSHNFTNMLGYT--DPQFTELMRLYLTIHSDHEGGNVSAHTSHLVGSALSDPYLSFAAAMNGLAGPLHGLANQEVLLWLSQLQK--DLGADASDEKLRDYIWNTLNSGRVVPGYGHAVLRKTDPRYTCQREFALKHLP---SDPMFKLVAQLYKIVPNVLLEQGKAKNPWPNVDAHSGVLLQYYGMTEMNYYTVLFGVSRALGVLAQLIWSRALGFPLERPKSMS---------TAGLEKLSAGG
