>seq0001 
--------------------------------------------------------------------------------HDAGGTKIFGFWIYLMSDCILFSILFATYAVLVNG------------TAGGPTGKDI-FELPFVLVETFLLLFSSITYGMAAIAMYKNNKSQVISWLALTWLFGAGFIGMEIYEFHHLIVNGMGPDRSGFLSAFFALVGTHGLHVTSGLIWMAVLMVQIARRGLTSTNRTRIMCLSLFWHFLDVVWICVFTVVYLMGA
>seq0002 
AHVKNHDYQILPPSIWPFFGAIGAFVMLTGAVAWMKGITFFGLPVEGPWMFLIGLVGVLYVMFGWWADVVNEGE-TGEHTPVVRIGLQYGFILFIMSEVMFFVAWFWAFIKNALYPMGPDSPIKDGVWPPEGIVTFDPWHLPLINTLILLLSGVAVTWAHHAFVL-EGDRKTTINGLIVAVILGVCFTGLQAYEYSHA--AFGL-ADTVYAGAFYMATGFHGAHVIIGTIFLFVCLIRLLKGQMTQKQHVGFEAAAWYWHFVDVVWLFLFVVIYIWGR
>seq0003 
MTHQTHAYHMVNPSPWPLTGALSALLMTSGLTMWFHF--------NSMTLLMIGLTTNMLTMYQWWRDVIRESTFQGHHTPAVQKGLRYGMILFIISEVLFFTGFFWAFYHSSLAPT-PELG---GCWPPTGIHPLNPLEVPLLNTSVLLASGVSITWAHHSLM--EGDRKHMLQALFITITLGVYFTLLQASEYYEA--PFTI-SDGVYGSTFFVATGFHGLHVIIGSTFLIVCFFRQLKFHFTSNHHFGFEAGAWYWHFVDVVWLFLYVSIYWWGS
