>seq0001 
TTG---HSYEKYNNWETIEAWTEQVTSKNPDLISRSAIGTTFDGDNIYLLKVGKP---GSNKPAIFMDCGFHAREWISQAFCQWFVRDAVRTYGYEAHMTEFLDNLDFYVLPVLNIDGYIYTWTK--NRMWRKTRSTNAGSSCTGTDPNRNFNAGWCTV-GASVNPCNETYCGSAAESEKETKALADFIRNNL----SSIKAYLTIHSYSQMILYPYSYDYK-LPE-----NDAELNSLAKGAVKELASLYGTSYSYGPGSTTIYPAAGGSDDWAYNQGIKYSFTFELRDKG-RFGFVLPESQIQATCQETMLAVKYVTNYTLEHL-------
>seq0002 
-DFPSYDS--GYHNYNEMVNKINTVASNYPNIVKKFSIGKSYEGRELWAVKISDNVGTDENEPEVLYTALHHAREHLTVEMALYTLDLFTQNYNLDSRITNLVNNREIYIVFNINPDGGEYDISSGSYKSWRKNRQPNSGSSYVGTDLNRNYGYKWGCCGGSSGSPSSETYRGRSAFSAPETAAMRDFINSRVVGGKQQIKTLITFHTYSELILYPYGYTYTDVPSDMTQDDFNVFKTMANTMAQTN----G--YTPQQASD-LYITDGDMTDWAYGQHKIFAFTFEMYPTSYNPGFYPPDEVIGRETSRNKEAVLYVAEKADCPYSVIGKSC
>seq0003 
ARSTNTFNYATYHTLDEIYDFMDLLVAEHPQLVSKLQIGRSYEGRPIYVLKFSTG---GSNRPAIWIDLGIHSREWITQATGVWFAKKFTEDYGQDPSFTAILDSMDIFLEIVTNPDGFAFTHSQ--NRLWRKTRSVTSSSLCVGVDANRNWDAGFGKA-GASSSPCSETYHGKYANSEVEVKSIVDFVKDHG-----NFKAFLSIHSYSQLLLYPYGYTTQ-SIP-----DKTELNQVAKSAVEALKSLYGTSYKYGSIITTIYQASGGSIDWSYNQGIKYSFTFELRDTG-RYGFLLPASQIIPTAQETWLGVLTIMEHTLNN--------
