>seq0001 
---RFQHAVERLKLKQPANATVT---AIEMAVEKAKEIGYPLVVRA-------AMEIVYDEADLRRYFQT--------AVLLDHFLDDAVEVDVDAICDG-EMVLIGGIMEHIEQAGVHSGDSACSLPAYTLSQEIQDVMRQQVQKLAFELQV-RGLMNVQFAVK--NNEVYLIEVNPRAARTVPFVSKATGVPLAKVAARVMAGKSLAEQG---------VTKEVIPPYYSVKEVVLPFNKFPGVDPLLGPEMRSTGEVMGVGRTFAEAFAKAQLGS
>seq0002 
DRRRFDVAMKKIGLETARSGIAH---TMEEALAVAADVGFPCIIRPSFTMGGSGGGIAYNREEFEEICARGLDLSPTKELLIDESLIGWKEYEMEVVRDKNDNCIIVCSIENFDAMGIHTGDSITVAPAQTLTDKEYQIMRNASMAVLREIGVETGGSNVQFAVNPKNGRLIVIEMNPRVSRSSALASKATGFPIAKVAAKLAVGYTLDELMNDITGGRTPASFEPSIDYVVTKIPRFNFEKFAGANDRLTTQMKSVGEVMAIGRTQQESLQKALRGL
>seq0003 
DKVSAIAAMKKAGVPCVPGSDGPLGDDMDKNRAIAKRIGYPVIIKRG-------MRVVRGDAELAQSISMTRAEA--KMVYMEKYLENPRHVEIQVLADGQGNAIYLAERDCSMQRRHQ--KVVEEAPAPGITPELRRYIGERCAKACVDIGY-RGAGTFEFLFE--NGEFYFIEMNTRIQVEHPVTEMITGVDLIKEQLRIAAGQPLS----------IKQEEVHV---------------------------------------------------
