>seq0001 
ATAAEIAALPRQKVELVDPPFVHAHSQVAEGGPKVVEFTMVIEEKKIVIDDAGTEVHAMAFNGTVPGPLMVVHQDDYLELTLINPETNTLMHNIDFHAATGALGGGGLTEINPGEKTILRFKATKPGVFVYHCAPPGMVPWHVVSGMNGAIMVLPREGLHDGKGKALTYDKIYYVGEQDFYVPRDENGKYKKYEAPGDAYEDTVKVMRTLTPTHVVFNGAVGALTGDKAMTAAVGEKVLIVHSQANRDTRPHLIGGHGDYVWATGKFNTPPDVDQETWFIPGGAAGAAFYTFQQPGIYAYVNHNLIEAFELGAAAHFKVTGEWNDDLMTSVLAPSG-
>seq0002 
----DADKLPHTKVTLVAPPQVHPHEQATKSGPKVVEFTMTIEEKKMVIDDKGTTLQAMTFNGSMPGPTLVVHEGDYVQLTLVNPATNAMPHNVDFHGATGALGGAKLTNVNPGEQATLRFKADRSGTFVYHCAPEGMVPWHVVSGMSGTLMVLPRDGLKDPQGKPLHYDRAYTIGEFDLYIPKGPDGKYKDYATLAESYGDTVQVMRTLTPSHIVFNGKVGALTGADALTAKVGETVLLIHSQANRDTRPHLIGGHGDWVWETGKFANPPQRDLETWFIRGGSAGAALYTFKQPGVYAYLNHNLIEAFELGAAGHIKVEGKWNDDLMKQIKAPAPI
>seq0003 
----DISTLPRVKVDLVKPPFVHAHDQVAKTGPRVVEFTMTIEEKKLVIDREGTEIHAMTFNGSVPGPLMVVHENDYVELRLINPDTNTLLHNIDFHAATGALGGGALTQVNPGEETTLRFKATKPGVFVYHCAPEGMVPWHVTSGMNGAIMVLPRDGLKDEKGQPLTYDKIYYVGEQDFYVPKDEAGNYKKYETPGEAYEDAVKAMRTLTPTHIVFNGAVGALTGDHALTAAVGERVLVVHSQANRDTRPHLIGGHGDYVWATGKFRNPPDLDQETWLIPGGTAGAAFYTFRQPGVYAYVNHNLIEAFELGAAGHFKVTGEWNDDLMTSVVKPASM
