>seq0001 
LPRNT---NCGGILKEESGVIATYYGPKTNCVWTIQMPPEYHVRVSIQYLQLNCNKESLEIIDGLPGSPVLGKICEGSLMDYRSSGSIMTVKYIREPEHPASFYEVLYFQDPQA
>seq0002 
-LDYH---ACGGRLTDDYGTIFTYKGPKTECVWTLQVDPKYKLLVSIPTLNLTCGKEYVEVLEGAPGSKSLGKFCEGLSILNRG-SSGMTVKYKRDSGHPASPYEIIFLRDSQG
>seq0003 
-ARINGPDECGRVIKDTSGSISNTDRQKNLCTWTILMKPDQKVRMAIPYLNLACGKEYVEVFDGLLSGPSYGKLCAGAAIVFLSTANTMTIKYNRISGNSSSPFLIYFYGSSP-
