>seq0001 
-mskkdrrRVFLDVtidgnlaGRIVMELYNDIAPRTCNNFLMLCTGmagtgkisgkpLHYKGSTfhRVIKNFMIQGGDFTkGDGTGGESIygGMFDDEEFVMKHDEPFVVSMANK-GPNTNGSQFFITTTPAPHLNN-----IHVVFGKVVSGQEVVTKIEYLKTNS----KNRPLADvVILNCGElv------------
>seq0002 
---akgdpHVLLTTs-----aGNIELELDKQKAPVSVQNFVDYVNS-----------GFYNNTTfhRVIPGFMIQGGGFT-EQMQQKKPN--PPIKNEADNGLRNTRGTIAMARTaDKDSATSQFFINVADNAFLDHgqrdfGYAVFGKVVKGMDVADKISQVPTHDvgpyQNVPSKPvVILSAKVlp------------
>seq0003 
krgpsvtdKVFFDVrigdkdvGRIVIGLFGNVVPKTVENFVALATGekg--------YGYKGSIfhRVIKDFMIQGGDFTaRDGTGGMSIygETFPDENFKLKHYGIGWVSMANA-GPDTNGSQFFITLTKPTWLDG-----KHVVFGKVLDGMTVVHSIELQATDG----HDRPLTDcTIVNSGKidvktpfvvevpdw
