>seq0001 
APAAVDwrar---GAVTAVKDQG---QCGSCWAFSAIGNVECQWFLAgH---PLTNLSEQMLVSCDKTDSgcsGGLMNNAFEWIVQennGAvyTEDSYPYASgegISPPCTtsgh----------------tvgaTitGHVELPQ-DEAQIAAWLAVnGPVAVAVDAs--SWMtYTGGVMT--SCVSe-ALDHGVLLVGYNDS-aAVPYWIIKNSWTTQWGEEGYIRIAKG--------sNQCLVKEEASSAVvG-
>seq0002 
LPKSWDwrnvdgvNYASITRNQHipqYCGSCWAHASTSAMADRINIKrKgawPSTLLSVQNVIDCGNAGS-ceGGNDLSVWDYAHQ---HGipDETCNNYQAk---DQECDkfnqcgtcnefkechairnytl-wRvgDYGSLS--GREKMMAEIYAnGPISCGIMA-TERLAnYTGGIYAEyQDT--tYINHVVSVAGWGISD-GTEYWIVRNSWGEPWGERGWLRIVTSTykdgKgarYNLAIEEHCTFGDpIv
>seq0003 
IPEYVDwrqk---GAVTPVKNQG---SCGSCWAFSAVVTIEGIIKIRtG---NLNEYSEQELLDCDRRSYgcnGGYPWSALQLVAQ---YGihYRNTYPYEG---VQRYCRsrekg---------------pyaaKtdGVRQVQPyNEGALLYSIAN-QPVSVVLEAaGKDFQlYRGGIFVG-PCGN--KVDHAVAAVGYGP-----NYILIKNSWGTGWGENGYIRIKRGT----GnsyGVCGLYTSSFYPVkN-
