>seq0001 
-------KLDTQLVNAGRS--KKYTLGAVNSVIQRASSLVFDSVEAKKHATRNRANGELFYGRRGTLTHFSLQQAMCELEGGAGCVLFPCGAAAVANSILAFIEQGDHVLMTNTAYEPSQDFCSKILSKLGVTTSWFDPLIGADIVKHLQP-NTKIVFLESPGSITMEVHDVPAIVAAVRSVVPDAIIMIDNTWAAGVLFKALDFGIDVSIQAAT-YLVGHSDAMIGTAVC-NARCWEQLRENAYLMGQMVDADTAYITSRGLRTLGVRLRQHHESSLKVAEWLAEHPQVARVNHPALPGSKGHEFWKRDFTGSSGLFSFVLKKKLNNEELANYLDNFSLFSMAYSWGGYESLILANQPEHIAAIRPQ---GEIDFSGTLIRLHIGLEDVDDLIADLDAGFARIV--
>seq0002 
------RKQATIAVRSGLNDDEQY--GCVVPPIHLSSTYNFTGF--------NEPR-AHDYSRRGNPTRDVVQRALAELEGGAGAVLTNTGMSAIHLVTTVFLKPGDLLVAPHDCYGGSYRLFDSLAKRGCYRVLFVDQGDEQALRAALA-EKPKLVLVESPSNPLLRVVDIAKICHLAREV--GAVSVVDNTFLSPALQNPLALGADLVLHSCT-YLNGHSDVVAGVVIAKDPDVVTELAWWANNIGVTGGAFDSYLLLRGLRTLVPRMELAQRNAQAIVKYLQTQPLVKKLYHPSLPENQGHEIAARQQKGFGAMLSFELDG--DEQTLRRFLGGLSLFTLAESLGGVESLISH-AATMTHAGMAPEARAAAGISETLLRISTGIEDGEDLIADLENGFRAANKG
>seq0003 
KYASFLNSDGSVAIHAGERLGRGIVTDAITTPVVNTSAYFFNKTSELIDFKEKRRA-SFEYGRYGNPTTVVLEEKISALEGAESTLLMASGMCASTVMLLALVPAGGHIVTTTDCYRKTRIFIETILPKMGITATVIDPADVGALELALNQKKVNLFFTESPTNPFLRCVDIELVSKLCHEK--GALVCIDGTFATPLNQKALALGADLVLHSATKFLGGHNDVLAGCISG-PLKLVSEIRNLHHILGGALNPNAAYLIIRGMKTLHLRVQQQNSTALRMAEILEAHPKVRHVYYPGLQSHPEHHIAKKQMTGFGGAVSFEVDG--DLLTTAKFVDALKIPYIAPSFGGCESIVDQ-PAIMSYWDLSQSDRAKYGIMDNLVRFSFGVEDFDDLKADILQALDSI---
