>seq0001 
--TLPvfTleQVAEHHSPD-DCWMAIHGKVYDLTPYvpnHPGPaGMMlvwCGQESTEAWetksygepHSSLAARLLqryLIGTl----------
>seq0002 
skAVKyyTleEIQKHNNSK-STWLILHYKVYDLTKFleeHPGGeEVLreqAGGDATENFedv----gHSTDARELSktfIIGElhpddrskit-
>seq0003 
--SYPeyTreEVGRHRSPEeRVWVTHGTDVFDVTDFvelHPGGpDKIllaAGGALEPFWaly--avhGEPHVLELLqqyKVGElspdeapapda
