>seq0001 
--qeGDPEAGAKAfn-qcQTCHVIVDdsgttiaGRNAKTGPNLYGVVGRTAGTQADFKgYGEGMKEAgakGLAWDEEHFVQYVQDPTKFLKeytgdakaKGKMTF-KLKKEADAHNIWAYLQQvAVrp
>seq0002 
sappGDPVEGKHLfhticITCHTDIK-------G-ANKVGPSLYGVVGRHSGIEPGYN-YSEANIKS---GIVWTPDVLFKYIEHPQKIVP--------GTKMGYpGQPDPQKRADIIAYLETlK---
>seq0003 
----GDVAKGKKTfvqkcAQCHTVEN-------GGKHKVGPNLWGLFGRKTGQAEGYS-YTDANKSK---GIVWNNDTLMEYLENPKKYIP--------GTKMIFaGIKKKGERQDLVAYLKSaTS--
