>seq0001 
---------------------------------------------------EKFLVIAGPCAIESEELLLKVGEEIKRLSEKFK-EVEFVFKSSFDKANRSSIHSFRGH--------------GLEYGVKALRKVKEEFGLKITTDIHESWQAEPVAEVADIIQIPAFLCRQTDLLLAAAKTGRAVNVKKGQFLAPWDTKNVVEKLKFG------------------GAKEIYLTERGTTFGYNNLVVDFRSLPIMKQW-------AKVIYDATHSVQLPGGL-----GDKSGGMREFIFPLIRAAVAV------GCDGVFMETHPE-------PEKALSDASTQLPLSQLEGIIEAILEIREVASKYYETI---
>seq0002 
-----------------------------------MKQKVVSIGDINVANDLPFVLFGGMNVLESRDLAMRICEHYVTVTQKLG--IPYVFKASFDKANRSSIHSYRGP--------------GLEEGMKIFQELKQTFGVKIITDVHEPSQAQPVADVVDVIQLPAFLARQTDLVEAMAKTGAVINVKKPQFVSPGQMGNIVDKFKEG------------------GNEKVILCDRGANFGYDNLVVDMLGFSIMKKVSG----NSPVIFDVTHALQCRDPFGAASG-----GRRAQVAELARAGMAV------GLAGLFIEAHPD-------PEHAKCDGPSALPLAKLEPFLKQMKAIDDLVKGFEELDTSK
>seq0003 
DLRIKEIKELLPPVALLEKFPATENAANTVAHARKAIHKILKG------NDDRLLVVIGPCSIHDPVAAKEYATRLLALREELKDELEIVMRVYFEKPRTTV--GWKGLINDPHMDNSFQINDGLRIARKLLLDINDS-GLPAAGEFLDMITPQYLADLMSWGAIGARTTESQVHRELASGLSCPVGFKNGTDGTIKVAIDAINAAGAPHCFLSVTKWGHSAIVNTSGNGDCHIILRGGK----EPNYSAKHVAEVKEGLNKAGLPAQVMIDFSHANSSK--------------QFKKQMDVCADVCQQIAGGEKAIIGVMVESHLVEGNQSLPLAYGKSITDACIGWEDTDALLRQLANAVKARR---------
