>seq0001 
DEDALAFALLPLAAACARTPLSNFNVGAIARGVSGTWYFGANMEFIGATMQQTVHAEQSAISHAWLSGEK--ALAAITVN------YTPCGHCRQFMNELNSGLDLRIHLP---G-REAHALRDYLPDAFGPKDLE
>seq0002 
---DALSQAAIAAANRSHMPYSKSPSGVALECKDGRIFSGSYAENA--AFNPTLPPLQGALILLNLKGYDYPDIQRAVLAEKADAPLIQWDATSATLKALGCH---SIDRVLLA----------------------
>seq0003 
MNRQELITEALKARDMAYAPYSKFQVGAALLTKDGKVYRGCNIENA--AYSMCNCAERTALFKAVSEGDT--EFQMLAVAADTPGPVSPCGACRQVISEL-CTKDVIVVLTNLQGQIKEMTVEELLPGAFSSEDLH
