>seq0001 
----------------TFRYRGP-SPKGDQPKAIAGLVEALRDGERFVTLLGATGTGKTVTMAKVIEALG-----RPALVLAPNKILAAQLAAEFRELFPENAVEYFISYYDYYQPEAYVPGKDLYIEKDASINPEIERLRHSTTRSLLTRRDVIVVASVSAIYGLGDPREYRARNLVG---------------------------------------------------------------------------FVLFPATHYLSPE-GLEEILKEIEKELWERVRYFEERGEVLYAQRLKERTLYDLEMLRVMGTCPGVENYARYFTGKAPGEPPYTLLDYFPEDFLVFLDESHVTVPQLQGMYRGDYARKKTLVDYGFRLPSALDNRPLRFEEFLERVSQVVFVSATPGPFELAHSG-----RVVEQIIRP
>seq0002 
--------------EGRFQLVAPYEPQGDQPQAIAKLVDGLRRGVKHQTLLGATGTGKTFTISNVIAQVN-----KPTLVIAHNKTLAGQLYSELKEFFPHNAVEYFVSYYDYYQPEAYVPQTDTYIEKDAKINDEIDKLRHSATSALFERRDVIIVASVSCIYGLGSPEEYRELVVSLRVGMEIERNALLRRLVDIQYDRNDIFRGTFRVRGDVVEIFPASRDEHCIRVEFFGDEIEAEVDALTGKVLGEREHVAIFPASHFVTREEKMRLAIQNIEQELEERLAELRAQGKLLEAQRLEQRTRYDLEMMREMGFCSGIENYSRHLALRPPGSTPYTLLDYFPDDFLIIVDESHVTLPQLRGMYNGDRARKQVLVDHGFRLPSALDNRPLTFEEFEQKINQIIYVSATPGPYELEHSP-----GVVEQIIRP
>seq0003 
VEYNFNELNLSDNILNAIRNKGFEKPTDIQ-KVIPLFLN----DEYNIVAQARTGSGKTASFAIPLIELVNENNGIEAIILTPTRELAIQVADEIESLKGNKNLKIAKIYGG----------------------KAIYPQIKALK------NANIVVGTPGRIL------DHINR-------------------------------------------------------------------------------------------------------------------------------------------------------------------GTLNLKNVKYFILDEADELN--------GFIKDVEKILN--ACNK----------------DKRILLFSAT-PREILNLAKKYGDYSFIKAKI--
