>seq0001 
SKILVFGHQNPDSDAIGSS-AYAYLKRQL-GVDAQAVALGNPNEETAFVLDYFGIQAPPVVKSAQAEGAKQVILTDHNEFQQSIADIREVEVVEVVDHHRVANFETANPLY-RLEPVGSASSIVYRLYKENGVAIPKEIAGV-LSGLISDTLLLKSPTTHASDPAVAEDLAKIAGVDLQEYGLA-LKAG
>seq0002 
SKILVFGHQNPDSDAIGSSYAFAYLAREAYGLDTEAVALGEPNEETAFVLDYFGVAAPRVITSAKAEGAEQVILTDHNEFQQSVADIAEVEVYGVVDHHRVANFETANPLYMRLEPVGSASSIVYRMFKEHSVAVSKEIAGLMLSGLISDTLLLKSPTTHPTDKAIAPELAELAGVNLEEYGLAMLKAG
>seq0003 
EKILIFGHQNPDTDTICSAIAYADLKNKL-GFNAEPVRLGQVNGETQYALDYFKQESPRLVETAANE-VNGVILVDHNERQQSIKDIEEVQVLEVIDHHRIANFETAEPLYYRAEPVGCTATILNK-YKENNVKIEKEIAGL-LSAIISDSLLFKSPTCTDQDVAAAKELAEIAGVDAEEYGLN-LKAG
