>seq0001 
MATGDERFYAEHLMPTLQGLLDPESAHRLAVRFTSLGLLPFQDSDMLEVRVLGHKFRNPVGIAAG-FDKHGEAVDGLYKMGFGFVEIGSVTPK--PQEGNPRPRVFRLPED--------QAVINRYGFNSHGLSVVEHRLRARQQKQAKLTEDGLPLGVNLGKNKTSVDAAEDYAEGVRVLGPL--ADYLVVNVSSPNTA---------GLGKAELRRLLTKVLQERDGLRRVHRPAVLVKIAPDLTSQDKEDIASVVKELGIDGLIVTNTTV-SRPA-----GLQGA----LRSETGGLSGKPLRDLSTQTIREMYALTQGRVPIIGVGGVSSGQDALEKIRAGASLVQLYTALTFWGPPVVGKVKRELEALLKEQGFGGVTDAIGADHR-R
>seq0002 
----------------------------------------------ISVEMAGLKFINPFGLASAAPTTSSSMIRRAFEAGWGFALTKTFSLDKDIVT-NVSPRIVRGTTSGPMYGPGQSSFLNIELISEKTAAYWCQSVTELKADFP-D----NIVIASIMCS----YNKNDWMELSRKAEASG-ADALELNLSCPHGMGERGMGLACGQDPELVRNICRWVRQAVQ-------IPFFAKLTPNVT--DIVSIARAAKEGGADGVTATNTVS-GLMGLKADGTPWPAVGAGKRTTYGGVSGTAIRPIALRAVTTIARALPG-FPILATGGIDSAESGLQFLHSGASVLQVCSAVQNQDFTVIQDYCTGLKALLYLKSIE-------------
>seq0003 
---------------------------------------------MLNTTFANAKFANPFMNASGVHCMTIEDLEELKASQAGAYITKSSTLE--KREGNPLPRYVDLE----------LGSINSMGLPNLGFDYYLDYVLKNQKENAQE----GPIFFSIAGM-----SAAENIAMLKKIQESDFSGITELNLSCPNVP----GKPQLAYDFEATEKLLKEVFTFFT-------KPLGVKLPPYFDLVHFDIMAEILNQFPLTYVNSVNSIGNGLFIDPEAESVVIKPK----DGFGGIGGAYIKPTALANVRAFYTRLKPEIQIIGTGGIETGQDAFEHLLCGATMLQIGTALHKEGPAIFDRIIKELEEIMNQKGYQSIADFHGKLKSL-
