>seq0001 
GSHMEMAGDL----------SAGFFMEELNTYRQKQGVVLKYQELPNSGPPHDRRFTFQVIIDGREFPEGEGRSKKEAKNAAAKLAVEILNKEKKAVSPL
>seq0002 
---------LLTTTNSSEGLSMGNYIGLINRIAQKKRLTVNYEQCAS-GVHGPEGFHYKCKMGQKEYSIGTGSTKQEAKQLAAKLAYLQILSEETGSG-C
>seq0003 
------------------------PISQVHEIGIKRNMTVHFKVLREEGPAHMKNFITACIVGS-IVTEGEGNGKKVSKKRAAEKMLVELQKL-------
