>seq0001 
----MQILFN----------DQAMQCAAGQTVHELLEQLD---------QRQAGAALAINQQIVPREQWAQHIVQDGDQILLFQVIAGG
>seq0002 
----MIKVLFFAQVRELVGTDATEVAADFPTVEALRQHMAAQSDRWALALEDGKLLAAVNQTLVS----FDHPLTDGDEVAFFPPVTGG
>seq0003 
MVIGMKFTVITD------DGKKILESGAPRRIKDVLGELE---------IPIETVVVKKNGQIVI----DEEEIFDGDIIEVIRVIYGG
