>seq0001 
---MLAYQG---------TQIKEKRDEDAGFDLCVPY--DIMIPVSDTKIIPTDVKIQV-PPNSFGWVTGKSSMAK-QGLLIN--GGIIDEGYTGEIQVICTNIGKSNIKLIEGQKFAQLIILQHHSNSRQPWDENKI
>seq0002 
MMKKIDVKILDPRVGKEFPLPTYATSGSAGLDLRACLNDAVELAPGDTTLVPTGLAIHIADPSLAAMMLPRSGLGHKHGIVLGNLVGLIDSDYQGQLMISVWNRGQDSFTIQPGERIAQMIFVPVVQAEFNLVED--F
>seq0003 
----MIIEG---------DGILDKRSEDAGYDLLAAK--EIHLLPGEVKVIPTGVKLML-PKGYWGLIIGKSSIGS-KGLDVL--GGVIDEGYRGEIGVIMINVSRKSITLMERQKIAQLIILPCKHEVLEQG--KVV
