>seq0001 
AYESIQVTSAQK--HVLHVQLNRPEKRNAMNRAFWRELVECFQKISKDSDCRAVVVSGAGKMFTSGIDLMDMASDILQPPGDDVARIAWYLRDLISRYQKTFTVIEKCPKPVIAAIHGGCIGGGVDLISACDIRYCTQDAFFQVKEVDVGLAADVGTLQRLPKVIGNRSLVNELTFTARKMMADEALDSGLVSRVFPDKDVMLNAAFALAADISSKSPVAVQGSKINLIYSRDHSVDESLDYMATWNMSMLQTQDIIKSVQAAMEKKDSKSITFSKL---
>seq0002 
MYEAIGHRVE---DGVAEITIKLPRHRNALSVKAMQEVTDALNRAEEDDSVGAVMITGAEDAFCAGFYLREIPLDK------GVAGVRDHFRIAALWWHQMIHKIIRVKRPVLAAINGVAAGGGLGISLASDMAICADSAKFVCAWHTIGIGNDTATSYSLARIVG-MRRAMELMLTNRTLYPEEAKDWGLVSRVYP-KDEFREVAWKVARELAAAPTHLQVMAKERFHAGWMQPVEECTEFEIQNVIASVTHPHFMPCLTRFLDGHRADRPQVELPAGV
>seq0003 
NFQYIITEKKGKNSSVGLIQLNRPKALNALCNGLIEELNQALETFEEDPAVGAIVLTGGEKAFAAGADIKEMQ----NRT-------FQDCYS-------HWDHITRIKKPVIAAVNGYALGGGCELAMMCDIIYAGEKAQFGQPEILLGTIPGAGGTQRLTRAVG-KSLAMEMVLTGDRISAQDAKQAGLVSKIFP-VETLVEEAIQCAEKIANNSKIIVAMAKESVNAAFEMTLTEGNKLEKKLFYSTFATDDRREGMSAFVEKRKA--NFKDH----
