>seq0001 
-------------------TRDLEKPFLLPVESVYSIPGRGTVVTGTLERGILKKGDECEFLGH-SKNIRTVVTGIEMF----HKSLDRAEAGDNLGALVRGLKREDLRRGLVMAKPGSIQP---
>seq0002 
PLDIPPIKGTTPEGEVVEIHPDPNGPLAALAFKIMADPYVGRLTFIRVYSGTLTSGSYVYNTTK---GRKERVARLLRMHANHREEVEELKAGDLGAVVGLK----ETITGDTLVGEDAPRVILE
>seq0003 
P------------------VRDVDKPFLMPVEDVFTITGRGTVATGRIERGKVKVGDEVEIVGLAPETRKTVVTGVEMH----RKTLQEGIAGDNVGLLLRGVSREEVERGQVLAKPGSITP---
