>seq0001 
----HQKVEAQVYILTKEEGGRHKPFVSHFMPVMFSLTWDMACRIILPPGKELAMPGEDLKLTLILRQPMILEKGQRFTLRDGNRTIGTGLVTDTPAMTEEDKNIKW
>seq0002 
TIKPHTKFESEVYILSKDEGGRHTPFFKGYRPQFYFRTTDVTGTIELPEGVEMVMPGDNIKMVVTLIHPIAMDDGLRFAIREGGRTVGAGVVAKVLS----------
>seq0003 
----HTKFEASVYVLKKEEGGRHTGFFSGYRPQFYFRTTDVTGVVRLPQGVEMVMPGDNVTFTVELIKPVALEEGLRFAIREGGRTVGAGVVTKILE----------
