>seq0001 
---SIERLGYLGFAVKDVPAWDHFLTKSVGLMAAGSAGD-AALYRA--DQRAWRIAVQPGELDDLAYAGLEVDDAAALERMADKLRQAGVAFTRGDEALMQQRKVMGLLCLQDPFGLPLEIYYGPAEIF----------HEPFLPSAPVSGFVTGDQGIGHFVRCVPDTAKAMAFYTEVLGFVLSDIIDI-------VPAHFLHCNGRHHTIALAAFPIPKRIHHFMLQANTIDDVGYAFDRLDAAG-RITSLLGRHTNDQTLSFYADTPSPMIEVEFGWGPRTV---WTVARHS------RTAMWGHKSV--------
>seq0002 
---SIRSLGYMGFAVSDVAAWRSFLTQKLGLMEAGTTDN-GDLFRI--DSRAWRIAVQQGEVDDLAFAGYEVADAAGLAQMADKLKQAGIAVTTGDASLARRRGVTGLITFADPFGLPLEIYYGASEVF----------EKPFLPGAAVSGFLTGEQGLGHFVRCVPDSDKALAFYTDVLGFQLSDVIDMKMGPDVTVPAYFLHCNERHHTLAIAAFPLPKRIHHFMLEVASLDDVGFAFDRVDADG-LITSTLGRHTNDHMVSFYASTPS-GVEVEYGWSARTVDRSWVVVRHD------SPSMWGHKSV--------
>seq0003 
MNKGVMRPGHVQLRVLDMSKALEHYVELLGLIEMDRDDQGRVYLKAWTEVDKFSLVLREADEPGMDFMGFKVVDEDALRQLERDLMAYGCAVEQLPAGEL--NSCGRRVRFQAPSGHHFELYADKEYTGKWGLNDVNPEAWPRDLKG-M-AAV----RFDHALMYGDELPATYDLFTKVLGFYLAEQVLDE---NGTRVAQFLSLSTKAHDVAFIHHPEKGRLHHVSFHLETWEDLLRAADLISMTDTSIDIGPTRHGLTHGKTIYFFDPS-GNRNEVFCGGDYNYPDHKPVTWTTDQLGKAIFYHDRILNERFMTVLT
