>seq0001 
KNQQVFYIGTN---QPEVLT----EIRRHILANFENLPVAGEYMHRDIYDIAE-------------LPPRMKNWRDK---YEHHLLLKMAG--DGV---GEAKSWLVDYFKQAEGDFFVCT-------PEEGSKAFLHRF---------AAAGAAIRYQAVHSDEVEDILALDIALRR----NDTEWY--EHLPPEID-SQ------LVHKLYYGHFM------------------------------CYVFHQDYIVKK-----GVDVHALKEQMLELLQQR------GAQYPAEHNV---------GHLYK-AP--------------ETLQKFYRENDPTNSM-NPGIGKTSKRKNW------
>seq0002 
FRQRCQSYTDIPWRELFAPKGADGRTFEKFVAESG----GAEAIWYPFTE--------KPWMKVWTVSPSLVGKPP-----QAREVSGPYNYIFSDNLPEPITDMIGAINAG-------NPGIAPLFGPAMYEITKLGLAATNANDIWGW-SKDVQFYIKA---TTLRLTEGGGAVVTSRANIATVINDFTEWFHERIEFYRAKGEFPLNGPVEIRCCGLDQAADVKVPSVGPPTISATRPRPDHPDWDVAIWLNVLGVPGTP----GMFEFYREMEQWMRSHYNNDDATFRPEWSKGWAFGPDPYTDNDIVTNKMRATYIEGVPTTENWDTARARYNQIDPHRVFTNGFMDKLLP----------
>seq0003 
RGYQSYLITLPKDGDLKQAV----DIIRPLRLG-MALQNVPTIRHILLDAAVLGDKRSYSSRTEPLSDEELDKIAKQLNLGRWNFYGALYGPEPIR---RVLWETIKDAFSAIPGVKFYFPEDTPE--NSVLRVRDKTMQG-----IPTYDELKWIDWLP-----NGAHLFFSPIAKV----SGEDAMMQYAVTKKRCQEA------GLDFIGTFTVGMR----------------------------EMHHIVCIVFNKKDLIQKRKVQWLMRTLIDDCAAN------GWGEY--RTH---------LAFMD-QIMETYNW--NNSSFLRFNEVLKNAVDPNGII-APGKSGVWPSQYSHVTWKL
