>seq0001 
----AVLPKGVTQGEFNKAVQKFRALLGDDNVLVESDQL-----VPYNKIMMPVENAAHA--PSAAVTATTVEQVQGVVKICNEHKIPIWTISTGRNFGYGSAAPVQ----RGQVILDLKK-MNKIIKIDP--EMCYALVEPGVTFGQMYDYIQENNL--PVML-SFSAPSAIAGPVGNTMDRGVGYT------------PYGEHFMMQCGMEVVLA----NGDVYRTGMGGVP----------------GSNTWQIFKWGYGPTLDGMFTQA-NYGICTKMGFWLMPKP
>seq0002 
------------VAPLPTPPNFPN-DIA---LFQQ-----------AYQNWSK----EIMLDATWVCSPKTPQDVVRLANWAHEHDYKIRPRGAMHGW-TPLTVEK-GANVEKVILADTMTHLNGI-TVNTGGPVATVTAGAGASIEAIVTELQKH----DLGWANLPA-PGVLSIGGALAVNAHGAALPAVGQTTLPGHTYGSLSNLVTELTAVVWNGTTYALETYQRNDP---------------------------------RITPLLTNLGRCFLTSVTMQAGPN-
>seq0003 
EFRPLTLPPKLSLSDFNEFIQDIIRIVGSENVEVISVDGSYMKPTHTHDPHHVMDQDYFL--ASAIVAPRNVADVQSIVGLANKFSFPLWPISIGRNSGYGGAAPRV----SGSVVLDMGKNMNRVLEVNV--EGAYCVVEPGVTYHDLHNYLEANNLRDKLWL-DVPD-LGGGSVLGNAVERGVGYT------------PYGDHWMMHSGMEVVLA----NGELLRTGMGALPDPKRPETMGLKPEDQPWSKIAHLFPYGFGPYIDGLFSQS-NMGIVTKIGIWLMPNP
