>seq0001 
--pRVVFIdEqSgeYAVDaQDGQSLMEVATQnGVPGIvAECGgSCVCATCrIEIe-----DAWVEIVGeanpdeNDLLQstgepmtaGTRlSCQVfiDpsmDGLIVRVPLp-a--
>seq0002 
asyTVKLItP-DgeSSIEcSDDTYILDAAEEaGLDLP-YSCR-AGACSTCaGKItagsvdQSDQSFLD------DDQIE-------aGYVlTCVAypT---SDCTIETHKeedlY
>seq0003 
--sKVVYVsHdGtrRELDvADGVSLMQAAVSnGIYDIvGDCGgSASCATChVYVn-----EAFTDKVPaanereIGMLEcvtaelkpNSRlCCQIimTpelDGIVVDVPDrqw--
