>seq0001 
-SQIRQNYSTEVEAAVNRLVNLYLRASYTYLSLGFYFDRDDVALEGVCHFFRELAEEKREGAERLLKMQNQRGGRALFQDLQKPSQDEWGTTPDAMKAAIVLEKSLNQALLDLHALGSAQADPHLCDFLESHFLDEEVKLIKKMGDHLTNIQRLVGSQAGLGEYLFERLTL--
>seq0002 
DSQVRQNFHRDCEAAINRMVNMELYASYTYLSMAFYFDRDDIALHNVAKFFKEQSHEEREHAEKLMKDQNKRGGRIVLQDVQKPERDEWGNTLEAMQAALQLEKTVNQALLDLP--------------------EEQVKSIKQLGDYITNLKRLGLPQNGMGEYLFDKHTMGE
>seq0003 
TSQVRQNYHQDSEAAINRQINLELYASYVYLSMSYYFDRDDVALKNFAKYFLHQSHEEREHAEKLMKLQNQRGGRIFLQDIQKPDCDDWESGLNAMECALHLEKNVNQSLLELHKLATDKNDPHLCDFIETHYLNEQVKAIKELGDHVTNLRKMGAPESGLAEYLFDKHTLG-
