>seq0001 
---ADPEKSYAEGPGLDGGECFQPSKFKIHAVDPDGVHRTDGGDGFVVTIEGPAP--VDPVMVDNGDGTYDVEFEPKEAGDYVINLTLDGDNVNGFPKTVTVKPA-----------------
>seq0002 
KPAPSAEHSYAEGEGLVKVFDNAPAEFTIFAVDTKGVARTDGGDPFEVAINGPDGLVVDAKVTDNNDGTYGVVYDAPVEGNYNVNVTLRGNPIKNMPIDVKCIE------------------
>seq0003 
--GANGEDSSF-----------GSFTFTVAAKNKKGEVKTYGGDKFEVSITGPAE-EITLDAIDNQDGTYTAAYSLVGNGRFSTGVKLNGKHIEGSPFKQVLGNPGKKNPEVKSFTTTRTAN
