>seq0001 
----------GVQVETISPGDGRTFPKRGQTCVVHYTGMLEDGKKFDSSRDR-------NKPFKFMLGKQEVIRGWEEGVAQMSVGQRAKLTISPDYAYGATGHPG-IIPPHATLVFDVELLKLE-
>seq0002 
---------PKYTKSVLKKGDKTNFPKKGDVVHCWYTGTLQDGTVFDTNIQTSAKKKKNAKPLSFKVGVGKVIRGWDEALLTMSKGEKARLEIEPEWAYGKKGQPDAKIPPNAKLTFEVELVDID-
>seq0003 
SEVIE----GNVKIDRISPGDGATFPKTGDLVTIHYTGTLENGQKFDSSVDR-------GSPFQCNIGVGQVIKGWDVGIPKLSVGEKARLTIPGPYAYGPRGFPG-LIPPNSTLVFDVELLKVN-
