>seq0001 
pkALIVYgSTTGNTEYTAETIARELadaGYevdSRDAASVeAgglfegFDLVLLGcStwAD-dsielQd-dFIPLFdsleeTGAQGRKVACFGCgDSS--YEYFCGAVDAIEEKLKNLGAEIVQ--------------------DGLRIdG--DpraaRDDIVGWAHDVRGai--
>seq0002 
kkIGLFYgTQTGKTESVAEIIRDEFgn-DVvt-LHDVSQA-EvtdlndYQYLIIGcPtwNIG---elQs-dWEGLYselddVDFNGKLVAYFGTgDQIgyADNFQDAIGILEEKISQRGGKTVGywstdgydfndskalrngkfVGLALdEdnQsdltDDRIKSWVAQLKSefgl
>seq0003 
--MKIVYwSGTGNTEKMAELIAKGIiesGKdvnTINVSDV-NidellnEDILILGcSamGDE---vlEeseFEPFIeeist-KISGKKVALFGSyGW---GD--GKWMRDFEERMNGYGCVVVE--------------------TPLIVqN--EpdeaEQDCIEFGKKIANi---
