>seq0001 
STGFHHADHVNYSSNLNKEEILEQLLLSYEGLSDGQVNWVCNLSNASSLIWHAYKSLAVDINWAGFYVTQASEENTLILGPFQGK-----VACQMIQFGKGVCGTAASTKETQIVP-DVNKYPGHIA-CDG----ETKSEIVVPIISN-DGKTLGVIDIDCL-DYEGFDHVDKEFLEKLAKLINKSCVF------------
>seq0002 
-------------------------------------DATSLQLKVLQYLQQET-----QATHCCLLLVSE-DNLQLSCKVIGDKVLG---EEVSFPLTMGRLGQVVEDKQCI-QLKDLT--SDDVQQLQNMLGCELQAMLCVPVISRATDQVVALACAFNKLGGDFFTDEDEHVIQHCFHYTGTVLTS------------
>seq0003 
-------------------------------------DVSVLLQEIITEARNLS-----NAEICSVFLLDQ---NELVAKVFDGGVVDDESYEIRIPADQGIAGHVATTGQILNIP-DAYAHPLFYRGVDDSTGFRTRNILCFPIKNE-NQEVIGVAELVNKINGPWFSKFDEDLATAFSIYCGISIAHSLLYKKVNEAQY
