>seq0001 
LNGMDLAKEVTTAEAYSWTQGSWTLTGGLPQAKKEDELPFHVVAYDFGAK--RNILRMLVDRGCRLTIVPAQ-TSAEDVLKMNPDGIFLSNGPGDPA---PCDYAITAIQKFLETDIPVFGI-LGHQLLALASGAKTVKMKFGHHGGNHPVKDVEK-----------------NVVMITAQNHGFAVDEATLPANLRVTHKSLFDGTLQGIHRTDKPAFSFQGNPEASPGPHDAAPLFDHFIELIEQYRKT
>seq0002 
----------------------------------ENIHKHRILILDFGSQYTQLVARRVRELGVYCELWAWD-VTEAQIRDFNPSGIILSGGPESTTEENSPRAPQYVF-EA---GVPVFGVCYGMQTMAMQLGGHVEASNEREF-GYAQVEVVN--DSALVRGIEDALTADGKPLLDVWMSHGDKVT--AIPSDFITVAST-ESCPFAIMANEEKRFYGVQFHPEVT-HTRQGMRMLERFVRDICQCEAL
>seq0003 
--------------------------------------MDLTLIIDNYDSFVYNIAQIVGELGSYPIVIRNDEISIKGIERIDPDRLIISPGPGTPEKREDIGVSLDVIKYLGK-RTPILGVCLGHQAIGYAFGAKIRRARKVFHGKISNIILVNNSPLSLYYGIA--------KEFKATRYHSLVVD--EVHRPLIVDAISAEDNEIMAIHHEEYPIYGVQFHPESV-GTSLGYKILYNFLNRV------
