>seq0001 
eitcqenlpftcgntdalnsssFSSDFIFGVASSAYQIEGTI---GRGLNIWDGFThrYpn---ksGpdhGNGDTTCDSFSYWQKDIDVLDElNATGYRFSIAWSRIIPRGKRsr---------------------------GVNEKGIDYYHGLISGLIKKGITPFVTLFHWDLPQTLQd--ey---------EGFLDPQIIDDFKDYADLCFEEFGDSVKYWLTINQLYSVPTRGYGSAL--DAPGRCsptvdpscyagnSstEPYIVAHHQLLAHAKVVDLYRKnYThqGGKIGPTMITRwFLpYNdTDRHSIAATERMKEFFLGWFMGPLTNGTYPQIMIDTvge--rLPSFSpeESNLVKGSYDFLGLNYYFtQ------------------------------------------------------------------------------------------------------------------------------------------------------------------------
>seq0002 
---------------sihm---FPSDFKWGVATAAYQIEGAYNEDGRGMSIWDTFAh-Tp----gkVkngDNGNVACDSYHRVEEDVQLLKDlGVKVYRFSISWPRVLPQGTG-----------------------------EVNRAGLDYYHRLVDELLANGIEPFCTLYHWDLPQALQd--q----------GGWGSRITIDAFAEYAELMFKELGGKIKQWITFNEPWCMAFLSNYLGV--HAPGNK------------DlqLAIDVSHHLLVAHGRAVTLFRElGI--SGEIGIAPNTSwAVpYR-RTKEDMEACLRVNGWSGDWYLDPIYFGEYPKFMLDWyenlgyKPPIVdgDMELIHQPIDFIGINYYTsSMNRyNP----geaggmlSsEAiS----mGAPKTDIGWEIYaEGLYDLLRYTADkyGNPTLYITEnGACynDGLSldgriHDQRRIDYLAMHLIQASRAIEDGINLKGYMEWSLMDNFEWAEgygmrFGLVHVdYDTLvRTPKDSFYWYKGVIsrgwldl---------
>seq0003 
--------------------mkFPKDFMIGYSSSPFQFEAGIPGSEDPNSDWWVWVhdPentaaglVs-gDFPENGPGYWNLNQNDHDLAEKlGVNTIRVGVEWSRIFPKPTFnvkvpverdengsivhvdvddkaverldeLANKEAVNHYVEMYKDWVERGRKLILNLYHWPLPLWLHnpimvrrmgpdrapSGWLNEESVVEFAKYAAYIAWKMGELPVMWSTMNEPNVVYEQGYMFVKggFPPGYL------------SleAADKARRNMIQAHARAYDNIKRfSK---KPVGLIYAFQwFElLE-G---PAEVFDKFKSSKLYYFTDIVSKGSSIINV---------------eYRRDLANRLDWLGVNYYSrLVYKiVDdkpiilhgygfLcTPgGispa-ENPCSDFGWEVYpEGLYLLLKELYNryG-VDLIVTEnGVSds---------RDALRPAYLVSHVYSVWKAANEGIPVKGYLHWSLTDNYEWAQgfrqkFGLVMVdFKTKkRYLRPSALVFREIAthngipdelqhltliq
