>seq0001 
dissTEIAVYWgQ---redGLlrdtckt---NNYKIVFISFLDKFg-CE---IrkpELeLEgvcgpsvgnpcsflESQiKECQRM--GVKVFLALGgPKGTYSAC---SADYAKDLAEYLHTYFlserr-egplgkvALDGIHFDIQKPVDELnWDNLLEELYQIkdvyq--sTFLLSAaPGclspdeylDnaiq--trHFDYIFVrFYNdrscQYStgniqrirnawlswtksVyPrdknLFLELPASqatapgGGYiPPSALIGQvLPylpdlqtRyaGIALWNrqadket--------gYSTNIIRYl--
>seq0002 
--pkPIFREYIgVKpnsttLHdfpteiinteTLEFHYILGFAIESyyESgkgTgtfEEsWDv---------elfgPEKvKNLKRRhpEVKVVISIGgRGVNTPFDpaeENVWVSNAKESLKLIIqkysdds----gnLIDGIDIHYEHIRSDEpFATLMGQLITElkkdddlnINVVSIaPSen-nsshyQklynakkdYINWVDYqFSNqq-kPVS--tddafveifkslekdYhP--hkVLPGFSTDpldtkhNKI-TRDIFIGGcTRlvqt--fSlpGVFFWNandsvipkrdgdkpfiVELTLQQLlaa
>seq0003 
----GGIAIYWgQN--gneGTltqtcst---RKYSYVNIAFLNKFg-NG---Q-tpQInLAghcnpaag-gctivSNGiRSCQIQ--GIKVMLSLGgGIGSYTLA---SQADAKNVADYLWNNFlggksssrplgdaVLDGIDFDIEH-GSTLyWDDLARYLSAYskq-g--kKVYLTAaPQcpfpdrylGtaln--tgLFDYVWVqFYNnppcQYSsgninniinswnrwttsIn--agkIFLGLPAApeaag-SGYvPPDVLISRiLPeikksp-KygGVMLWSkfyddkn--------gYSSSILDSv--
