>seq0001 
IREFNNLTKGLCTINSWHIYGKDNAVRIGED---SDVLVTREPYVSCDPDECRFYALSQGTTIRGKHSNGTIHDRSQYRDLISWPLSSPPTVYNSRVECIGWSSTSCHDGRARMSICISGPNNNASAVIWYNRRPVTEINTWARNILRTQESECVCQNGVCPVVFTDGSATGPAETRIYYFKEGKILKWEPLTGTAKHIEECSCYGE-QAGVTCTCRDNWQGSNRPVIQIDPVAMTHTSQYICSPVLTDNPRPNDPT-VGKCNDPYPGNNNNGVKGFSYLD----GGNTWLGRTISIASRSGYEMLKVPN--ALTDDRSK-PTQGQTIVLNTDWSGYSGSFMDYWAEGECYRACFYVELIRGRPKEDKVWWTSNSIVSMCSSTEFLGQWNWPDGAKIEYFL-
>seq0002 
EPEWTYP-RLSCQGSTFQKALLISPHRFGEARGNSAPLIIREPFIACGPKECKHFALTHYAAQPGGYYNGTREDRNKLRHLISVKLGKIPTVENSIFHMAAWSGSACHDGREWTYIGVDGPDSNALIKIKYGEAYTDTYHSYANNILRTQESACNCIGGDCYLMITDGSASGISKCRFLKIREGRIIKEIFPTGRVEHTEECTCGFASNKTIECACRDNSYTAKRPFVKLNVETDTAEIRLMCTETYLDTPRPDDGSITGPCE-SNGDKGRGGIKGGFVHQRMASKIGRWYSRTMSKTERMGMELYVRYDGDPWTDS-DA-LAHSGVMVSMKEPGWYSFGFEIK-DK-KCDVPCIGIEMVHDG--GKK-TWHSAATAIYCLMGSGQLLWDTVTGVDMAL---
>seq0003 
-VEYRNWSKPQCQITGFAPFSKDNSIRLSAG---GDIWVTREPYVSCDPVKCYQFALGQGTTLDNKHSNDTVHDRIPHRTLLMNELGVPFHL-GTRQVCIAWSSSSCHDGKAWLHVCITGDDKNATASFIYDGRLVDSIGSWSQNILRTQESECVCINGTCTVVMTDGSASGRADTRILFIEEGKIVHISPLAGSAQHVEECSCYPR-YPGVRCICRDNWKGSNRPVVDINMEDYSIDSSYVCSGLVGDTPRNDDRSSNSNCRNPNNERGTQGVKGWAFDN----GNDLWMGRTISKDLRSGYETFKVIG--GWSTPNSKSQINRQVIVDSDNRSGYSGIFSVE-GK-SCINRCFYVELIRGRKQETRVWWTSNSIVVFCGTSGTYGTGSWPDGANINFMPI
