>seq0001 
-------------------------aTGlhvkngrlyeangqefIIRGVShPHNW-------------ypqhT-------QAFADIKShGANTVRVVLsngv--RWs----------------knGPSDVANVISLCKQNRLICMLEV--HDt---tGYGeqsga-stLDQAVDYWIELKSVlQGEeDYVLINIGNEPYGn-----dsatv---------aaWATDTSAAIQRLRAaG---FEHTLVVdApn--------wgQdwtntmrnnaDQVYAsdp--TGNTVFSIHmyGVys--------------------------------qaSTITSYLEHFVNag-LPLIIGEFgHDHSdG-----NPDEDTIMAEAER------LKLgYIGwswSGNgggveYLDMVynfdGd-----nLSpwgERIFYgpnGIAstakeavifg
>seq0002 
-----------------------aggGYwhtsgreildannvpvRIAGINwFGFEtc---------nyvvhgLwsrd-yRSMLDQIKSlGYNTIRLPYsddilkPGtmpnsinfyqmnqdlqgltSLQVMDKIVAYAGQIGLRIILDRhrPDcsgqsALWytssv--sEATWISDLQALAQRyKGNpTVVGFDLHNEPHD------pacwgcgdps----idWRLAAERAGNAVLSvN---PNLLIFVeGvqsyngdsywwgGn----lqgagQYPVVlnv--PNRLVYSAHdyATsv--ypqtwfsdp----------------tfpnnmpGIWNKNWGYLFNqniAPVWLGEFgTTLQ---sttdQTWLKTLVQYLRPtaqygaDSFqWTFwswNPDsg--dTGGILkd------dwqtVD---TVKDG---YLApikssifdpv
>seq0003 
mydaslipnlqipqknipnndgmnfvKG----------------LRLGWNlGNTFdafngtnitneldyetsWsgikttKQMIDAIKQkGFNTVRIPVswhphvSG-----------sdykisdvWMNRVQEVVNYCIDNKMYVILNThhDVdkvkgYFPssqymassKKYITSVWAQIAARfANYdEHLIFEGMNEPRLvghanewwpeltnsdvvdsincINQLNQDFVNTVRAtGgknASRYLMCpGy---------vaSp--dgatndyFRMPNdisgnNNKIIVSVHayCPwnfagl-------amadggtnawnindsk--dqsevTWFMDNIYNKYTsrgIPVIIGECgAVDK-NnlktrVEYMSYYVAQAKA------RGIlCILwdnNNFsgtgeLFGFF---dRrsc----QFk-fPEIID---GMVkyafgli--n
