>seq0001 
KNNVVIVATGGTIAGAGASSTNSATYSAAKVPVDALIKAVPQVNDLANITGIQALQVASESITDKELLSLARQVNDLVKKPSVNGVVITHGTDTMEETAFFLNLVVHTDKPIVLVGSMRPSTALSADGPLNLYSAVALASSNEAKNKGVMVLMNDSIFAARDVTKGINIHTHAFVSQ-WGALGTLVEGKPYWFRSSVKKHTNNSEFNIEKIQGDALPGVQIVYGSDNMMPDAYQAFAKAGVKAIIHAGTGNGSMANYLVPEVRKLHDEQGLQIVRSSRVAQGFVLRNAEQPDDKYGWIAAHDLNPQKARLLMALALTKTNDAKEIQNMFWNY
>seq0002 
KPQVTILATGGTIAG----------YSAGAVTVDKLLAAVPAINDLATIKGEQISSIGSQEMTGKVWLKLAKRVNELLAQKETEAVIITHGTDTMEETAFFLNLTVKSQKPVVLVGAMRPGSSMSADGPMNLYNAVNVAINKASTNKGVVIVMNDEIHAAREATKLNTTAVNAFASPNTGKIGTVYYGKVEYFTQSVRPHTLASEFDISKIE--ELPRVDILYAHPDDTDVLVNAALQAGAKGIIHAGMGNGNPFPLTQNALEKAAK-SGVVVARSSRVGSGSTTQEAEVDDKKLGFVATESLNPQKARVLLMLALTKTSDREAIQKIFSTY
>seq0003 
LPNITILATGGTIAGGGDSATKS-NYTVGKVGVENLVNAVPQLKDIANVKGEQVVNIGSQDMNDNVWLTLAKKINTDCDK--TDGFVITHGTDTMEETAYFLDLTVKCDKPVVMVGAMRPSTSMSADGPFNLYNAVVTAADKASANRGVLVVMNDTVLDGRDVTKTNTTDVATFKSVNYGPLGYIHNGKIDYQRTPARKHTSDTPFDVSKLN--ELPKVGIVYNYANASDLPAKALVDAGYDGIVSAGVGNGNLYKSVFDTLATAAK-TGTAVVRSSRVPTGATTQDAEVDDAKYGFVASGTLNPQKARVLLQLALTQTKDPQQIQQIFNQY
