>seq0001 
-----------------------GGFRSVVYFVNWAIY---GRGHNPQDLKADQFTHILYAFANIRP--------------------------SGEVYLSDTWADTDKHYPGDKWDEPGNNVYGCIKQMYLLKKNNRNLKTLLSIGGWTY-SPNFKTPASTEEGRKKFADTSLKLMKDL-GFDGIDIDWEYPED---------EKQANDFVLLLKACREALDAYSAKHPNGKKFLLTIASPAGPQNYNK-LKLAEMDKYLDFWNLMAYDFSGSWDK-VSGHMSNVFPSTT-KPESTPFSSDKAVKDYIKAGVPANKIVLGMPLDTVKIAGKKAEYITKNGMGGGMWWESSSDKT-------GNESLVGTVVNGLGGTGKLEQRENELSYPESVYDNLKNGMPS
>seq0002 
-------------------------YQLMCYYTSWAKDRPIEGSFKPGNIDPCLCTHLIYAFAGMQ---------------------------NNEITYTHEQDL------------------RDYEALNGLKDKNTELKTLLAIGGWKFGPAPFSAMVSTPQNRQIFIQSVIRFLRQY-NFDGLNLDWQYPGSR-----GSPPKDKHLFSVLVKEMRKAFEEESVEKD-IPRLLLTSTGAGIIDVIKSGYKIPELSQSLDYIQVMTYDLHDPKDG-YTGENSPLYKSPYDIGKSADLNVDSIISYWKDHGAASEKLIVGFPA-NVRSFKLKAQWLKDNNLGGAVVWPLDMDDFSGSFCHQRHFPLTSTLKGDLN----IHSAS-------------------
>seq0003 
TDGSHLAPLKEPLLEKNKPYKQNSGKVVGSYFVEWGVY---GRNFTVDKIPAQNLTHLLYGFIPICGGNGINDSLKEIEGSFQALQRSCQGREDFKVSIHDPFAALQKAQKGVTAWDDP--YKGNFGQLMALKQAHPDLKILPSIGGWTL-SDPFFF-MGDKVKRDRFVGSVKEFLQTWKFFDGVDIDWEFPGGKGANPNLGSPQDGETYVLLMKELRAMLDQLSVETG--RKYELTSAISAGKDKIDK-VAYNVAQNSMDHIFLMSYDFYGAFDLKNLGHQTALNAPAWK--PDTAYTTVNGVNALLAQGVKPGKIVVGTAM-DARSVQAKGKYVLDKQLGGLFSWEIDADN----------GDILNSMNASLGNSAGVQ----------------------
