>seq0001 
YGRAFASTD------GIGTSFNGV-----------GG-GSW-----ENGVWDYKDMPQQ-----GAQVTELEDIAASYSYDKNKRYLISY-
>seq0002 
YGRAFKGVSG--GNGGQYSSHSTPGEDPYPSTDYWLVGCEECVRDKDPRIASYRQLEQMLQGNYGYQRLWNDKTKTPYLYHAQNGLFVTY-
>seq0003 
YGRGWTGVNGYQNNIPFTGTATGP-----------VK-GTW-----ENGIVDYRQIAGQFMSG-EWQYTYDATAEAPYVFKPSTGDLITFD
