>seq0001 
TYIDDITVTTSVEQ----DSGLVNYQISVKGSNLFKLEVRLLDA---ENKVVANGTGT------------QGQLKVPGVSLWWPYLMHERPAYLYSLEVQLTAQTSLGPV-SDFYTLPVGIRT------
>seq0002 
TQISDFHVATRFNDDFSRAVLEAEVQMCG--ELRDYLRVTVSLWQGETQVASGTAPFGGEIIDERGGYADRVTLRL-NVENPKLWSAEIPNLYRAVVELHTAD-------GTLIEAEACDVGFR-----
>seq0003 
--FFQFRLS----------GQTIEVTSEYLFRHSDNELLHWMVALDGKPLASGEVPLD---VAPQG----KQLIELPELPQPE-----SAGQLWLTVRVVQPNATAWSEAGHISAWQQWRLAENLSVTL
