>seq0001 
GGFRSVVYFVNWAIY----------GRGHNPQDLK---ADQFTHILYAFANIRPSGEVYLSDTWADTDKHYPGDKWDEPGNNVYGCIKQMYLLKKNNRNLKTLLSIGGWTY-------SPNFKTPASTEEGRKKFADTSLKLMKDLGFDGIDIDWEYPE----DEKQANDFVLLLKACREALDAYSAKHP-NGKKFLLTIASPAGPQNYNK-L-KLAEMDKYLDFWNLMAYDFSGSWDKVSGHMSNVFPSTTK-----------------------PESTPFSSDKAVKDYIKA-GVPANKIVLGMPLYGRAFASTD-----GIGTSFNGVG--------------G-GSW--ENGVWDYKDMPQQ-----GAQVTELEDIAASYSYDKNKRYLISYDTVKIAGKKAEYITKNGMGGGMWWESSSDKT-------GNESLVGTVVNGLGGTGKLEQRENELSYPESVYDNLKNGMPS
>seq0002 
TRKAVIGYYFIPTNQINNYTETDTSVVPFPVSNITPAKAKQLTHINFSFLDINSNLECAWDP--------------ATNDAKARDVVNRLTALKAHNPSLRIMFSIGGWYYSNDLGVSHANYVNAVKTPASRAKFAQSCVRIMKDYGFDGVDIDWEYPQ-----AAEVDGFIAALQEIRTLLNQQTITDGRQALPYQLTIAGAGGAFFLSRYYSKLAQIVAPLDYINLMTYDLAGPWEKVTNHQAALFGDAAGPTFYNALREANLGWSWEELTRAFPSPFSLTVDAAVQQHLMMEGVPSAKIVMGVPFYGRAFKGVSG-GNGGQYSSHSTPGEDPYPSTDYWLVGCEECVRDKDPRIASYRQLEQMLQGNYGYQRLWNDKTKTPYLYHAQNGLFVTYDDAESFKYKAKYIKQQQLGGVMFWHLGQDNR--------NGDLLAALDRYFNAA-----DYDDSQLDMGTGLRYTGVGPG
>seq0003 
--YQLMCYYTSWAKDRP-------IEGSFKPGNID---PCLCTHLIYAFAGMQ-NNEITYTHEQDL------------------RDYEALNGLKDKNTELKTLLAIGGWKF------GPAPFSAMVSTPQNRQIFIQSVIRFLRQYNFDGLNLDWQYPGSRGSPPKDKHLFSVLVKEMRKAFEEESVEKD--IPRLLLTSTGAGIIDVIKSGY-KIPELSQSLDYIQVMTYDLHDPKDGYTGENSPLYKSPYDI----------------------GKSADLNVDSIISYWKDH-GAASEKLIVGFPAYGHTFILSD-PSKTGIGAPTISTG--------------PPGKYTDESGLLAYYEVCTFLNE--GATEVWDAPQEVPYAYQG--NEWVGYDNVRSFKLKAQWLKDNNLGGAVVWPLDMDDFSGSFCHQRHFPLTSTLKGDLN----IHSAS-------------------
