>seq0001 
----MqTIKCVVVGDVAVGKTCLLISYTTNKFPSEYVPTV-FdNYAVTVMIGGEPYTLGLFdTAGQedydrlrplsypqTDVFLVCFSVVSPSSFENVKEkWVPEITHHCP--KTPFLLVGTQidlrddpstieklaknkqKPITPETAEKLARDLK----AVkYVECSALT--------QKGLKNVFDEAILAAleppepkksrrcvl
>seq0002 
fertKpHVNVGTIGHVDHGKTTLTAAITTV-LAKTYGITInTsHVEYDTP----TRHYAHVdCPGHadyvknmitgaaqMDGAILVVAATDG-PMPQTRE-HILLGRQVG---VPYIIVFLNKcdmvdd---------eelLELVEMEVRELLSQYDfpgdDTpIVRGSALKalegdaewEAKILELAGFLDSYIp-------------
>seq0003 
----MrEYKLVVLGSGGVGKSALTVQFVQGIFVDEYDPTI-EdSYRKQVEVDCQQCMLEILdTAGTeqftamrdlymknGQGFALVYSITAQSTFNDLQD-LREQILRVKDteDVPMILVGNKcdled------e------RVVGKEQGQNLARQWC----NCaFLESSAKS--------KINVNEIFYDLVRQInr------------
