>seq0001 
----------pICTtrdGvEIFYKDWGQ---GRPVVFIHGW--PLNGDA-WqdqLKAVVdAGYRGIAHDRRGHGHSTPVWd-----gyDFDTFADDLNDLLTDlDLRDVTLVAHSmGGGELARYVGRhgtgrLRSAVLLSAIPPVMIks---dknpdg-VPdEVFDALk--NGVLT-----erSQFWKDTAEgfFSANr-pgNKVtQGNKDAFWYMAma-qtiEGGVRCVDAfgy-------tdf-tedlk----kFDIPTLVVHGDDDQVVPidatGRKSAQIIPNaELKVYEGSSHGiamvpgDKEKFNRDLLEFLnk------
>seq0002 
tve----iiekRFPsg-TlASHALVAGDp-qSPAVVLLHGAgpGAHAASnWrpiIPDLAe-NFFVVAPDLIGFGQSEYPEtypghimsWVGMRVEQILGLMNHfGIEKSHIVGNSmGGAVTLQLVVEa-perFDKVALMGSVGAPMN------------ARpPELARLl--AFYAD-----prLTPYRELIHsfVYDP--enFPGmEEIVKSRFEVAndpevrRIQEVMFESmkagm---eslvippatlg----rLPHDVLVFHGRQDRIVPl-dtSLYLTKHLKHaELVVLDRCGHWaqle--RWDAMGPMLMEHFra------
>seq0003 
-igtgfpfdphYVEvl-GeRMHYVDVGPrd-GTPVLFLHGN--PTSSYL-WrniIPHVApS-HRCIAPDLIGMGKSDKPD---l--dyFFDDHVRYLDAFIEAlGLEEVVLVIHDwGSALGFHWAKRn-perVKGIACMEFIRPIPTwdewp------eFArETFQAFrtaDVGREliidqn--AFIEGVLPkcVVRPlt------EVEMDHYREPFlkpvdrEPLWRFPNEipiagepanivalveaymnwlhq-SPVPKLLFWGTPGVLIPpa-eAARLAESLPNcKTVDIGPGLHYlqed--NPDLIGSEIARWLpglasglg
