>seq0001 
MIDKSAFVHPTAIVEEGASIGANAHIGPFCIVGP---HVEIGEGTVLKSHVVVNGHTKIGRDNEIYQFASIGEVNQDLKYAGEPTRVEIGDRNRIRESVTIHRGTV---------QGG-------GLTKVGSDNLLMI--------NAHIAHDCTVGNRCILANNATLAGHVSVDDFAIIGG-------------MTAVHQFCIIGAHVMVGGCSGVAQD
>seq0002 
---------------------SNIRENPVTPWNPEPSAPVIDPTAYIDPQASVIGEVTIGANVMVSPMASIRSD--------EGMPIFVGDRSNVQDGVVLHALETINEEGEPIEDNIVEVDGKEYAVYIGNNVSLAH--------QSQVHGPAAVGDDTFIGMQAFVF-KSKVGNNCVLEP-------------RSAAI-GVTIPDGRYIPAGMVVTS-
>seq0003 
-------------------------------------GFRVVPPATVRQGAFIARNTVLMP-SYVNIGAYVDE------------GTMVDTWATVGSCAQIGK-----------------------NVHLSGGVGIGGVLEPLQANPTIIEDNCFIGARSEVVEGVIVEEGSVISMGVYLGQSTRIYDRETGEIHYGRVPAGSVVVSG------------
