>seq0001 
QLAPIKVAVIPLVknrpeITEYAKRLKARLLalgLGRVLYED-TGNIGKAYRRHDEVGTPFAVTVDYDTIGqskdgttrlkDTVTVRDRDTMEQIRLHvdeLEGFLRERlrw
>seq0002 
EEKGPDLYLIPLT---eeAVAEAFYLAEALRp--RLRAEYALAPRKPAKGLEEALKRGAAFAGFLGEDELR---------aGEVTLKRLATGEQVRLSreeVPGYLLQAl-g
>seq0003 
IEENLDLFIVTMG---dqADRYAVKLLNHLRhn-GIKADKDYLQRKIKGQMKQADRLGAKFTIVIGDQELE---------nNKIDVKNMTTGESETIEldaLVEYFKK----
