>seq0001 
--qlipPLINLLMSIepd---------------------ViyaGhdn-------TKPDT------------sssLLTSLNQLGERQLLSVVKWSKsLPGFRNLHIDDQITLIQYSWMSLMVFGLGWrsykhvsG-qMLYFa--PdlILNEQRMk-E-ssfyslCLTMWQIPQEFvklQVSQEEFLCMKVLLLLNTIPLeGLRSQTQFEEMRSSYIRELIKAIGlrQKgvvsssqRFYQLTKlLDNLHDLVKQLHLYCLNTfiqsralsVEfpEMMSEViaaqlpkilagmvkpllfhk
>seq0002 
esadlrALAKHLYDSyiksfpltkakarailtgkttdksPfviYdmnslmmgedKIKFKhitplqeqskevairIFQGCQFRSVEAVQEITEYAKsIPGFVNLDLNDQVTLLKYGVHEIIYTMLASl----mnK--DGVLiseGqgFMTREFLksLrkpfgdfMEPKFEFAVKFnalELDDSDLAIFIAVIILSGDRP-GLLNVKPIEDIQDNLLQALELQLKlnHP---essqLFAKLLQkMTDLRQIVTEHVQLLQVIkktetd--MSlhPLLQEIykdl----------------
>seq0003 
lspqleELITKVSKAhqetfp-slcqlg-----------KyttN---------------ssadhrvq---ldlgLWDKFSELATKCIIKIVEFAKrLPGFTGLSIADQITLLKAACLDILMLRICTr----ytPeqDTMTfsdG-lTLNRTQMhnA--gfgplTDLVFAFAGQLlplEMDDTETGLLSAICLICGDRM-DLEEPEKVDKLQEPLLEALRLYARrrRP---sqpyMFPRMLMkITDLRGISTKGAERAITLkmeip---GPmpPLIREMlenp----------------
