>seq0001 
--------------------msknyHIAVLPGDGIGPEVMAQALKVMDAVRSRF---DMRiTTSHYDVgGIAIDNHG--HPLPKATVEGCEqADAILFGSVGGpkwENLPPESQperGALLPLRKHfKLFSNLRPAKLYQGLeafCPLRADIAanGFDILCVRELTGGiyFGQPKGRegSgq-------------------Y-ekAFDTEVYHRFEIERIARIAFESARKRR-RKVTSIDKANVL-QSSILWREIVNDVAk-tYP-------------------DVELAHMYIDNATMQLIKDPSQFDVLLCSNLFGDILSDECAMiTGSmgmLPSASLNEqGFGLYEPAGGSAPDIAGKNIANPIAQILSLALLLRYSLDANDAATAIEQAINRALEEGvrTgdlARG--A-aaVSTDEMGDIIARyVaegv
>seq0002 
------------------------mKVAVLPGDGIGPEVTEAALKVLRALDEAE---GLGlAYEVFPFgGAAIDAFG--EPFPEPTRKGVEeAEAVLLGSVGGpkwDGLPRKISpe-TGLLSLRKSqDLFANLRPAKVFPGLerlSPLKEEIAr-GVDVLIVRELTGGiyFGEPRGM--Se--------------------A--eAWNTERYSKPEVERVARVAFEAARKRR-KHVVSVDKANVL-EVGEFWRKTVEEVGr-gYP-------------------DVALEHQYVDAMAMHLVRSPARFDVVVTGNIFGDILSDLASVlPGSlglLPSASLGR-GTPVFEPVHGSAPDIAGKGIANPTAAILSAAMMLEHAFGLVELARKVEDAVAKALLE-tpPpdlG------gsAGTEAFTATVLRhLa---
>seq0003 
skvvvpaqgkkitlqngklnvpenpIIPYIEGDGIGVDVTPAMLKVVDAAVEKAykgERKiSWMEIYTgEKSTQVYGqdVWLPAETLDLIReYRVAIKGPLTTp--VGG-----girSLNVALRQElDLYICLRPVRYYQGT--pSPVK--HPe-LTDMVIFRENSEDiyAG-IEWKadSadaekvikflreemgvkkirfPehcGIGIKPCSEEGTKRLVRAAIEYAIANDrDSVTLVHKGNIMkFTEGAFKDWGYQLAreeFGgelidggpwlkvknpntgkEIVIKDVIADAFLQQILLRPAEYDVIACMNLNGDYISDALAAqVGGigiAPGANIGD-ECALFEATHGTAPKYAGQDKVNPGSIILSAEMMLRHM-GWTEAADLIVKGMEGAINAKtvTydfERLmdGaklLKCSEFGDAIIEnM----
