>seq0001 
-MSDILQELLRVSEKAANIARACRQQETLFQLLIEEKKEGEKNKKFAVDFKTLADVLVQEVIKENMENKFPGLGKK-IFGEESN-ELTNDLGEKIIMRLGPTEEETVALLSKVLNGNKLASEALAKVVHQDVFFSDPAL-------------DSVEINIPQDILGIWVDPIDSTYQYIKGSADITPNQGIFPSGLQCVTVLIGVYDIQTGVPLMGVINQPFVSQDL-------HTRRWKGQCYWGLSYLGTNIHSLLPPVSTRSNSEAQSQGTQNPSSEGSCRFSVVISTSE-KET----------IKGALSHVCGERIFRAAGAGYKSLCVILGLADIYIFSE----DTTFKWDSCAAHAILRAMGGGMVDLKECLERNPDTGLDLPQLVYHVGNEGAAGVDQWANKGGLIAYRS-EKQLETFLSRLL---------QHLAPVATHT
>seq0002 
ALERELLVATQAVRKASLLTKRIQS--EVISHKDSTTITKN-DNSPVT----TGDYAAQTIIINAIKSNFPD---DKVVGEESSS------------------GLSDAFVSGILNEIKANDEVYNKNYKKDDFLFTNDQFPLKSLEDVRQIIDFGNYEGGRKGRFWCLDPIDGTKGFLRG--------------E-QFAVCLALIV--DGVVQLGCIGCPNLV-LSSYGAQDLKGHESFGYIFRAVR-GLGAFYSPSSDAE---------SWTKIHVRHLKDTKDMITLEGVEK-----GHSSHDEQTAIKNKLNISKSLHLDS-QAKYCLLALGLADVYLRLPIKLSYQEKIWDHAAGNVIVHEAGGIHTDAMEDV-----------PLDFGN--------GRTLATKGVIASSGPRELHDLVVSTSC----DVIQSR---------
>seq0003 
-WQECMDYAVTLARQAGEVVCEAIK--N---EM--NVMLKSSPVDLVT----ATDQKVEKMLISSIKEKYPS---HSFIGEESVAA-----------------G--------------------------------------------------EKSILTD-NPTWIIDPIDGTTNFVHR--------------FPFVAVSIGFAV--NKKIEFGVVYSCVE-----------------GKMYTARK-GKGAFCN----------------GQKLQVSQQEDITKSLLVTELGSSRTPETVRMVLSNMEKLFCIPVHGIRSVGTAAVNMCLVATGGADAYYEM------GIHCWDVAGAGIIVTEAGGVLMDV-TGG-----------PFD--------------LMSRRVIAANN-RILAERIAKEIQVIPLQRDDE----------
