>seq0001 
----------scpSLIDVVVVCDESNSIY--PWDAVKNFLEKFVQgLDIGptKTQVGLIQYANNPRVVFNlntyktkeeMIVATsQTSQYGGdLTNTFGAIQYARKYAYSaasGGRRSATKVMVVVTDGESH-Dgs-MlkavIDQCNHDNILRFGIAVLgylnrnaldtknlIKEIKaiAsiPteryfFNVSDeaaLLEKAG----TLGeqifsieggt
>seq0002 
disepplhdfycsRLLDLVFLLDGSSRLSEAEFEVLKAFVVDMMErLRISqkWVRVAVVEYHDGSHAYIGlkdrkrpseLRRIAsQVKYAGSqVASTSEVLKYTLFQIFS--kIDRPEASRIALLLMASQEPqRmsrNfvryVQGLKKKKVIVIPVGIGp---------hanLKQIRliEkqApenkaFVLSSvdeLEQQRDeivsYLCdlapeapppt
>seq0003 
--------------DSDIAFLIDGSGSIIPHDFRRMKEFVSTVMEqLKKS--KTLFSLMQYSEEFRIHFTfkefqnnpnPRSLVkPITQLLG-RTHTATGIRKVVRELFNitnGARKNAFKILVVITDGEKF-GdplGyedvIPEADREGVIRYVIGVGdafr-----seksRQELNtiAskPprdhvFQVNNfeaLKTIQN----QLRek--------
