>seq0001 
LPSSEEYKVAYELLPGLSEVPDPSNIPQMHAGHIPLRSEDADEQDSSDLEYFFWKFTNNDSNGNVDRPLIIWLNGGPGCSSMD-GALVESGPFRVNSD-GKLYLNEGSWISKGDLLFIDQPTGTGFSVEQNKDEGKIDKNKFDEDLEDVTKHFMDFLENYFKIFPEDL--TRKIILSGESYAGQYIPFFANAILNHNKFSKIDGDTYDLKALLIGNGWIDPNTQSLSYLPFAMEK----KLIDESNPNFKHLTNAHENCQNLINSASTD--EAAHFSYQ-ECENILNLLLSYTRESSQKGTADCLNMYNFNLKDSYPSCGMNWPKDISFVSKFFSTPGVIDSLHLDSDK--IDHWKECTNSVGTKL--SNPISKPSIHLLPGLLESGIEIVLFNGDKDLICNNKGVLDTIDNLKWGGIKGFSDDAVSFDWIHKSKSTDDSEEFSGYVKYDRNLTFVSVYNASHMVPFDKSLVSRGIVDIYSNDVMIIDNNGKNVMITT
>seq0002 
---HAADRIAR--L-----PGQPAVDFDMYSGYITV-------DEGAGRSLFYLLQEAP--EDAQPAPLVLWLNGGPGCSSVAYGASEELGAFRVKPRGAGLVLNEYRWNKVANVLFLDSPAGVGFSYTNTSSD------IYTSGDNRTAHDSYAFLAKWFERFPHYK--YRDFYIAGESYAGHYVPELSQLVHRSK--NP----VINLKGFMVGNGLIDDYHDYVGTFEFWWN----HGIVS-----DDTYRRLKEACLHDS-----------FIHPSPACDAATDVATA---------EQGNIDMYSLYTPVCNI---SYDPCTERYSTAYYNRRDVQMALHANVTGAMNYTWATCSDTINTHW--HDA-PRSMLPIYRELIAAGLRIWVFSGDTDAVVPLTATRYSIGALG----LPT-TTSWYPWYDD--------QEVGGWSQVYKGLTLVSVRGAGHEVPLHRPRQALVLFQYFLQGKPMPGQ---------
>seq0003 
----KIKDPKI--L-------GIDPNVTQYTGYLDV--------EDEDKHFFFWTFESR--NDPAKDPVILWLNGGPGCSSLT-GLFFALGPSSIGPD-LKPIGNPYSWNSNATVIFLDQPVNVGFSYSGSS---------GVSNTVAAGKDVYNFLELFFDQFPEYVNKGQDFHIAGASYAGHYIPVFASEILSHK--DR----NFNLTSVLIGNGLTDPLTQYNYYEPMACGEGGEPSVLP--SEECSAMEDSLERCLGLIESCYDSQSVWSCVPATIYCNNAQLAPYQ----------RTGRNVYDIRKDCEGG---NLCYPTLQDIDDYLNQDYVKEAVGAEV-----DHYESCNFDINRNFLFAGDWMKPYHTAVTDLLNQDLPILVYAGDKDFICNWLGNKAWTDVLPWKYDEEFASQKVRNWTASITD------EVAGEVKSYKHFTYLRVFNGGHMVPFDVPENALSMVNEWIHGGFSL-----------
