>seq0001 
------------------------------------------DLAECNIKVMCRFRPLNESEVNRGDKYIAKFQGEDTVVIA-----------SKPYAFDRVFQSSTSQEQVYNDCAKKIVKDVLEGYNGTIFAYGQTSSGKTHTMEGKLHDPEGMGIIPRIVQDIFNYIYSMDE-NLEFHIKVSYFEIYLDKIRDLLDVSKTNLSVHED-KN-RVPYVKGCTERFVCSPDEVMDTIDEGKSNRHVAVTNMNEHSSRSHSIFLINVKQENTQTEQKLSGKLYLVDLAGSEKVSKTGAEGAVLDEAKNINKSLSALGNVISALAE-GST--YVPYRDSKMTRILQDSLGGNCRTTIVICCSPSSYNESETKSTLLFGQRAKTI------------------------
>seq0002 
-----------------------------------------ADPAECSIKVMCRFRPLNEAEILRGDKFIPKFKGEETVVIG----------QGKPYVFDRVLPPNTTQEQVYNACAKQIVKDVLEGYNGTIFAYGQTSSGKTHTMEGKLHDPQLMGIIPRIAHDIFDHIYSMDE-NLEFHIKVSYFEIYLDKIRDLLDVSKTNLAVHED-KN-RVPYVKGCTERFVSSPEEVMDVIDEGKANRHVAVTNMNEHSSRSHSIFLINIKQENVETEKKLSGKLYLVDLAGSEKVA--------------KNINKSLSALGNVISALAEGTKTHVPYRDSKMTRILQDSLDGNCRTTIVICCSPSVFNEAETKSTLMFGQRAKTIKNTVSVNLELTAEEWKKKYEKEKE
>seq0003 
LRQRTEELLRCNEQQAAELETCKEQLFQSNMERKELHNTVMDLR--GNIRVFCRIRPPLESEEN-RMCCTWTYHDESTVELQSIDAQAKSKMGQQIFSFDQVFHPLSSQSDIFEM-VSPLIQSALDGYNICIFAYGQTGSGKTYTMDGV---PESVGVIPRTVDLLFDSIRGYRNLGWEYEIKATFLEIYNEVLYDLLSNEQKDMEIRMAKNNKNDIYVSNITEETVLDPNHLRHLMHTAKMNRATASTAGNERSSRSHAVTKLELIGRHAEKQEISVGSINLVDLAGSESP--------------NINRSLSELTNVILALLQ-KQD--HIPYRNSKLTHLLMPSLGGNSKTLMFINVSPFQDCFQESVKSLRFAASVNSC------------------------
