>seq0001 
EPIENEAAKYDLKYIGL--------------DGNIACFVNGAGLAMATCDIIFLNGGKPANFLDLGGG-VKESQVYQAFKLLTADPKVEAILVNIFGGIVN-AIIANGITKA-RELELKVPLVVRLEG-------------------TNVHEAQNILTNSGLPITSAVDLEDAAKKAVASVTK
>seq0002 
DPREAQAAQWELNYVAL--------------DGNIGCMVNGAGLAMGTMDIVKLHGGEPANFLDVGGG-ATKERVTEAFKIILSDDKVKAVLVNIFGGIVRCDLIADGIIGAVAEVGVNVPVVVRLEG-------------------NNAELGAKKLADSGLNIIAAKGLTDAAQQVVAAV--
>seq0003 
---------NCPGVITPGECKIGIQPGHIHKPGKVGIVSRSGTLTYEAVKQTTDYGFGQSTCVGIGGDPIPGSNFIDILEMFEKDPQTEAIVMIGEIGG----SAEEEAAAYIKE-HVTKPVVGYIAGVTAPKGKRMGAGAIIAGGKGTADEKFAALEAAG--VKTVRSLADIGEALKTV---
