>seq0001 
IEKPKISVAFIALGNFCRSPMAEAIFKHEVEKANLENRFNKIDSFGTSNYHVGESPDHRTVSICKQHGVKINHKGKQIKTKHFDEYDYIIGMDESNINNLKKIQP--EGSKAKVCLFGDWNTNDGTVQTIIEDPWYGDIQDFEYNFKQITYFSKQFLKKEL
>seq0002 
AEQVTKSVLFVCLGNICRSPIAEAVFRKLVTDQNISDNW-VIDSGAVSDWNVGRSPDPRAVSCLRNHGINTAHKARQVTKEDFVTFDYILCMDESNLRDLNRKSNQVKNCRAKIELLGSYDPQ---KQLIIEDPYYGNDADFETVYQQCVRCCRAFLEKVR
>seq0003 
AEQATKSVLFVCLGNICRSPIAEAVFRKLVTDQNISENW-RVDSAATSGYEIGNPPDYRGQSCMKRHGIPMSHVARQITKEDFATFDYILCMDESNLRDLNRKSNQVKTCKAKIELLGSYDPQ---KQLIIEDPYYGNDSDFETVYQQCVRCCRAFLEKAH
