>seq0001 
SLDIQSLDIQCEELSDARWAELLPLLQQCQVVRLDDCGLT-----EARCKDISSALRVNPALAELNLRSNELGDVGVHCVLQGLQTPSCKIQKLSLQNCC--LT----GAGCGVLSSTLRTLPTLQELHLSDNLLGDAGLQLLCEGLLDPQCRLEKLQLEYCSLSAASCEPLASVLRAKP---------DFKELTVSNNDINEAGVRVLCQGLKDSPCQLEALKLESCGVTSDNCRDLCG-IVASKASLRELALGSNKLGDVGMAELCPGLLHPSSRLRTLWIWECGITAKGCGDLCRVLRAK--ESLKELSLAGNELGDEGARLLCETLLEPGCQLESLWVKSCSFTAA--CCSHFSSVLAQNRFLLELQISNNRLEDAGVRELCQGLGQPGSVLRVLWLADCDVSDSSCSSLAATLLANHSLRELDLSNNCLGDAGILQLVESVRQPGCLLEQLVLYDIYWSEEMEDRLQALEKDKPSLRVIS
>seq0002 
-----------------------------ARFSIEGKSLKLDAITTEDEKSVFAVLLEDDSVKEIVLSGNTIGTEAARWLSENIA-SKKDLEIAEFSDIFTGRVKDEIPEALRLLLQALLKCPKLHTVRLSDNAFGPTAQEPLIDFLS-KHTPLEHLYLHNNGLGPQAGAKIARALQELAVNKKAKNAPPLRSIICGRNRLENGSMKEWAKTFQSHR-LLHTVKMVQNGIRPEGIEHLLLEGLAYCQELKVLDLQDNTFTHLGSSALAIALKS-WPNLRELGLNDCLLSARGAAAVVDAFSKLENIGLQTLRLQYNEIELDAVRTLKTVIDEKMPDLLFLELNGNRFSEEDDVVDEIREVFSTRGRG-ELDELDDME------------------------------------------------------------------------------------------------------------
>seq0003 
----MNLDIHCEQLSDARWTELLPLLQQYEVVRLDDCGLT-----EEHCKDIGSALRANPSLTELCLRTNELGDAGVHLVLQGLQSPTCKIQKLSLQNCS--LT----EAGCGVLPSTLRSLPTLRELHLSDNPLGDAGLRLLCEGLLDPQCHLEKLQLEYCRLTAASCEPLASVLRATR---------ALKELTVSNNDIGEAGARVLGQGLADSACQLETLRLENCGLTPANCKDLCG-IVASQASLRELDLGSNGLGDAGIAELCPGLLSPASRLKTLWLWECDITASGCRDLCRVLQAK--ETLKELSLAGNKLGDEGARLLCESLLQPGCQLESLWVKSCSLTAA--CCQHVSLMLTQNKHLLELQLSSNKLGDSGIQELCQALSQPGTTLRVLCLGDCEVTNSGCSSLASLLLANRSLRELDLSNNCVGDPGVLQLLGSLEQPGCALEQLVLYDTYWTEEVEDRLQALEGSKPGLRVIS
