>seq0001 
----MFTGIVQGTAKLVSIDEKP-NFRTHVVELP-DHMLDGLETGASVAHNGCCLTVTEINGNHVSFDLMKETLRITNLGDLKVGDWVNVERAAKFSDE-----------
>seq0002 
----MFTGLVEAIGVVKDVQGTIDNGFAMKIEA--PQILDDCHTGDSIAVNGTCLTVTDFDRYHFTVGIAPESLRLTNLGQCKAGDPVNLERAVLSSTR-----------
>seq0003 
MGGHFVQGHVDTVAEIVEKKQD-GEAIDFTFRPRDPFVLKYIVYKGYIALDGTSLTITHVDDSTFSIMMISYTQSKVIMAKKNVGDLVNVEVDQIGKYTEKLVEAHIADW
