>seq0001 
RRARGENEPGGVPFGVLADCVQTMRKYPDDPAKVALEVIAAGAMLYDQIWLGSYMSGGVGFTQYATAVYPDNILDDYVYYGLEYVEDKY-GIA------EAEPSMDVVKDVATEVTLYGLEQYERYPAAMETHFGGSQRAAVCAAAAGCSTAFATGHAQAGLNGWYLSQILHKEGQGRLGFYGYALQDQCGAANSLSVRSDEGLPLELRGPNYPNYAMNVGHLGEYAGIVQAAHAARGDAFCVHPVIKVAFADENLVFDFTEPRKEFAKGALREFEPAGERDLIVPA
>seq0002 
R-ARGPNEPGGLSFGHLSDIVQTSRVS-EDPAKIALEVVGAGCMLYDQIWLGSYMSGGVGFTQYATAAYTDDILDNNTYYDVDYINDKYNGAATVGKDNKVKASLEVVKDIATESTLYGIETYEKFPTALEDHFGGSQRATVLAAAAGVACSLATGNANAGLSGWYLSMYLHKEAWGRLGFF-FDLQDQ-GATNVLSYQGDEGLPDELRGPNYPNYAMNVGHQGGYAGIAQAAHSGRGDAFTVNPLLKVCFADDLLPFNFAEPRREFGRGAIREFVPAGERSLVIPA
>seq0003 
R-ARGENEPGGVPFGYLADICQSSRVNYEDPVRVSLDVVATGAMLYDQIWLGSYMSGGVGFTQYATAAYTDNILDDFTYFGKEYVEDKY-GLC------EAPNNMDTVLDVATEVTFYGLEQYEEYPALLEDQFGGS-RAAVVAAAAGCSTAFATGNAQTGLSGWYLSMYLHKEQHSRLGFY-YDLQDQ-GASNVFSIRGDEGLPLELRGPNYPNYAMNVGHQGEYAGISQAPHAARGDAFVFNPLVKIAFADDNLVFDFTNVRGEFAKGALREFEPAGERALITPA
