>seq0001 
----------------------------------MEKKTIVLGVIGSDCHAVGNKILDHSFTNAGFNVVNIGVLSSQEDFINAAIETKADLICVSSLYGQGEIDCKGLREKCDEAGLKGIKLFVGGNIVVGKQNWPDVEQRFKAMGFDRVYPPGTSPETTIADMKEVLGVE----------------------
>seq0002 
------------------------------EQG-KTNGKMVIATVKGDVHDIGKNIVGVVLQCNNYEIVDLGVMVPAEKILRTAKEVNADLIGLSGLITPSLDEMVNVAKEMERQG-FTIPLLIGGA-TTSKAHTAVKIEQNY-SGPTVYVQ---NASRTVGVVAALLSDTQRDDFVARTRKEYETVRIQHGR
>seq0003 
AQIRTISGVYSKEVKNTPEVEEARELVEEFEQAEGRRPRILLAKMGQDGHDRGQKVIATAYADLGFDVDVGPLFQTPEETARQAVEADVHVVGVSSLAGGHLTLVPALRKELDKLGRPDILITVGG--VIPEQDFD-ELRKD---GAVEIYTPGTVIPESAISLVKKLRASLDA-------------------
