>seq0001 
GPEYKVAILTVSDT--VSAG-----AGPDRSGPRAVSVVDSSSEKLGGAKVVATAVVPDEVERIKDILQKWSDVDE-DLILTLGGTGFTPRDVTPEATKKVIERET--PGLLFV--QESLKITPFA-LSRSAAGIRGSTLIIN-PGNPNAVAEC-E-ALLPALKHALKQ--------------
>seq0002 
-RKVRVALFSTGDELQLPGQPLGDGQIYDTNRLAVHLMLEQL-----GCEVINLGIIRDDPHALRAAFIEADS--QADVVISSGGVSVGEADYTKTILEELGEIAFWKL-------AIK-----PGK--PFAFGKLSNSWFCGLPGNPVSATLTFYQLVQPLLAKLSGNTA-----------S
>seq0003 
H-QIRVGVLTVSDS--CFRN-----LAEDRSGINLKDLVQD--PSLLGGTISAYKIVPDEIEEIKETLIDWCDEKELNLILTTGGTGFAPRDVTPEATKEVIEREA--PGMALAMLMGSLNVTPLGMLSRPVCGIRGKTLIINLPGSKKGSQECFQ-FILPALPHAIDLLRDAIVKVKEVHD-
