>seq0001 
------------dclsgwssyEghCYKAfekykTWEDAERVCTEqakGAHLVSIESSGEADFVAQLvtqnmkrLDFyIWigLRVQgkVkqCNSewSDGSSVSYENWI------EA-ESKTCLGLeketdfr--KWVNIYCGQQnPFVCEA--
>seq0002 
--------------------sGkkFFVTnhermPFSKVKALCSEl--RGTVAIPRNAEENKAIQEVak-------TsAFlgITDEvtE--GQFmyVTGGRLTYSNWKk-DEPNDHgSGEDCVTIvd-----ngLWNDISCQAShTAVCEFpa
>seq0003 
qaaatelpaaaascpegtnayRsyCYYFnedreTWVDADLYCQNmn-SGNLVSVLTQAEGAFVASLikes-gtDDFnVWigLHDP--KknRAWhwSSGSLVSYKSWG-iGAPSSV-NPGYCVSLtsstgfq--KWKDVPCEDKfSFVCKFkn
