>seq0001 
-WPARLEKISDT--PLIVIDG-AHNPDGINGLITALKQLFSQPITVIAGYA-------AMADRLTAAF-----STVYLVPVPG-------TPRGRLKDSWQEALAASLNDVP---DQPIVITG--SL----YLASAVRQTLLG------
>seq0002 
-VPGRLFPIQLAENQLLLDDSYNANVGST-AAVQVLA--EPGYRVLVVGDAELGAESEACHVQVGEAAKAAGIDRVLSVGKQSHAISTASG-VGEHFADKTALITRLKLLIAEQQVITILVKG--SRSA----AEEVVRALQ-------
>seq0003 
GLPHRFEVVLEHNGVRWINDSKATNVGSTEAALNGLH--VDGTLHLLLGGDGK----SADFSPLARYLNG-DNVRLYCFGRDGAQLAALRPEVAEQTETMEQAMRLLAPRV--QPGDMVLLSPACASLDQFKNFEQRGNEFARLAKELG
