>seq0001 
VGRRALIVLAHSERTSFNYAMKEAAAAALKKKGWEVVESDLYAMNFNPIISRKDITGKLKDPANFQYPAESVLAYKEGHLSPDIVAEQKKLEAADLVIFQFPLQWFGVPAILKGWFERVFIGEFAYTYAAMYDKGPFRSKKAVLSITTGGSGSMYSLQGIHGDMNVILWPIQSGILHFCGFQVLEPQLTYSIGHTPADARIQILEGWKKRLENIWDETPLYFAPSSLFDLNFQAGFLMKKEVQDEEKNKKFGLSVGHHLGKSIPTDNQIKARK
>seq0002 
AGKKVLIVYAHQEPKSFNGSLKNVAVDELSRQGCTVTVSDLYAMNFEPRATDKDITGTLSNPEVFNYGVETHEAYKQRSLASDITDEQKKVREADLVIFQFPLYWFSVPAILKGWMDRVLCQGFAFDIPGFYDSGLLQGKLALLSVTTGGTAEMYTKTGVNGDSRYFLWPLQHGTLHFCGFKVLAPQISFAPEIASEEERKGMVAAWSQRLQTIWKEEPIPCTAHWHFGQ-------------------------------------------
>seq0003 
AVRRALIVLAHAERTSFNYAMKEAAVEALKKKGWEVVESDLYAMNFNPLISRNDITGEPKDSENFQYPVESSLAYKEGRLSPDIVAEQKKLEAADLVIFQFPLYWFGVPAILKGWFERVLVAGFAYTYATMYDKGPFQNKKTLLSITTGGSGSMYSLQGVHGDMNVILWPIQSGILRFCGFQVLEPQLVYSIGHTPPDARVQVLEGWKKRLETVWEESPLYFAPSSLFDLNFQAGFLLKKEVQEEQKKNKFGLSVGHHLGKSIPADNQIKARK
