>seq0001 
--NNTIETILAHRSIRKFTA-VPITDEQRQTIIQAGLAASSSSMLQVVSIVRVTDSEKRNELAQFAG-----NQAYVESAAEFLVFCIDYQRHATINP-----------------------------DVQADFTELTLIGAVDSGIMAQNCLLAAESMGLGGVYIGGLRNSAAQVDELLG-LPENSAVLFGMCLGHPDQ-----NPEVKPRLPAHVVVHENQYQELNLDDIQSYDQTMQAYYSTWSQEVTGKLAGESRPHILPYLNSKGLAKR
>seq0002 
PVLDAKTAALKRRSIRRYRK-DPVPEGLLREILEAALRAPSAWNLQPWRIVVVRDPATKRALREAAF-----GQAHVEEAPVVLVLYADLEDALAHLDEVIHP-----GVQGERREAQKQAIQRAFAAMGQE--ARKAWASGQSYILLGYLLLLLEAYGLGSVPMLGF--DPERVRAILG-LPSRAAIPALVALGYPAE-----EGYPSHRLPLERVVLWR----------------------------------------------------
>seq0003 
-THPIIHDLENRYTSKKYDPSKKVSQEDLAVLLEALRLSASSINSQPWKFIVIESDAAKQRMHDSFANMHQFNQPHIKACSHVILFANKLSYTRDDYDVVLSKAVADKRITEEQKEAAFASF-KFVELNCDENGEHKAWTKPQAYLALGNALHTLARLNIDSTTMEGI--DPELLSEIFADELKGYECHVALAIGYHHPSEDYNASLPKSRKAFEDVITIL----------------------------------------------------
