>seq0001 
--KRKGIILAGGSGTRLHPATLAISKQLLPVYDKPMIYYPLSTLMLAGIREILIISTPQDTPRFQQLLGDGSNWGLDLQYAVQPSPDGLAQAFLIGESFIG--NDLSALVLGDNLYYGHDFHELLGSAS-QRQTGASVFAYHVLDPERYGVVEFDQGGKAISLEEKPL----EPKSNYAVTGLYFYD-QQVVDIARDLKP-SPRGELEITDVNRAYLERG-QLSVEIMGR---GYAWLDTGTHDSLLEAGQFIATLENRQ----GLKVACPEEIAYRQKWIDAAQLEKLAAPLAKNGYGQYLKRLLTETVY
>seq0002 
--SNFAIILAAGKGTRMKS---DLPKVLHKVAGISMLEHVFRSVGAIQPEKTVTVVGH-KAELVEEVLA-G-----QTEFVTQSEQLGTGHAVMMTEPILEGLSGHTLVIAGDTPLITGESLKNLIDFHINHKNVATILTAETDNPFGYGRIVRNDNAEVLRIVEQKDATDFEKQIKEINTGTYVFDNERLFEALKNINTNNAQGEYYITDVIGIFRETGEKVGAYTLKDFDES---LGVNDRVALATAESVMRRRINHKHMVNG----------------------------------------------
>seq0003 
MKTRKGIILAGGSGTRLYPVTMAVSQQLLPIYDKPMIYYPLSTLMLAGIRDILIISTPQDTPRFQQLLGDGSQWGLNLQYKVQPSPDGLAQAFIIGEEFIG--HDDCALVLGDNIFYGHDLPKLMEAAV-NKESGATVFAYHVNDPERYGVVEFDQKGTAVSLEEKPL----QPKSNYAVTGLYFYD-NSVVEMAKNLKP-SARGELEITDINRIYMEQG-RLSVAMMGR---GYAWLDTGTHQSLIEASNFIATIEERQ----GLKVSCPEEIAFRKNFINAQQVIELAGPLSKNDYGKYLLKMV-----
