>seq0001 
-------------LNDDATFWRNARQHLVRYGG-TFEPMIIERAKGSFVYDADGRAILDFTSGQMSAVLGHCHPEIVSVIG-EYAGKL--DHLFSG-MLSRPVVDLAT-RLANITPPGLDRALLLSTGAESNEAAIRMAKLVT----G----------------------KYEIVGFAQSWHGMTGAAASATYSA-G-RKGVGPAAVGSFAIPAPFTYRPRFER-----NGAYDYLAELDYAFDLIDRQSSGNLAAFIAEPILSSGGIIELPDGYMAALKRKCEARGMLLILDEAQTGVGRTGTMFACQRDG--VTPDILTLSKTLGAGL-PLAAIVTSAAIEERAHELGYLFYTTHVSDPLPAAVGLRVLDVVQRDGLVARANVMGDRLRRGLLDLMERF-DCIGDVRGRGLLLGVEIVKDRRTKEPADGLGAKITRECMNLGLSMNIVQLPGMGGVFRIAPPLTVSEDEIDLGLSLLGQAIERAL
>seq0002 
FDYDGPLMKTEVPGPRSRELMKQLNIIQNAE--AVHFFCNYEESRGNYLVDVDGNRMLDLYSQISSIPIGYSHPALVKLVQQPQNVSTFINRPALGILPPENFVEKLRESLLSVAPKGMSQLITMACGSCSNENAFKTIFMWYRSKERGQSAFSKEELETCMINQAPGCPDYSILSFMGAFHGRTMGCLATTHSKAIHKIDIP--SFDWPIAPFPRLKYPLEEFVKENQQEEARCLEEVEDLIVKYRKK-KKTVAGIIVEPIQSEGGDNHASDDFFRKLRDISRKHGCAFLVDEVQTGGGSTGKFWAHEHWGLDDAADVMTFSKKMM-----TGGFFHKEEFRPNAP---YRIFNTWLGDPSKNLLLAEVINIIKREDLLSNAAHAGKVLLTGLLDLQARYPQFISRVRGRGTFCSFDTPD--------ESIRNKLISIARNKGVMLGGCG----DKSIRFRPTLVFRDHHAHLFLNIFSDILADFK
>seq0003 
----------GPPTSD--DIFEREYKYGAHNY--HPLPVALERGKGIYLWDVEGRKYFDFLSSYSAVNQGHCHPKIVNALK-SQVDKL--TLTSRA-FYNNVLGEYEE-YITKLF--NYHKVLPMNTGVEAGETACKLARKWGYTVKGIQ------------------KYKAKIVFAAGNFWGRTLSAISSSTDPTS-YDGFGPFMPGFDIIPYND-------------------LPALERALQDP------NVAAFMVEPIQGEAGVVVPDPGYLMGVRELCTRHQVLFIADEIQTGLARTGRWLAVDYEN--VRPDIVLLGKALSGGLYPVSAVLCDDDIMLTIKP-G-EHGSTYGGNPLGCRVAIAALEVLEEENLAENADKLGIILRNELMKLPS---DVVTAVRGKGLLNAIVIKETK------DWDAWKVCLRLRDNGLLAKPTH----GDIIRFAPPLVIKEDELRESIEIINKTILSF-
