>seq0001 
-----EEFDCHFLDEGFTAKDILDQKINEVSSSDDKDAFYVAFTLAVNIIAKKIVLKEQTEQTFMYYVNDGVYGSFNCILYDHAHVKPLLQKRPKPDERYYSSSIWGPTCDGLDRIVERCDLPEMHVGDWMLFENMGAYTVAAASTFNGFQRPTIYYVMS--GPAWQLMQQFQNPDFPP
>seq0002 
-----------------------------------GDPFFVAFTLAVNVIAKKVT------QSFMYYVNDGVYGSFNCILYDHAVVRPLPQREPIPNEKLYPSSVWGPTCDGLDQIVERYYLPEMQVGEWLLFEDMGAYTVVGTSSFNGFQSPTIYYVVSGLPDHVVR-----------
>seq0003 
SSFTKDEFDCHILDEGFTAKDILDQKIN------DKDAFYVAFTLAVNIIAKKTVW----EQTFMYYVNDGVYGSFNCILYDHAHVKALLQKRPKPDEKYYSSSIWGPTCDGLDRIVERCNLPEMHVGDWMLFENMGAYTVAAASTFNGFQRPNIYYVMS--RPMWQLMK---------
