>seq0001 
-----mdaratipehiartvilpqgyaddeViYPAFKWLRDE--QPLAMAh-IegydpMWIATKHADVMQIGk--QPgLFSNAegseilydqnneafmrsisggcphvIDSltsMDpPTHTAYRGLTlnwfQPASIRk--lEENIRRIAQASVQrlldfd-GeCDFMTdcalYYPLHVVMTAL-GVP----eddePLMLKLTQD-FfGv-e-------aARRFHETIATFYDYFNGFTVDRrsCPK----DDVMSLLAns-kld-gnyIDDKYINAYYVAIATAghDTTSSSSGGAIIGLSRNPEQLALAKSd------------------palIPRLVDEAVRWTAPVKSf-MRTALADTEVRGQNIKRGDRIMLSYPSAnRDEEVF-SNPDEFDITrf-----------PNRHLGFGWgahMCLGQHLAKLEMKIFFEELLpklksvELS--g---pPrlvATNFVGgpknVPIRft-----ka--
>seq0002 
-----ppgptpfpi-igni---lqida-k-DiSKSLTKFSEC-yGPVFTVylG--mkpTVVLHGYEAVKEALvdlGEeFAGRGs---------------vpilekvskGLGiafSNaKTWKEMRRFSlmtlRNFGMGkrsiEDRIQEEARCLVEelrktnaSpCDPTF-ilgCAPCNVICSVIfHNRfdykdeefLKLMESLHEnVeLlgtpldyfpgiHKTLLKNADYIKNFIMEKVKEHqkLLDvnnpRDFIDCFLikmeqennleFTLESLVIAVSDLFGAgtETTSTTLRYSLLLLLKHPEVAARVQEeiervigrhrspcmqdrsrmpyTDAVIHEIQRFIDLLPTnlPHAVTRDVRFRNYFIPKGTDIITSLTSVlHDEKAFp-NPKVFDPGhfldesgnfkksd--YFMPFSAgkrMCVGEGLARMELFLFLTSILqnf-klQSLVepkdldItavVNGFVSvppsYQLCfipihh-----
>seq0003 
anlaplpphv--pehlvfdfdmynpsnlsaGvQEAWAVLQESnvPDLVWTr-Cng--gHWIATRGQLIREAYe--DYrHFSSE--cpfip-reage----------ayDFIptsMDpPEQRQFRALAnqvvGMPVVDk--lENRIQELACSLIEslrpq--GqCNFTEdyaePFPIRIFMLLA-GLP----eediPHLKYLTDQ-MtRp-d-------gSMTFAEAKEALYDYLIPIIEQRrqKPG----TDAISIVAng-qvn-grpITSDEAKRMCGLLLVGglDTVVNFLSFSMEFLAKSPEHRQELIEr------------------perIPAACEELLRRFSLV-Ad-GRILTSDYEFHGVQLKKGDQILLPQMLSgLDEREN-AAPMHVDFSrq-----------KVSHTTFGHgshLCLGQHLARREIIVTLKEWLtripdfSIAPga---qIqhkSG-IVSgvqaLPLVwd--pattkav
