>seq0001 
-----STLRFVAVGDWGGVPNAPFHTAREMANAKEIARTVQIMGADFIMSLGDNFYFTGVHDANDKRFQETFEDVFSDRALRNIPWYVLAGNHDHL--------GNVSAQIAYSK-ISKRWNFPS-PYYRLRFKVPRSNITVAIFMLDTVMLCGNSDDFVSQQPEMPRDLGVARTQLSWLKKQLAAAK---EDYVLVAGHYPIWSIA-EHGP-TRCLVKNLRPLLAAYGVTAYLCGHDHNLQYLQDE------------------NGVGYVLSGAGN---FMDPSVRHQRKVPNGYLRFHYGSEDSLGGFTYVEIG-SKEMSITYVEAS---GKSLFKTSLPRRP--------
>seq0002 
---PTPILRFVAVGDWGGVPNAPFHTAREMANAKAIATTVKTLGADFILSLGDNFYFTGVHDAKDKRFQETFEDVFSDPSLRNVPWHVLAGNHDHL--------GNVSAQIAYSK-ISKRWNFPS-PYYRLRFKIPRSNVSVAIFMLDTVTLCGNSDDFVSQQPERPRNLALARTQLAWIKKQLAAAK---EDYVLVAGHYPVWSIA-EHGP-THCLVKQLLPLLTTHKVTAYLCGHDHNLQYLQDE------------------NGLGFVLSGAGN---FMDPSKKHLRKVPNGYLRFHFGAENSLGGFAYVEIT-PKEMSVTYIEAS---GKSLFKTKLPRRA--------
>seq0003 
QTGLDVPYTFGLIGDLGQS-------FDSNTTLSHYELS--PKKGQTVLFVGDLSYADRYPNHDNVRWDTWG-RFTE-RSVAYQPWIWTAGNHEIEFAPEINETEPFKPFSYRYHVPYEASQSTSPFWYSIKRA------SAHIIVLSSYSAYGR-----------------GTPQYTWLKKELRKVKRSETPWLIVLMHSPLYNSYNHHFMEGEAMRTKFEAWFVKYKVDVVFAGHVHAYERSERVSNIAYKITDGLCTPVKDQSAPVYITIGDAGNYGVIDSNMIQ--PQP-EYSAFREAS----FGHGMFDIKNRTHAHFSWNRNQDGVAVEADSVWFFNRHWYPVDDST
