>seq0001 
--GSHMLETEDVVRARDAHLRSILDTVPDATVVSATDGTIVSFNAAAVRQFGYAEEEVIGQNLR-ILMPEPYRHEHDGYLQRYMATGEKRIIGIDRVVSGQRKDGSTFPMKLAVGEMRSGGERFFTGFIRDLT-------------
>seq0002 
--------------------------IPDAMIVIDGHGIIQLFSTAAERLFGWSELEAIGQNVN-ILMPEPDRSRHDSYISRYRTTSDPHIIGIGRIVTGKRRDGTTFPMHLSIGEMQSGGEPYFTGFVRDLTEHQQTQARLQELQ
>seq0003 
MEHVAFGSEDIENTLAKMD-DGQLDGLAFGAIQLDGDGNILQYNAAEGDITGRDPKQVIGKNFFKDVAPCTDSPEFYGKFKEGVASGN---LNTMFEYTFDY-QMTPTKVKVHMKKALSG--DSYWVFVKRV--------------
