>seq0001 
eaTvCTVTLEKMS-AGLGFSLEgGkgslhgDkpLTINRIFKG-AASEqsETVQPGdEILQLGGTAmqgLTRFEAWNIIKaLPd-GPVTIVIRrKslq
>seq0002 
--RsRLVQFQKNTdEPMGITLKmNeln---H--CIVARIMHGGMIHRq-GTLHVGdEIREINGISvanQTVEQLQKMLReMR--GSITFKIVpSyre
>seq0003 
--NvISVRLFKRKvGGLGFLVKeR-vs---KppVIISDLIRGGAAEQs-GLIQAGdIILAVNDRPlvdLSYDSALEVLRgIAseTHVVLILRgPeg-
