>seq0001 
MHPNLEPGAEKANKPIGRGLAASPGAAVGQVVFDAESAKEWSGRGKKVIMVRLETSPEDLA--GMDAACGILTARGGMTSHAAVVARGMGKCCVSGCGDM-VIR--GKSFKLNGSVFRE-GDYITID-GSKGLIYA------------------
>seq0002 
LHPTFNPAALKAGEVIGSALPASPGAAAGKVYFTADEAKAAHEKGERVILVRLETSPEDIE--GMHAAEGILTVRGGMTSHAAVVARGMGTCCVSGCGEI-KINEEAKTFELGGHTFAEGDYISLDGSTGKIYKGD------------------
>seq0003 
-----------------SGILASPGIAFGKALLLKEKIIDLSAIQDEVILVAADLTPSETAQLNLKKVLGFITDAGGRTSHTSIMARSLELPAIVGTGSVTS-------------QVKNDDYLILDAVNNQVYVNPTNEVIDKMRAVQEQVASE
