>seq0001 
--MIKSAEEHVMIRHGARIADIGGAAVVEALGDQVPEYEVALHATQAMVRAIAD--TFEDVELMDTW-TWFQSGINTDGA-HNPVTT---RKVNKGDILSLNCFPMIAGYYTALERTLFLD-HCSDDHLRLWQVNVEVHEAGLKLIKPGARCSDIARELNEIFLKH--DVLQYRTFGYGHSFGT-LSHYYGREAGLELREDIDTVLEPGMVVSMEPMIMLPE-----------------------------------------------------------------------GL----PGAGGYREHDILIVNENGAENIT--KFPYGPEKNII-R-
>seq0002 
-------MDTEKLMKAGEIAKKVREKAIKLARPGMLLLELAESIEKMIMELG----------GKPAFPVNLSINE---IAAHYTPYKGDTTVLKEGDYLKIDVGVHIDGFIADTAVTVRVGMEED----ELMEAAKEALNAAISVARAGVEIKELGKAIENEIRKRGFKP---IVNLSGHKIERYKLHAGISIP-NIYRPHDNYVLKEGDVFAIEPFATIGAGQVIEVPPTLIYMYVRDVPVRVAQARFLLAKIKREYGTLPFAYRWLQNDMPEGQLKLALKTLEKAGAIYGYPVLKEIRNGIVAQFEHTIIVEKDSVIVTTE---------------
>seq0003 
AISIKTPEDIEKMRVAGRLAAEVLEMIEPYVKPGVSTGELDRICNDYIVNEQHAVSACLGYHG-YPKSVCISINE---VVCHGIPDD--AKLLKDGDIVNIDVTVIKDGFHGDTSKMFIVG-KPTIMGERLCRITQESLYLALRMVKPGINLREIGAAIQKFVEAEGFSV---VREYCGHGIGQ-GFHEEPQVL-HYDSRETNVVLKPGMTFTIEPMVNAGKKEIRTMKD--------------------------------------------------------------GWTVKTKDRSLSAQYEHTIVVTDNGCEILTLRKDDTIP--AIISHD
