>seq0001 
-SIYLCRHGESELNLKGRIGG--DPGLSPRGREFSKHLAQFISDQNIKDLKVFTSQMKRTIQTAEALS-------VPYEQFKVLNEIDAGVCEEMTYEEIQDHY-PLEFALRDQDKYRYRYP-------------------------KGESYEDLVQRLEPVIM-ELERQ----ENVLVICHQAVMRCLLAYFLDKAAEELPYLKCPLHTVLKLTPVAY-GCKVESIFLNVAAVNTHRDRPQNVDISRPSEEALVTVPAHQ
>seq0002 
RSIYLCRHGESELNLRGRIGG--DSGLSARGKQYAYALANFIRSQGISSLKVWTSH-KRTIQTAEALG-------VPYEQWKALNEIDAGVCEE-TYEEIQEHY-PEEFALRDQDKYRYRYP-------------------------KGESYEDLVQRLEPVI--ELERQ----ENVLVICHQAV-RCLLAYFLDKSSDELPYLKCPLHTVLKLTPVAY-GCRVESIYLNV------------------------------
>seq0003 
PKLVLVRHGQSEWNEKNLFTGWVDVKLSAKGQQEAARAGELLKEKKVYPDVLYTSKLSRAIQTANIALEKADRLWIPVNRSWRLNERHYGDLQGKDKAETLKKFGEEKFNTYR-RSFDVPPPPIDASSPFSQKGDERYKYVDPNVLPETESLALVIDRLLPYWQDVIAKDLLSGKTVMIAAHGNSLRGLVKHLEGISDADIAKLNIPTGIPLVFELDENLKPSKPSYYLDPEAAAA--------------------GAAAV
