>seq0001 
---EKKSINECDLKGKKVLIRVDFNVPVKNGKITNDYRIRSALPTLKKVLTEGG-SCVLMSHLGRPKGIPMAQAGKIRSTGGVPGFQQKATLKPVAKRLSELLLRPVTFAPDCLN--AADVVSKMSPGDVVLLENVRFYKEEGSK----------KAKDREAMAKILASYGDVYISDAFGTAHRDSATMTGIPKILGNGAAGYLMEKEISYFAKVLGNPPRPLVAIVGGAKVSDKIQLLDNMLQRIDYLLIGGAMAYTFLKAQ-GYSIGKSKCEESKLEFARSLLKKAEDRKVQVILPIDHVCHTEFKAVDSPLITEDQN-IPEGHMALDIGPKTIEKYVQTIGKCKSAIWNGPMGVFEMVPYSKGTFAIAKAMGRGTHEHGLMSIIGGGDSASAAELSGEAKRMSHVSTGGGASLELLEGKTLPGVTVLDDK--
>seq0002 
SLSSKLSVQDLDLKDKRVFIRVDFNVPLDGKKITSNQRIVAALPTIKYVLEHHPRYVVLASHLGQPNGE----------------RNEKYSLAPVAKELQSLLGKDVTFLNDCVGPEVEAAVKASAPGSVILLENLRYHIEEEGSRKVDGQKVKASKEDVQKFRHELSSLADVYINDAFGTAHRAHSSMVGF-D-LPQRAAGFLLEKELKYFGKALENPTRPFLAILGGAKVADKIQLIDNLLDKVDSIIIGGGMAFTFKKVLENTEIGDSIFDKAGAEIVPKLMEKAKAKGVEVVLPVDFIIADAFSADANTKTVTDKEGIPAGWQGLDNGPESRKLFAATVAKAKTIVWNGPPGVFEFEKFAAGTKALLDEVVKSSAA-GNTVIIGGGDTATVAKKYGVTDKISHVSTGGGASLELLEGKELPGVAFLSEKK-
>seq0003 
---EKMTIRDVDLKGKRVIMRVDFNVPVKDGVVQDDTRIRAALPTIKYALEQGA-KVILLSHLGRPKGE----------------PSPEFSLAPVAKRLSELLGKEVKFVPAVVGDEVKKAVEELKEGEVLLLENTRFHPGETKND--------------PELAKFWASLADIHVNDAFGTAHRAHASNVGIAQ-FIPSVAGFLMEKEIKFLSKVTYNPEKPYVVVLGGAKVSDKIGVITNLMEKADRILIGGAMMFTFLKAL-GKEVGSSRVEEDKIDLAKELVEKAKEKGVEIVLPVDAVIAQKIEPGVEKKVVRIDDGIPEGWMGLDIGPETIELFKQKLSDAKTVVWNGPMGVFEIDDFAEGTKQVALAIAALTE-KGAITVVGGGDSAAAVNKFGLEDKFSHVSTGGGASLEFLEGKELPGIASMRIKKA
