>seq0001 
----KDLSEAQVERLLQAPLIDQPLELRDKAMLEVLYATGLRVSELVGLTMSDISLRQGVVRVIGKG-NKERLVPLG---EE----AVYWLETYLEHGRPWLLNGVSIDVLFPSQRAQQMTRQTFWHRIKHYAVLAGIDSE--KLSPHVLRHAFATHLLNHGADLRVVQMLLSDLSTTQIYTHVATER-LRQLHQ-------------------------
>seq0002 
---RSRLTADEYLKIYQAAE-SSP--CWLRLAMELAVVTGQRVGDLCEMKWSDIV--DGYLYVEQSKTGVKIAIPTALHIDALGISMKETLDKCKEILGG--------ETIIASTRREPLSSGTVSRYFMRARKASGLSFEGDPPTFHELRSLSARLYEKQ--IS------------DKFAQHLLGH-----FRDDRGR--EWDKIEI------------
>seq0003 
ETELAFLYERDIYRLLAECD-NS-RNPDLGLIVRICLATGARWSEAETLTQSQVM--PYKITFTNTKSKKNRTVPIS----------DELFDMLPK----------KRGRLFN----------DAYESFENAVLRAEIELPKG-QLTHVLRHTFASHFMMN-------------GGNILVLKEILGHSTIEMT--MRYAHFAPSHLESAVKFNPLSNPAQ
