>seq0001 
-------------------------------SQPIFNDKQFQEALSRQWQ-RYGLNSAAEMTPRQWWLAVSEALAEMLRAQPFAKPVA----NQRHVNYISMEFLIGRLTGNNLLNLG-WYQDVQDSLKAYDINLTDLLEEEIDPALGAGGLGRLAACFLDSMATVGQSATGYGLNYQYGLFRQSFVDGKQVEAPDDWHRSNYPWFRHNEALDVQVGIGGAVTK-----DGRWEPEFTITGQAWDLPVVGYRNGVAQPLRLWQATHAHPFDLTKFN-----DGDFLRAEQQGINAEKLTKVLYPNDNHTAGKKLRLMQQYFQCACSVADILRRHHLAGR--------ELHELADYEVIQLNDTHPTIAIPELLRVLIDEHQMSWDDAWAITSKTFAYTNHTLMPEALERWDVKLVKGLLPRHMQIINEINTRFKTLVEKTWPGDEKVWAKLAVVHD----KQVHMANLCVVGGFAVNGVAALHSDLVVKDLFPEYHQLW-PNKFHNVTNGITPRRWIKQCNPALAALLDKSLQK---EWANDLDQLINLVKLADDAKFRDLYRVIKQANKVRLAEFVKVRT--GIDINP----QAIFDIQIKRLHEYKRQHLNLLRILALYKEIRENP---------QADRVPRVFLFGAKAAPGYYLAKNIIFAINKVADVINNDPLVGDKLKVVFLPDYCVSAAEKLIPAADISEQISTAGKEASGTGNMKLALNGALTVGTLDGANVEIAEKVGEENIFIFGHTVKQVKAILAKGYDPVKWRKKDKVLDAVLKELESGKYSDGDKHAFDQMLHSIGKQGGDPYLVMADFAAYVEAQKQVDVLYR-DQEAWTRAAILNTARCGMFSSDRSIRDYQARIWQAAR------------
>seq0002 
-------------------------------AG-VENVTELKKNFNRHLHFTLVK-DRNVATPRDYYFALAHTVRDHLVGRWIRTQQHYYEKDPKRIYYLSLEFYMGRTLQNTMVNLA-LENACDEATYQLGLDMEELEEIEEDAGLGNGGLGRLAACFLDSMATLGLAAYGYGIRYEFGIFNQKICGGWQMEEADDWLRYGNPWEKARPEFTLPVHFYGRVEHTS--QGAKWVDTQVVLAMPYDTPVPGYRNNVVNTMRLWSAKAP-----NDFNLKDFNVGGYIQAVLDRNLAENISRVLYPNDNFFEGKELRLKQEYFVVAATLQDIIRRFKSSKFGCRDPVRTNFDAFPDKVAIQLNDTHPSLAIPELMRVLVDLERLDWDKAWEVTVKTCAYTNHTVIPEALERWPVHLLETLLPRHLQIIYEINQRFLNRVAAAFPGDVDRLRRMSLVEEG-AVKRINMAHLCIAGSHAVNGVARIHSEILKKTIFKDFYELE-PHKFQNKTNGITPRRWLVLCNPGLAEIIAERIG---EEYISDLDQLRKLLSYVDDEAFIRDVAKVKQENKLKFAAYLEREY--KVHINP----NSLFDVQVKRIHEYKRQLLNCLHVITLYNRIKKEPN---------KFVVPRTVMIGGKAAPGYHMAKMIIKLITAIGDVVNHDPVVGDRLRVIFLENYRVSLAEKVIPAADLSEQISTAGTEASGTGNMKFMLNGALTIGTMDGANVEMAEEAGEENFFIFGMRVEDVDRLDQRGYNAQEYYDRIPELRQIIEQLSSGFFSPKQPDLFKDIVNMLMHH--DRFKVFADYEEYVKCQERVSALYK-NPREWTRMVIRNIATSGKFSSDRTIAQYAREIWGVEPSRQRLPAPDEKI
>seq0003 
TRRLTGFLPQEIKSIDTMIPLLSRALWNKHQVKKFNKAEDFQDRFIDHVETTLAR-SLYNCDDMVAYEAASMSIRDNLVIDWNKTQQKFTTRDPKRVYYLSLEFLMGRALDNALINMKIPREMIKGALDELGFKLEDVLDQEPDAGLGNGGLGRLAACFVDSMATEGIPAWGYGLRYEYGIFAQKIIDGYQVETPDYWLNSGNPWEIERNEVQIPVTFYGYVDRPTTLSASQWIGGERVLAVAYDFPVPGFKTSNVNNLRLWQARPTTEFDLNKFN-----NGDYKNSVAQQQRAESITAVLYPNDNFAQGKELRLKQQYFWCAASLHDILRRFKKSKR--------PWTEFPDQVAIQLNDTHPTLAIVELQRVLVDLEKLDWHEAWDIVTKTFAYTNHTVMQEALEKWPRRLFGHLLPRHLEIIYDINWFFLEDVAKKFPKDVDLLSRISIIEENSPERQIRMAFLAIVGSHKVNGVVELHSELIKTTIFKDFIKFYGPSKFVNVTNGITPRRWLKQANPSLAKLISETLNDPTEEYLLDMAKLTQLEKYVEDKEFLKKWNQVKLNNKIRLVDLIKKENDGVDIINREYLDDTLFDMQVKRIHEYKRQQLNVFGIIYRYLAMKNMLKNGASIEEVARKYPRKVSIFGGKSAPGYYMAKLIIKLINCVADIVNNDESIEHLLKVVFVADYNVSKAEIIIPASDLSEHISTAGTEASGTSNMKFVMNGGLIIGTVDGANVEITREIGEDNVFLFGNLSENVEELRYNH--QYHPQDLPSSLDSVLSYIE--QFSPENPNEFKPLVDSIKYH-GDYYLVSDDFESYLATHELVDQEFHNQRSEWLKKSVLSLANVGFFSSDRCIEEYSDTIWNVEPVT----------
