>seq0001 
------------------------MDDLERVLYNQDDIQKRIRELAAELTEFYEDKNPVMICVLTGAVFFYTDLLKHLD---------FQLEPDYIICSS-----LTISK-----DLKTNIEGRHVLVVEDIIDTGLTMYQLLNNLQMRKPASLKVCTLCDKDIGKKAYDVPIDYCGFVVEN-RYIIGYGFDFHNKYRNLPVIGILKE------------------
>seq0002 
SPGVVISDDEPGYDLDLFCIPNHYAEDLERVFIPHGLIMDRTERLARDVMKEMGGHHIVALCVLKGGYKFFADLLDYIKALNRNSDRSIPMTVDFIRLKSYCNDQSTGDIKVIGGDDLSTLTGKNVLIVEDIIDTGKTMQTLLSLVRQYNPKMVKVASLLVKRTPRSV-GYKPDFVGFEIPD-KFVVGYALDYNEYFRDLNHVCVISETGKAKYKA----------
>seq0003 
----------------------------EKYIVTWDMLQIHARKLASRLMP--SEQWKGIIAVSRGGLVPGALLARELGIR----------HVDTVCISS-----LKVLK-----RAEGDGEG--FIVIDDLVDTGGTAVAIREMYP-----KAHFVTIFAK--PAGRP--LVDDYVVDIPQDTWIEQPWDMG-----------------------VVFVPPISGR
