>seq0001 
--------EMEKEFEQIDKSG--SWAAIYQDIRHEASDFPCRVAKLPKNKNRNRYRDVSPFDHSRIKLHQE----DNDYINASLIKMEEAQRSYILTQGPLPNTCGHFWEMVWEQKSRGVVMLNRVMEKGSLKCAQYWPQKEEKEMIFEDTNLKLTLISEDIKSYYTVRQLELENLTTQETREILHFHYTTWPDFGVPESPASFLNFLFKVRESGSLSPEHGPVVVHCSAGIGRSGTFCLADTCLLLMDKRKDPSSVDIKKVLLDMRKFRMGLIQTAEQLRFSYLAVIEGAKFIMGDSSVQDQWKELSHED
>seq0002 
---AIRVADLLQHITQMKCAEGYGFKEEYESFFEGQS-APWDSAKKDENRMKNRYGNIIAYDHSRVRLQTIEGDTNSDYINGNYIDGYHRPNHYIATQGPMQETIYDFWRMVWHENTASIIMVTNLVEVGRVKCCKYWPDD---TEIYK--DIKVTLIETELLAEYVIRTFAVEKRGVHEIREIRQFHFTGWPDHGVPYHATGLLGFVRQVKSK--SPPSAGPLVVHCSAGAGRTGCFIVIDIMLDMAEREGV---VDIYNCVRELRSRRVNMVQTEEQYVFIHDAILEACL-------------------
>seq0003 
KYPPLPVDKLEEEINRRMADDNKLFREEFNALPACPIQATCEAASKEENKEKNRYVNILPYDHSRVHLTPVEGVPDSDYINASFINGYQEKNKFIAAQGPKEETVNDFWRMIWEQNTATIVMVTNLKERKECKCAQYWPDQ--GCWTYG--NVRVSVEDVTVLVDYTVRKFCIQQ-----QRLITQFHFTSWPDFGVPFTPIGMLKFLKKVKAC--NPQYAGAIVVHCSAGVGRTGTFVVIDAMLDMMHSERK---VDVYGFVSRIRAQRCQMVQTDMQYVFIYQALLEHYLY------------------
