>seq0001 
ePaTILLIDDHPMLRTGVKQLISmAPdITVvGEASNGEQGIElaeslDPDLILLDLNMPGMNGLETLDKLRE--kSL--SGrIVVFSVSN-hEEDVVTALK--RGADGYLLKDMEPEDLLKALHQAaag-em
>seq0002 
tGlKVLVMDENGVSRMVTKGLLVhLG-CEV-TTVSSNEECLRvvsh-EHKVVFMDVCMPGVENYQIALRIHEkftQRhqRPlLVALSGNTd-KSTKEKCMS--FGLDGVLLKPVSLDNIRDVLSDLle----
>seq0003 
-NvRVLVVEDERDLADLITEALKkE--FTV-DVCYDGEEGY--alnePFDVVILDI-LPVHDGWEILKSRES-----gvNTpVL-LTA----LSDVEYRVKglNGADDYLPKPFDLRELIARVRALirrkse
