>seq0001 
--------------ggPVALsLHDEPTASRDYLLGRlga------adLAIWDARS--------PQEYRgekvl--aa--kgGhiPGAVNFEwtaamdpsra--lrirt--DIAGRLEeLGITP-----dkEIVTHQ----THHrSGLTYLIAKAlg----------YPRVKGYAGSWGEWgnh--pdtpvEL------------------------
>seq0002 
dhreligdyskafllqTVDGkHQDLKYISPETMVALltgkfsnivdkFVIVDCRY--------PYEYE------------gGhiKTAVNLPl----------------ERDAESFLLkSPIAPcsldkrvILIFHCe--fSSErGPRMCRFIRErdravndypslyYPEMYILKGGYKEFfpqh-pnfcePQDyrpmnheafkdelktfrlktrsw
>seq0003 
----------------VHQV--LYRALVSTKWLAESvragkv--gpgLRVLDASWyspgtreaRKEYLe------------RhvPGASFFDieecrdkaspyevmlpsEAGFADYVGsLGISN-----dtHVVVYDgddlGSFyAPRVWWMFRVfg----------HRTVSVLNGGFRNWlke---ghpvTSE-----------------psrpep
