>seq0001 
------------MDREALLQAVKEARELAKPRNFTQSFEFIATLKEIDMRKPENRIKTEVVLPHGRGKEAKIAVIGTGDLAKQAEELGL-TVIRKEEIEELGKNKRKLRKIAKAHDFFIAQADLMPLIGRYMGVILGPRGKMPK----PVPANANIKPLVERLK-KTVVINTRDKPYFQVLVGNEKMTDEQIVDNIEAVLNVVAKKY-E--KGLYHIKDAYVKLTMGPAVKVK---
>seq0002 
------------MDRENILKAVKEARSLAKPRNFTQSLDLIINLKELDLSRPENRLKEQVVLPNGRGKEPKIAVIAKGDLAAQAEEMGL-TVIRQDELEELGKNKKMAKKIANEHDFFIAQADMMPLVGKTLGPVLGPRGKMPQ----PVPANANLTPLVERLK-KTVLINTRDKPLFHVLVGNEKMSDEELAENIEAILNTVSRKY-E--KGLYHVKSAYTKLTMGPPAQIEK--
>seq0003 
KRYRALLEKVDPNKIYTIDEAAHLVKELA-TAKFDETVEVHAKLG-IDPRRSDQNVRGTVSLPHGLGKQVRVLAIAKGEKIKEAEEAGADYVGGEEIIQKILD-------GWMDFDAVVATPDVMGAVGSKLGRILGPRGLLPNPKAGTVGF--NIGEIIREIKAGRIEFRNDKTGAIHAPVGKACFPPEKLADNIRAFIRALEAHKPEGAKG-TFLRSVYVTTTMGPSVRINPHS
