>seq0001 
PRVELEIPE---DVDAEQDHLDITVEGDN---GSVTRRLWYPDIDVSVDG-DTVVIESDEDNAKTMSTIGTFQSHIENMFHGVTEG-----------------
>seq0002 
WEYGMEVFYSHFPMQVNVEGDEVVIENFLGEKAPRRTTIH-GDTDVEIDG-EELTVSGP-----DIEAVGQTAADIEQLTRINDKDVRVFQDGVYITRKP---
>seq0003 
YEKALELVGV--GYRASKQGKKLVLSV--GYSHPVEIEPE-EGLEIEVPSQTKIIVKGA-----DKQRVGELAANIRAVRPPEP----YKGKGIRYEGELVRL
