>seq0001 
-IIIGIDEAGRGPVLGP-VVCAFAIEKEREEELKKLGVK---ELTKNKRAYLKKLLENLG-YVEKRILEAEEINQL-NSINLNDIEINAFSKVAKNLIEKLNIRDDEIEIYIDACSTNTKKFEDSFKDKIEDIIKERNLNIKIIAEHKADAKYPVVSAASIIAKAERDEIIDYYKKIYGDIGSGYPSDPKTIKFLEDYFKKHKKLPDIARTHWKTCKRILDKSKQT--
>seq0002 
-MKAGIDEAGKGCVIGPLVVAGVACS--DEDRLRKLGVKDSKKLSQGRREELAEEIRKIC-RTEVLKVSPENLDERMAAKTINEILKECYAEIILRL----KP----EIAYVDSPDVIPERLSRELEEITG---------LRVVAEHKADEKYPLVAAASIIAKVEREREIERLKEKFGDFGSGYASDPRTREVLKEWIAS-GRIPSCVRMRWKTVSNLRQK------
>seq0003 
MKIAGIDEAGRGPVIGPMVIAAVVVDENSLPKLEELKVRDSKKLTPKRREKLFNEILGVLDDYVILELPPDVIGSR--EGTLNEFEVENFAKALNSL--KVKP----DVIYADAADVDEERFARELGERLNF-------EAEVVAKHKADDIFPVVSAASILAKVTRDRAVEKLKEEYGEIGSGYPSDPRTRAFLENYYREHGEFPPIVRKGWKTLKKIAEKVESEKK
