>seq0001 
YQLEKEPIVGAETFYVDGAANRETKLGKAGYVTN---KGRQKVVPLTNTTNQKTELQAIYLALQDS--GLEVNIVTDSQYALGIIQA-QPDK--------------SESELVNQIIEQLIKKEKVYLAWVP-----GGNEQVDKLVSAGI-----------
>seq0002 
--------RKRVALFTDGACLGNPGPGGWAALLRFHAHEKLLSGGEACTTNNRMELKAAIEGLKALKEPCEVDLYTDSHYLKKAFTEGWLEGWRKRGWRTAEGKPVKNRDLWEALLLAMAPH-RVRFHFVKGHTGHPENERVDREARRQAQSQAKT-----
>seq0003 
--------LKQVEIFTDGSCLGNPGPGGYGAILRYRGREKTFSAGYTRTTNNR-EL-AAIVALEALKEHCEVILSTDSQYVRQGITQ-WIHNWKKRGWKTADKKPVKNVDLWQRLDAALGQH-QIKWEWVKGHAGHPENERCDELARAAA-NPTLEDTGYQ
