>seq0001 
irpNhTIYINNMNDKIKkeelKRSLYALFsqfGHVVDIVal--Ktmkm--rGqAFVIFKELGSSTNALRqlQGFpfYGkpMRIQYAKtdsdiiskmrg
>seq0002 
-rpNhTIYINNLNEKIKkdelKKSLHAIFsrfGQILDILvs--Rslkm--rGqAFVIFKEVSSATNALRsmQGFpfYDkpMRIQYAKtdsdiiakm--
>seq0003 
-----KIFVGGLSVNTT----VEDVKHYFeqfGKVDDAMlmfDK-ttnrhrGfGFVTFESEDIVEKVCE-iHFHeiNNkmVECKKA------------
