>seq0001 
-----------YkmgyWDGDYVPKD-----TdLLALFRITPQDGVDPVEAAAAVAGESSTATWTVVwtdrltacdmyRAKAYRVDpVPnnpeQFFCYVAYdLSLFE------EGSIANLTASIiGnVFSFKPIKAarLEDMRFPVAYVKT
>seq0002 
saagykagvkdYkltyYTPDYTPKD-----TdLLAAFRFSPQPGVPADEAGAAIAAESSTGTWTTVwtdlltdmdryKGKCYHIEpVAgeenSYFAFIAYpLDLFE------EGSVTNILTSIvGnVFGFKAIRSlrLEDIRFPVALVKT
>seq0003 
----------dQssryVNLALKEEDliaggEhVLCAYIMKPKAGYGYVATAAHFAAESSTGTR------------gvDALVYEVDeA-----RELTKIAYpVALFDrnitdgKAMIASFLTLTmGnNQGMGDVEYakMHDFYVPEAYRAL
