>seq0001 
FQGPATGVILERERLDKF---GRPLLGcTTKPKLGLSGKNYGRVVYEALKGGLDFV-DDENINSQPFMRWRERYLFTMEAVNKASAATGEVKGHyLNVTAATMEEMYARANFAKEl-----GSVIIMIDl-viGYTAIQTMAKWARDnDMILHLHRAGnSTYSRQK-NHGMNFRVICKWMRMAGVDHIHAGTVVGKLEGDPIITRGFYKTLLLPKLERNlqeGLFFDMEWASLRKVMPVASGGIHagqMHQLIHYLG-EDVVLQFGGGTIGHPDGIQAGATANRVALEAMILARNeNRDYLTEGPEILREAAKtCGALRTALDLwKDITFn-YTStdtsdfv
>seq0002 
FDGPAFGIEGVRKMLEIK---DRPIYGvVPKPKVGYSPEEFEKLAYDLLSNGADYMkDDENLTSPWYNRFEERAEIMAKIIDKVENETGEKKTWfANITA-DLLEMEQRLEVLADl-----GLKHAMVDvvitGWGALRYIRDLAADyGLAIHGHRAMhAAFTRNP-YHGISMFVLAKLYRLIGIDQLHVGTAEG----GKWDVIQNARILRESHYKPDendVFHLEQKFYSIKAAFPTSSGGLHpgnIQPVIEALG-TDIVLQLGGGTLGHPDGPAAGARAVRQAIDAIMQ------------GIPLDEYAKtHKELARALEKwGHVTP------------
>seq0003 
FDGPSVNISALWKVLGRPevdGGLVVGtIIKPKLGLRPKPFAEACHAFWLG-GDFIkNDEPQGNQPFAPLRDTIALVADAMRRAQDETGEAKLFsANITADDPFEIIARGEYVLEtfgenaSHVALLVDgyvaGAAAITTARRRFP--DNFLHYHRAGhGAVTSPQsKRGYTAFVHCKMARLQGASGIHTGTS---------SDRAIAYMLTQDEAQGP-----FYRQSWGGMKACTPIISGGMNalrMPGFFENLGnANVILTAGGGAFGHIDGPVAGARSLRQAWQAWRD------------GVPVLDYAReHKELARAFESfPGDADqiYPGwrkalgv
