>seq0001 
--LAMTMehKDRPLVRVILTntgshpvkqrSVYITALLDTGADDTVIseedwpT---DWPvMEAanpQIHgIGgGIPVRKSrDmIELGVInrdGslerPLLLFPLVa---MTPVNILGRDCLQGlGLRLTNl
>seq0002 
--PQITL--WQRPLVTIKIG----------GQLKEALLDTGADDTVLe-----EmSLPGRwKPK---MIGgIGgFIKVRQY-DqILIEIC---G---hKAIGTVLVg---PTPVNIIGRNLLTQiGCTLNF-
>seq0003 
vgTTTTL--EKRPEILIFVN----------GYPIKFLLDTGADITILnrrdfqV-KNSIEnGRQ---NMIgVGgGKRGTNY-InVHLEIRden-yktqCIFGNVCVlednSLIQPLLGRDNMIKfNIRLVM-
