>seq0001 
KIEEGKLVIWINGDKGYNGLAEVGKKFEKDTGIKVTVEHPD--KLEEKFPQVAATGDGPDIIFW-AHDRFGGYAQSGLLAEITPDKAFQDKLYPFTWDAVRYNGKLIAYPIAVEALSLIYNKDLLP--NPPKTWEEIPALDKELKAKGKSALMFNLQEPYFTWPLIAAD--GGYAFKYENGKYDIKDVGVDNAGAKAGLTFLVDLIKNKHMNADTDYSIAEAAFNKGETAMTINGPWAWSNIDTSK----VNYGVTVLPTFKGQPSKPFVGVLSAGINAASPNKELAKEFLENYLLTDEGLEAVNKDKPLGAVALKSYEEELAKDPRIAATMENAQKGEIMPNIPQMSAFWYAVRTAVINAASGRQTVDEALKDAQTRIT
>seq0002 
-----DITVYNGQ--HKEAAQAVADAFTRATGIKVKLNCAKGDQLAGQIKEEGSR-SPADVFYSEQIPALATLSAANLLEPLP--ASTINETRGK--GVPVAA-KKDWVALSGRSRVVVYDTRKLSEKDLEKSVLNYAT--PKWK----NRIGYVPTSGAFLEQIVAIVKLKG------------------EAAALKWLKGLKEY-----GKPYAKNSVALQAVENGEIDAALINNYYWHAFAREKGVQNVHTRLNFVRH---RDPGALVTYSGAAVLKSSQNKDEAKKFVA-FLAGKEGQRALTAVRA-EYPLNPHVVSTFN----LEPIAKL-EAPQVSATTVSEKEHATRLLEQAGMK-------------------
>seq0003 
-----DITVYNGQ--HKEAATAVAKAFEQETGIKVTLNSGKSEQLAGQLKEEGDK-TPADVFYTEQTATFADLSEAGLLAPIS--EQTIQQTAQK--GVPLAP-KKDWIALSGRSRVVVYDHTKLSEKDMEKSVLDYAT--PKWK----GKIGYVSTSGAFLEQVVALSKMKG------------------DKVALNWLKGLKEN-----GKLYAKNSVALQAVENGEVPAALINNYYWYNLAKEKGVENLKSRLYFVRH---QDPGALVSYSGAAVLKASKNQAEAQKFVD-FLASKKGQEALVAARA-EYPLRADVVSPFN----LEPYEKL-EAPVVSATTAQDKEHAIKLIEEAGLK-------------------
