>seq0001 
anIVGGIEYSINnAsLCSVGFSVTRG-ATKGFVTAGHCGTVNATARiG---gaVVGTFAARVFPGNDRAWVSLT-saqtLLPRVAnG-SsFVTVRGSTEAAVGAAVCRSGRTTGYQCGTITAKNVTANyA-EgAVRGLTQGNACMGRGDSGGSWITSaGQAQGVMSGGnvqsngnnCGIpasqrsSLFERLQPILSQYGlSLVtg
>seq0002 
--IAGGEAIYAAgGgRCSLGFNVRSSsGATYALTAGHCTEIASTWYtNsgqtsLLGTRAGTSFPGNDYGLIRHSNasa-ADGRVYlYnGsYRDITGAGNAYVGQTVQRSGSTTGLHSGRVTGLNATVNyGgGdIVSGLIQTNVCAEPGDSGGALFAG-STALGLTSGGs-----gnCRTg---gtTFFQPVTEALSAYGvSIL--
>seq0003 
--IAGGEAITT-gGsRCSLGFNVSVN-GVAHALTAGHCTNISASWS--------IGTRTGTSFPNNDYGIIRHSNpaa-ADGRVYlYnGsYQDITTAGNAFVGQAVQRSGSTTGLRSGSVTGLNATVNyGsSgIVYGMIQTNVCAQPGDSGGSLFAG-STALGLTSGGs-----gnCRTg---gtTFYQPVTEALSAYGaTVL--
