>seq0001 
IVGGRRARPHAWPFMVSLQlR------ggHFCGATLIAPNFVMSAAHCVa-------nvnvrA-vRVVLGAHNLSRREp-TRQVFAVQRIFED-GYDP-VNLLNDIVILQLNGSATINANVQVAQLPAqg---RRLGNGVQCLAMGWGLLGR-----nr-GIASVLQELNVTvvT-SLCr-----------RSNVCTlVR----gRQAGVCFGDSGSPLVCn------gLIHGIASFVR-gGCASGLYPDAFAPvAQfVNWIDSIIq----
>seq0002 
IIGGTESKPHSRPYMAYLEiVtsng--psKFCGGFLIRRNFVLTAAHCAg-------r-----siTVTLGAHNITEEEd-TWQKLEVIKQFRHPKYNT-STLHHDIMLLKLKEKASLTLAVGTLPFPSqf---NFVPPGRMCRVAGWGRTGV-----lk-PGSDTLQEVKLRlmDPQACs----hfrDFDHNLQLCVgNP----rKTKSAFKGDSGGPLLCa------gVAQGIVSYGRs--DAK--PPAVFTRiSHyRPWINQILqaN--
>seq0003 
IVEGSDAEIGMSPWQVMLFrK----spqeLLCGASLISDRWVLTAAHCL-lyppwdknftenD-lLVRIGKHSRTRYErNIEKISMLEKIYIHPRYNWrENLDRDIALMKLKKPVAFSDYIHPVCLPDretaaSLLQAGYKGRVTGWGNLKEtwtanvgkGQPSVLQVVNLPivERPVCkdstr---IRITDNMFCAgYKpdeg-KRGDACEGDSGGPFVMkspfnnrwYQMGIVSWGE--GCDRDGKYGFYTHvFRlKKWIQKVIdqFge
