>seq0001 
hhppsYVAHLASDFGVRVFQQVAQAS-KDRNVVFSPYGVASVLAMLQlTTGGETQQQIQAAmGfk-----IDDKgMAPALRHLYKELMGPw-nKdEISTTDAIFVQRDLKLVQGFMPHFFRlfRStVKQVDFS-EVERARFIINDWVKTHTKGMISNLLGkgAVDQLtrLVLVNALYFNGqWKTPFPDSSTHRRLFHKSDGSTVSVPMMAQTNKFNYTEFttpdgHYYDILELPYHGdTLSMFIAAPYEkev--PLSALTNiLSAQLISHWKgNMTRLPRLLVLPKFSLETEVDlRKPLENlGMTDMFRqFQADFTSLSDQ--EPLhvaQALQKVKIEVNESgt-----------------APEEIIMDRPFLFVVRHNPTGtVLFMGQVMEP---
>seq0002 
-rrvwELSKANSRFATTFYQHLADSKnDNDNIFLSPLSISTAFAMTKlGACNDTLQQLMEVfKfdtIsEkTSDQ-IHFFFAKLNCRLYR----SsKLVSANRLFGDKSLTFNETYQDISELvyGAkLQPLDFKeNAEQSRAAINKWVSNKTEGRITDVIPseAINELtvLVLVNTIYFKGlWKSKFSPENTRKELFYKADGESCSASMMYQEGKFRYRRV---a-EGTQVLELPFKGdDITMVLILPKP---ekSLAKVEKeLTPEVLQEWLdELEEMMLVVHMPRFRIEDGFSlKEQLQDmGLVDLFSpEKSKLPGIVAEgrDDLyvsDAFHKAFLEVNEEgseaaastavviagrslnpNRVTFKANRPFLVFIREVPLNtIIFMGRVANPcv-
>seq0003 
nrrvwELSKANSHFATAFYQHLADSKnNNDNIFLSPLSISTAFAMTKlGACNNTLTQLMEVfKfdtIsEkTSDQ-IHFFFAKLNCRLYRKankSsELVSANRLFGDKSITFNETYQDISEVvyGAkLQPLDFKgNAEQSRLTINQWISNKTEGRITDVIPpqAINEFtvLVLVNTIYFKGlWKSKFSPENTRKELFYKADGESCSVLMMYQESKFRYRRV---a-ESTQVLELPFKGdDITMVLILPKL---ekTLAKVEQeLTPDMLQEWLdELTETLLVVHMPRFRIEDSFSvKEQLQDmGLEDLFSpEKSRLPGIVAEgrSDLyvsDAFHKAFLEVNEEgseaaastvisiagrs----RVTFKANRPFLVLIREVALNtIIFMGRVANPcvd
