>seq0001 
-----lEPEPWFFKNLSRKDAERQLlapGNTHGSFLIRESESTA-GSFSLSVRdFdqnqgEvVKHYKIrnLDnGGFYISPRItfPGLHELVRHYTnASD--GLCTRLSrpCQT------
>seq0002 
gspgihESKEWYHASLTRAQAEHMLmrv-PRDGAFLVRKRN--EpNSYAISFRaE-----GkIKHCRVqqEG-QTVMLGN-SefDSLVDLISYYEkHPLyr--KMKLRypI--neenss
>seq0003 
-----mETEEWFFKGISRKDAERQLlapGNMLGSFMIRDSETTK-GSYSLSVRdYdprqgDtVKHYKIrtLDnGGFYISPRStfSTLQELVDHYKkGND--GLCQKLSvpCMSsk----
