>seq0001 
TGPLSVLTQSVKNNTQVLINCRNNKKLLGRVKAFDRHCNMVLENVKEM---------------DRYISKMFLRGDSVIVVLRNPLIAGK
>seq0002 
GVPIKVLHEAE--GHIVTCETNTGEVYRGKLIEAEDNMNCQMSNITVTYRD----------GRVAQLEQVYIRGCKIRFLILPD-----
>seq0003 
----SKMLQHI--DYRMRCILQDGRIFIGTFKAFDKHMNLILCDCDEFRKIKPKNSKQAEREEKRVLGLVLLRGENLVSMTVEGPPP--
