>seq0001 
----AQTvPyGIPLIKadkvqaqGYKGANVKVGIIDT-GIASSHTDL-----------KVVGGASFVS--GE-SYnTDG--NGHGTHVAGTVAALDNTTGVLGVAPNVSLYAIKVLNSSGSGSYSAIVSGIEWATQN---GLDVINMSLGGP------S-GSTALKQAVDKAYASGIVVVAAAGNSGNs-----gsQNTIgyPAKYDSVIAVGAVDSN--------KNRAS------FSSVGS----------------------------ELEVMAPGV--SVYSTYPSNTYTSLNGTSMASPHVAGAAALILSKYPTLSASQVRNRLSSTA----TNL-GD-----------------sfyyGKGlINVEAAaq----
>seq0002 
----AQSvPwGISRVQapaahnrGLTGSGVKVAVLDT-GIS-THPDL-----------NIRGGASFVP--GEpST-QDG--NGHGTHVAGTIAALNNSIGVLGVAPSAELYAVKVLGASGSGSVSSIAQGLEWAGNN---GMHVANLSLGSP------S-PSATLEQAVNSATSRGVLVVAASGNSGA---------GSIsyPARYANAMAVGATDQN--------NNRAS------FSQYGA----------------------------GLDIVAPGV--NVQSTYPGSTYASLNGTSMATPHVAGAAALVKQKNPSWSNVQIRNHLKNTA----TSL-GS-----------------tnlyGSGlVNAEAAtr----
>seq0003 
aaptAYTpLdVAQAYQfpe----GLDGQGQCIAIIELgGGYD-ETSLaqyfaslgvsaPQVVSVSVD-gaTNqPTgDPNgpDGEVELDIEVAGAL---------APGAKIAVYFAPN-----TDAGFLNAITTAVHDpthKPSIVSISWGGPedswap-aSIAAMNRAFLDAAALGVTVLAAAGDSGStdgeqdg-LYHVdfPAASPYVLACGGTRLVasagrierETVWNdgpdggSTGGGVsrifplpswqeranvppsanpgagsgrgVPDVAGNADpaTGYEVVIDGETTVIGGTSAVAPLFAALVARINQKLGKPVGY-LNPTLYQLPpevfHDItEGnndianrariyqagpgwdpctGLGsPIGIRLlqallp
