>seq0001 
----------------------eyyevfGEFR--GVLMdkrftkywedve-MFLARP----DDLVIATYPKSGTTWISEVVYMIYKeg------daifnrIPYLEC---rne-------------------------dl--inGIKQLkEKE--SPRIVKTHLP--PKLLPasfwe--KNCKMIYLCRNAKDVAVSYYYFLLMITSYPNPK-SFSEFVE----------KFMqGQVPYGSWYDHVKAWWekSKNSRVLFMFYEDMKEDIRREVVKLIEFlERKpsaelvdriiqhts--fqemknNpstnytmmPeemMNQKvsPFMRKGIIGdWKNHFPEALRERFDEHYKQQmK-------DCTVKFRm--e----
>seq0002 
pfpyefrelnpeedklvkanlgafpttyVKLGpkGYMVyrpylkdaaniy-NMPLRP----TDVFVASYQRSGTTMTQELVWLIENdlnfeaaktymslrYIYLDGfmiydpekqeeyndilpnpenldmerylglleyssrpGSSLLaAVPptEKRFVKTHLP--LSLMPpnmld--T-VKMVYLARDPRDVAVSSFHHARLLYLLNKQS-NFKDFWE----------MFHrGLYTLTPYFEHVKEAWakRHDPNMLFLFYEDYLKDLPGCIARIADFlGKKlseeqiqrlcehln--fekfknNgavnmedyReigILADgeHFIRKGKAGcWRDYFDEEMTKQAEKWIKDNlK-------DTDLRYPnm------
>seq0003 
-------------------------------------------------dpLWQDPCcdrfPKLLIIGPQKTGTTALYLFLGMHPDlssnypss--etfeEIQFFNg-----------------------------hnyhk-gIDWYMeFFPisDFYFEKSANYfdSEVAPrraaallPKAKVLTILINPADRAYSWYQHQRAHDDPVALKyTFHEVITagsdassklrALQnRCLVPGWYATHIERWLsaYHANQILVLDGKLLRTEPAKVMDMVQKFlGVT----ntidyhktlafdp---kkGfwcqllegGktkCLGK--SKGRKYP------EMDLDSRAFLKDYYRDHnIelskllyKMGQTLPtwlredlq
