>seq0001 
----------------------mFKVYGYDsnihkcvYCDNAKRLLTVKK--QpFEFINIMpekgvfddekiAELLTKlGRDtqiglTMPQVFApd----gSHIGG---fDQLREYFK---------
>seq0002 
sdkiihltddsfdtdvlkadgaiLVDFWAEwcgpckmIAPILDEIADEYQgkLtVAKLNID---------qnPGTAPKyGIR-----GIPTLLLfkngevaATKVGalskGQLKEFLDanla-----
>seq0003 
---------------------anVEIYTKE----tcpYSHRAKALLSSKG--VsFQELPIDgn-----aakrEEMIKRsGR-----tTVPQIFI-d----aQHIGG---yDDLYALDArggldpllk
