>seq0001 
RHPVVMGNWKLNGSKEMVVDLLNGLNAELEGVtGVDVAVAPPALFVDLAERTLTeAgsAIILGAQNTDLNNSGAFTGDMSPAMLKEFGATHIIIGHSERREYHAESDEFVAKKFAFLKENGLTPVLCIGESDAQNEAGETMAVCARQLDAVIntQGvealEGAIIAYEPIWAIGTGKAATAEDAQRIHAQIRAHIAEK-SEAVAKNVVIQYGGSVKPENAAAYFAQPDIDGALVGGAALDaKsFAAIAKAAAeaka
>seq0002 
RKYFVAANWKCNGTLESIKSLTNSFNNLDFDPsKLDVVVFPVSVHYDHTRKLLQ-S--KFSTGIQNVSKFGNGSYTGEVSAEIAKDLNIEYVIIGHFERRKYFHETDEDVREKLQASLKNNLKAVVCFGESLEQREQNKTIEVITKQVKAFVdlID--nfDNVILVYEPLWAIGTGKTATPEQAQLVHKEIRKIVKDTcGEKQANQIRILYGGSVNTENCSSLIQQEDIDGFLVGNASLK-EsFVDIIKSAM----
>seq0003 
RKPIIAGNWKMNGTLAEAVQFVEDVKGHVPPAdEVISVVCAPFLFLDRLVQAAD--gtDLKIGAQTMHFADQGAYTGEVSPVMLKDLGVTYVILGHSERRQMFAETDETVNKKVLAAFTRGLIPIICCGESLEEREAGQTNAVVASQVEKALagLTpeqvKQAVIAYEPIWAIGTGKSSTPEDANSVCGHIRSVVSRLfGPEAAEAIRIQYGGSVKPDNIRDFLAQQQIDGALVGGASLEpAsFLQLVEAGR----
