>seq0001 
MRLFIAEKPSLARAIADVLPKPHRKGDGFIECGNGQVVTWCIGHLLEQAQ-PDAYDSRYARWNLADLPIVPEKWQLQPRPSVTKQLNVIKRFLHEASEIVHAGDPDREGQLLVDEVLDYLQ--LAPEKRQQ-VQRCLIN
>seq0002 
NRLLVVEGYMDVVALAQY---------------GINYAVASLG---------------------------------------STTADHIQLLFRATNNVICCYDGDRAGRDAAWRALETALPYMTD---GRQLRFMFLP
>seq0003 
KALVIVESPAKAKTINKYLG-------------SDYVVKSSVGHIRDLPDERGALVNRMG-VDPWHN----WEAHYEVLPGKEKVVSELKQLAEKADHIYLATDLDREGEAIAWHLREVIG--GD---DAR-YSRVVFN
