>seq0001 
--------------QTQKMNLFQSVTSALDNSLAKDPTAVIFGEDVA-FGGVFRCTVGLRDKYGK------------DRVFNTPLCEQGIVGFGIGIAVT--GATAIAEIQFADYIFPAFDQIVNEAAKYRYRSGDLFNCGSLTIRSPWGCVG-HGALYHSQS-PEAFFAHCPGIKVVIPRSPFQAKGLLLSCIEDK-NPCIFFEPKILYRAA----------------AEEVPIE
>seq0002 
--------------ATTT--TIQALRSA-DV-LERDDNVVVYGQDVGYFGGVFRCTEGLQTKYGK------------SRVFDAPISESGIVGTAVG-GAY--GLRPVVEIQFADYFYPASDQIVSE-ARLRYRSAGEFIA-PLTLR-PCGGGI-YGGQTHSQS-PEA-FTQVCGLRTV-PSNPYDAKGLLIASIECD-DPVIFLEPKRLYNGPFDGHHDRPVTPWSKHPHSAVPDG
>seq0003 
LPANWESKLPTYTAKDSAVATRKLSETVLEDVYNQLPELIGGSADLTP---SNLTRWK---EALDFQPPSSGSGNYSGRYIRYGIREHAMGAIMNGISAFGANYKPYGGT-FLNFVSYAAGAVR-LSALS--------GHPVIWVATHDSIGVGEDGPTHQPIETLAHFRSLPNIQVWRPADGNEVSAAYKNSLESKHTPSIIALSRQ--NLPQL---------------------
