>seq0001 
---PYNIPLSQAEVIQEGS--DVTLVAWGTQVHVIREVASMAKEKLGVSCEVIDLRTIIPWD---VDTICKSVIKTGRLLISHEAPLTGGFASEISSTVQEECFLNLEAPISRVCGYDTPFPH----IFEPFYIPDKWKCYDALRKMINY--------------
>seq0002 
---YYTVPLDKAAITRPGN--DVSVLTYGTTVYVAQVAAEES----GVDAEVIDLRSLWPLD---LDTIVESVKKTGRCVVVHEATRTCGFGAELVSLVQEHCFHHLEAPIERVTGWDTPYPH----AQEWAYFPGPSRVGAALKKVE-V--------------
>seq0003 
EGSSIESASKGGYVLQDVANPDIILVATGSEVSLSVEAAKTLAAK-NIKARVVSLPDFFTFDKQPLEYRLSVLPDNVPIMSVEVLATT--CWGKYAH--------------QSFGI-DRFGASGKAPEVFKFFGFTPEGVAERAQKTIAFYKGDKLISPLKKAF
