>seq0001 
-----FPIPRGVVFARVLEAHPIPGT--RLKRLVLDAG--RTVEVVSGA-ENAR----KGIGVALALPGTELPGLGQKVGERVIQGVRSFGMALSPRELGVGEYG-GGLLEFPEDALPPGTPLSEAWP
>seq0002 
----IDVSRLDLRIGCIITARKHPDAD-SLYVEEVDVGEIAPRTVVSGLVNHVPLEQMQNRMVILLCNL----------KPAKMRGVLSQAMVMC----ASSPE-KIEILAPP-NGSVPGDRITFD-A
>seq0003 
MTPLEAFQILDLRVGRVLRAEPHEKARKPSYKLWVDLGPLGVKQSSAQITELYRPEDLVGRLVVCAVNL----------GAKRVAGFLSEVLVLG----VPDEAGRVVLLAPD-REVPLGGKVF----
