>seq0001 
---------------------------------------------MEKVFYVTTPIYYVNAEPHLGHAYTTVVADFLARWHRLDGYRTFFLTGTDEHGETVYRAAQAA-----------------GEDPKAFVDRVSGRFKRAWDLLGIAYD--DFIRTTEERHKKVVQLVLKKVYEAGDIYYGEYEGLYCVSCERFYTEKELV---EGLCPIHGRPVERRKEGNYFFRMEKYRPWLQEYIQENPDLIRPEGYRN-EVLAMLAEPIGDLSISRPKSRVPWGIPLPWDE---------------------------------------------------------------NHVTYVWFDALLNYVSALDYPE--GEAYRTFWPHAWHLIGKDILKPHAVFWPTMLKAA-GIPMYRHLNVGGFLLGPDGRKMSKTLGNVVDPFALLEKYGRDALRYYLLREIPYGQDTPVSEEALRTRYEADLADDLGNLVQRTRAMLFRFAEGRIP---EPVA-------GEELA-EGTGLAGRLRPLVRELKFHVALEEAMAYVK-ALNR-YINEKK--PWELFKKEPEEARAVLYRVVEGLRIASILLTPAMPDKMAELRRALGLKE----EVRLEEAERWGLAEPRPIPE---------------------------------EAPVLFPKK-----------------------------------------------------------------------------------
>seq0002 
--------MFK-EVG-EPNFPKLEEEVLAFWKREKIFQKSVENRKGGPRYTVYEGPPTANGLPHVGHAQARSYKDLFPRYKTMRGYYAPRRAGWDTHGLPVELEVEKKLGLKSKREIEAYGIERFNQACRESVFTYEKEWEAFTERIAYWVDLEDAYATLEPTYIESIWWSLKNLFDRGLLYRDHKVVPYCPRCGTPLSSHEVALG-YPHCWRCSTPLMYYATESWFIKNTLFKDELIRNNQEI--HWVPPHIKEGRYGEWLKN-LVDWALSRN---RYWGTPLPIWVCQACGKEEAIGSFQELKARATKPLPEPFDPHRPYVDQVELACACG------------GTMRRVPYVIDVWYDSGAMPFASLHYPFEHEEVFRESFPADFIAEGIDQTRGWFNSLHQLGVMLFGSIAFKNVICHGLILDEKGQKMSKSKGNVVDPWDIIRKFGADALRWYIYVSAPPEADRRFGPNLVRETVRDYFL-TLWNVYSFFVTYANLD---RPDLKN-PPPPEKRPEMDRWLLARMQDLIQRVTEALEAYDPTTSARALRDFVVEDLSQWYVRRNRRRFWKNE-D-ALDREAAYATLYEALVLVATLAAPFTPFLAEVLWQNLVRSVRLEAKESVHLA-DWPEADPALADEALVAQMRAVLKVVDLARAARAK-------------------------------------------------------------------SGV---------------------------------
>seq0003 
MDYEKTLLMPKTDFPMRGGLPNKEPQIQEKWDAEDQYHKALEKNKGNETFILHDGPPYANGNLHMGHALNKILKDFIVRYKTMQGFYAPYVPGWDTHGLPIEQALTKK-GVD----RKKMSTAEFREKCKEFALEQIELQKKDFRRLGVRGDFNDPYITLKPEYEAAQIRIFGEMADKGLIYKGKKPVYWSPSSESSLAEAE---IEYPHDWRTKKPVIFRATPQWFASISKVRQDILDAIENT--NFKVNWGKT-RIYNMVRD-RGEWVISRQ---RVWGVPLPVFYAEN-GEIIMT---KETVNHVADLFAEH---GSNIWFERE--AKDLLPEGFTHPGSPNGTFTKETDIMDVWFDSGSSHRGVLETR----PEL--SFPADMYLEGSDQYRGWFNSSITTSVATRGVSPYKFLLSHGFVMDGEGKKMSKSLGNVIVPDQVVKQKGADIARLWVS-STDYLADVRISDEILKQTSD-DYR-KIRNTLRFMLGNIN-----DFNPDTDSIPESELLEVDRYLLNRLREFTASTINNYENFDYLNIYQEVQNFINVELSNFYLDYGKDILYIEQRD-SHIRRSMQTVLYQILVDMTKLLAPILVHTAEEVWSHTPHV----KEESVHLA-DMPKVVE--VDQALLDKWRTFMNLRDDVNRALETARNEKVIGKSLEAKVTIASNDKFNASEFLTSFDALHQLFIVSQVKVVDKLDDQATAYEHGDIVIEHADGEKCERCWNYSEDLGAVDELTHLCPRCQQVVKSLV
