>seq0001 
kpqkP-WEkDAWEIPRESLKLEKKLGaGQFgEVWMATYnK------hTKVAVKTmKPGSM--sVEAFLAEANVMKTL-QHDKLVKLHAVVTK--EPIYIITeFMAKGSLLDFLKS------degsKQPLPKLIDFSAQIAEGMAFIEQRNYIHRDLRAANILVSASLVCKIADFGlarviedneytAREg--AKFPIKWTAPEAINFGSFTIKSDVWSFGILLMEIVTYGRIPYPGMSN-PEVIRALERGYRMPRPENCPEELYNIMMRCWKNRPEERPTFEYIQSVLDdfyt--atesqeeip
>seq0002 
----LPYDaSKWEFPRDRLKLGKPLGrGAFgQVIEADAfGidktatcRTVAVKMlKEGAThseHRALMSELKILIHIgHHLNVVNLLGACTKpgGPLMVIVeFCKFGNLSTYLRSkrnefvpykdFLTLEHLICYSFQVAKGMEFLASRKCIHRDLAARNILLSEKNVVKICDFD-----------------ARLPLKWMAPETIFDRVYTIQSDVWSFGVLLWEIFSLGASPYPGVKIdEEFCRRLKEGTRMRAPDYTTPEMYQTMLDCWHGEPSQRPTFSELVEHLGnllqana--------
>seq0003 
----KPWWeDEWEVPRETLKLVERLGaGQFgEVWMGYYnG------hTKVAVKSlKQGSM--sPDAFLAEANLMKQL-QHQRLVRLYAVVTQ--EPIYIITeYMENGSLVDFLKT------psgiKLTINKLLDMAAQIAEGMAFIEERNYIHRDLRAANILVSDTLSCKIADFGla--rliedneTAR-egAKFPIKWTAPEAINYGTFTIKSDVWSFGILLTEIVTHGRIPYPGMTN-PEVIQNLERGYRMVRPDNCPEELYQLMRLCWKERPEDRPTFDYLRSVLEdfftat---------
