>seq0001 
gvkvpRNFRLLEELEEGQkGVGdGTVSWGLedDedm-tltRWTGMIIGPPRTNYENRIYSLKVECGPKYPEAPPSVRFVTKINMNGINNsSGMVDarsIPVLA-KWQNSYSIKVVLQELRRLMmS-------------------KENMKLPQPPE-----gqtynn
>seq0002 
--aasLPKRIIKETEKLVsDPV-PGITAEPh-D---dnlrYFQVTIEGPEQSPYEDGIFELELYLPDDYPMEAPKVRFLTKIYHPNIDR-LGRIC---LDVLKTNWSPALQIRTVLLSIQALLaSPNPNDPLAndVAEDwikNEQGAKAKAREWTKlyakkkp---
>seq0003 
---msSSKRIAKELSDLErDPP-TSCSAGPvgD----dlyHWQASIMGPADSPYAGGVFFLSIHFPTDYPFKPPKISFTTKIYHPNINA-NGNIC---LDILKDQWSPALTLSKVLLSICSLLtDANPDDPLVpeIAHIyktDRPKYEATAREWTKkya--v----
