>seq0001 
--------MEFFGESWKKHLSGEFGKPYFIKLMGFVAEERKH-YTVYPPPHQVFTWTQMCDIKDVKVVILGQDPYHGPNQAHGLCFSVQRPVPPPPSLENIYKELSTDIEDFVHPGHGDLSGWAKQGVLLLNAVLTVRAHQANSHKERGWEQFTDAVVSWLNQNSNGLVFLLWGSYAQKKGSAIDRKRHHVLQTAHPSPLSVYRGFFGCRHFSKTNELLQKSGKKPIDWKEL---
>seq0002 
LDWTTFRRVFLIDDAWRPLMEPELANPLTAHLLAEYNRRCQT-EEVLPPREDVFSWTRYCTPDEVRVVIIGQDPYHHPGQAHGLAFSVRANVPPPPSLRNVLAAVKNCYPEARMSGHGCLEKWARDGVLLLNTTLTVKRGAAASHSRIGWDRFVGGVIRRLAARRPGLVFMLWGTHAQNAIR-PDPRVHCVLKFSHPSPLS-KVPFGTCQHFLVANRYLETRSISPIDWSV----
>seq0003 
-------------LTWHDVLAEEKQQPYFLNTLQTVASERQSGVTIYPPQKDVFNAFRFTELGDVKVVILGQDPYHGPGQAHGLAFSVRPGIAIPPSLLNMYKELENTIPGFTRPNHGYLESWARQGVLLLNTVLTVRAGQAHSHASLGWETFTDKVISLINQHREGVVFLLWGSHAQKKGAIIDKQRHHVLKAPHPSPLSAHRGFFGCNHFVLANQWLEQRGETPIDWMPVLPA
