>seq0001 
TTLTPVICESAPAAAASYSHAMKVNNLIFLSGQIPVTPDNKLVEGSIADKAEQVIQNIKNVLEASNSSLDRVVKVNIFLADINHFAEFNSVYAKYFNT---HKPARSCVAVAALPLGVDMEMEAIAAER
>seq0002 
--TKAVHTKHAPAAIGPYSQGIIVNNMFYSSGQIPLTPSGEMVNGDIKEQTHQVFSNLKAVLEEAGASFETVVKATVFIADMEQFAEVNEVYGQYFDT---HKPARSCVEVARLPKDALVEIEVIALVK
>seq0003 
--SKTIATENAPAAIGPYVQGVDLGNMIITSGQIPVNPKTGEVPADVAAQARQSLDNVKAIVEAAGLKVGDIVKTTVFVKDLNDFATVNATYEAFFTEHNATFPARS-VEVARLPKDVKIEIEAIAVRR
